C:/Users/angel/STM32CubeIDE/STWINK2/fp-sns-datalog1-main/fp-sns-datalog1-main/Projects/STM32L4R9ZI-STWIN/Applications/HSDatalog/Src/hci_tl_interface.c:78:9:HCI_TL_SPI_Init	8	static
C:/Users/angel/STM32CubeIDE/STWINK2/fp-sns-datalog1-main/fp-sns-datalog1-main/Projects/STM32L4R9ZI-STWIN/Applications/HSDatalog/Src/hci_tl_interface.c:91:9:HCI_TL_SPI_DeInit	8	static
C:/Users/angel/STM32CubeIDE/STWINK2/fp-sns-datalog1-main/fp-sns-datalog1-main/Projects/STM32L4R9ZI-STWIN/Applications/HSDatalog/Src/hci_tl_interface.c:103:9:HCI_TL_SPI_Reset	8	static
C:/Users/angel/STM32CubeIDE/STWINK2/fp-sns-datalog1-main/fp-sns-datalog1-main/Projects/STM32L4R9ZI-STWIN/Applications/HSDatalog/Src/hci_tl_interface.c:109:9:HCI_TL_GetTick	0	static
C:/Users/angel/STM32CubeIDE/STWINK2/fp-sns-datalog1-main/fp-sns-datalog1-main/Projects/STM32L4R9ZI-STWIN/Applications/HSDatalog/Src/hci_tl_interface.c:120:9:HCI_TL_SPI_Receive	40	static
C:/Users/angel/STM32CubeIDE/STWINK2/fp-sns-datalog1-main/fp-sns-datalog1-main/Projects/STM32L4R9ZI-STWIN/Applications/HSDatalog/Src/hci_tl_interface.c:204:9:HCI_TL_SPI_Send	48	static
C:/Users/angel/STM32CubeIDE/STWINK2/fp-sns-datalog1-main/fp-sns-datalog1-main/Projects/STM32L4R9ZI-STWIN/Applications/HSDatalog/Src/hci_tl_interface.c:308:9:IsDataAvailable	8	static
C:/Users/angel/STM32CubeIDE/STWINK2/fp-sns-datalog1-main/fp-sns-datalog1-main/Projects/STM32L4R9ZI-STWIN/Applications/HSDatalog/Src/hci_tl_interface.c:321:6:hci_tl_lowlevel_init	40	static
C:/Users/angel/STM32CubeIDE/STWINK2/fp-sns-datalog1-main/fp-sns-datalog1-main/Projects/STM32L4R9ZI-STWIN/Applications/HSDatalog/Src/hci_tl_interface.c:349:6:hci_tl_lowlevel_isr	8	static
