C:/Users/angel/STM32CubeIDE/STWINK2/fp-sns-datalog1-main/fp-sns-datalog1-main/Projects/STM32L4R9ZI-STWIN/Applications/HSDatalog/Src/sd_diskio.c:178:9:SD_initialize	24	static
C:/Users/angel/STM32CubeIDE/STWINK2/fp-sns-datalog1-main/fp-sns-datalog1-main/Projects/STM32L4R9ZI-STWIN/Applications/HSDatalog/Src/sd_diskio.c:235:9:SD_status	8	static
C:/Users/angel/STM32CubeIDE/STWINK2/fp-sns-datalog1-main/fp-sns-datalog1-main/Projects/STM32L4R9ZI-STWIN/Applications/HSDatalog/Src/sd_diskio.c:583:9:SD_ioctl	56	static
C:/Users/angel/STM32CubeIDE/STWINK2/fp-sns-datalog1-main/fp-sns-datalog1-main/Projects/STM32L4R9ZI-STWIN/Applications/HSDatalog/Src/sd_diskio.c:252:9:SD_read	40	static
C:/Users/angel/STM32CubeIDE/STWINK2/fp-sns-datalog1-main/fp-sns-datalog1-main/Projects/STM32L4R9ZI-STWIN/Applications/HSDatalog/Src/sd_diskio.c:415:9:SD_write	40	static
C:/Users/angel/STM32CubeIDE/STWINK2/fp-sns-datalog1-main/fp-sns-datalog1-main/Projects/STM32L4R9ZI-STWIN/Applications/HSDatalog/Src/sd_diskio.c:641:6:BSP_SD_WriteCpltCallback	0	static
C:/Users/angel/STM32CubeIDE/STWINK2/fp-sns-datalog1-main/fp-sns-datalog1-main/Projects/STM32L4R9ZI-STWIN/Applications/HSDatalog/Src/sd_diskio.c:661:6:BSP_SD_ReadCpltCallback	0	static
