C:/Users/angel/STM32CubeIDE/STWINK2/fp-sns-datalog1-main/fp-sns-datalog1-main/Projects/STM32L4R9ZI-STWIN/Applications/HSDatalog/Src/stm32l4xx_it.c:56:6:NMI_Handler	0	static
C:/Users/angel/STM32CubeIDE/STWINK2/fp-sns-datalog1-main/fp-sns-datalog1-main/Projects/STM32L4R9ZI-STWIN/Applications/HSDatalog/Src/stm32l4xx_it.c:69:6:HardFault_Handler	0	static
C:/Users/angel/STM32CubeIDE/STWINK2/fp-sns-datalog1-main/fp-sns-datalog1-main/Projects/STM32L4R9ZI-STWIN/Applications/HSDatalog/Src/stm32l4xx_it.c:84:6:MemManage_Handler	0	static
C:/Users/angel/STM32CubeIDE/STWINK2/fp-sns-datalog1-main/fp-sns-datalog1-main/Projects/STM32L4R9ZI-STWIN/Applications/HSDatalog/Src/stm32l4xx_it.c:99:6:BusFault_Handler	0	static
C:/Users/angel/STM32CubeIDE/STWINK2/fp-sns-datalog1-main/fp-sns-datalog1-main/Projects/STM32L4R9ZI-STWIN/Applications/HSDatalog/Src/stm32l4xx_it.c:114:6:UsageFault_Handler	0	static
C:/Users/angel/STM32CubeIDE/STWINK2/fp-sns-datalog1-main/fp-sns-datalog1-main/Projects/STM32L4R9ZI-STWIN/Applications/HSDatalog/Src/stm32l4xx_it.c:129:6:DebugMon_Handler	0	static
C:/Users/angel/STM32CubeIDE/STWINK2/fp-sns-datalog1-main/fp-sns-datalog1-main/Projects/STM32L4R9ZI-STWIN/Applications/HSDatalog/Src/stm32l4xx_it.c:137:6:SysTick_Handler	8	static
C:/Users/angel/STM32CubeIDE/STWINK2/fp-sns-datalog1-main/fp-sns-datalog1-main/Projects/STM32L4R9ZI-STWIN/Applications/HSDatalog/Src/stm32l4xx_it.c:149:6:PVD_PVM_IRQHandler	0	static
C:/Users/angel/STM32CubeIDE/STWINK2/fp-sns-datalog1-main/fp-sns-datalog1-main/Projects/STM32L4R9ZI-STWIN/Applications/HSDatalog/Src/stm32l4xx_it.c:158:6:DMA1_Channel1_IRQHandler	0	static
C:/Users/angel/STM32CubeIDE/STWINK2/fp-sns-datalog1-main/fp-sns-datalog1-main/Projects/STM32L4R9ZI-STWIN/Applications/HSDatalog/Src/stm32l4xx_it.c:166:6:DMA1_Channel2_IRQHandler	0	static
C:/Users/angel/STM32CubeIDE/STWINK2/fp-sns-datalog1-main/fp-sns-datalog1-main/Projects/STM32L4R9ZI-STWIN/Applications/HSDatalog/Src/stm32l4xx_it.c:174:6:DMA1_Channel3_IRQHandler	0	static
C:/Users/angel/STM32CubeIDE/STWINK2/fp-sns-datalog1-main/fp-sns-datalog1-main/Projects/STM32L4R9ZI-STWIN/Applications/HSDatalog/Src/stm32l4xx_it.c:182:6:DMA1_Channel4_IRQHandler	0	static
C:/Users/angel/STM32CubeIDE/STWINK2/fp-sns-datalog1-main/fp-sns-datalog1-main/Projects/STM32L4R9ZI-STWIN/Applications/HSDatalog/Src/stm32l4xx_it.c:190:6:DMA1_Channel5_IRQHandler	0	static
C:/Users/angel/STM32CubeIDE/STWINK2/fp-sns-datalog1-main/fp-sns-datalog1-main/Projects/STM32L4R9ZI-STWIN/Applications/HSDatalog/Src/stm32l4xx_it.c:198:6:DMA1_Channel6_IRQHandler	0	static
C:/Users/angel/STM32CubeIDE/STWINK2/fp-sns-datalog1-main/fp-sns-datalog1-main/Projects/STM32L4R9ZI-STWIN/Applications/HSDatalog/Src/stm32l4xx_it.c:206:6:EXTI1_IRQHandler	0	static
C:/Users/angel/STM32CubeIDE/STWINK2/fp-sns-datalog1-main/fp-sns-datalog1-main/Projects/STM32L4R9ZI-STWIN/Applications/HSDatalog/Src/stm32l4xx_it.c:215:6:EXTI0_IRQHandler	0	static
C:/Users/angel/STM32CubeIDE/STWINK2/fp-sns-datalog1-main/fp-sns-datalog1-main/Projects/STM32L4R9ZI-STWIN/Applications/HSDatalog/Src/stm32l4xx_it.c:223:6:EXTI4_IRQHandler	0	static
C:/Users/angel/STM32CubeIDE/STWINK2/fp-sns-datalog1-main/fp-sns-datalog1-main/Projects/STM32L4R9ZI-STWIN/Applications/HSDatalog/Src/stm32l4xx_it.c:231:6:EXTI9_5_IRQHandler	8	static
C:/Users/angel/STM32CubeIDE/STWINK2/fp-sns-datalog1-main/fp-sns-datalog1-main/Projects/STM32L4R9ZI-STWIN/Applications/HSDatalog/Src/stm32l4xx_it.c:241:6:I2C2_EV_IRQHandler	0	static
C:/Users/angel/STM32CubeIDE/STWINK2/fp-sns-datalog1-main/fp-sns-datalog1-main/Projects/STM32L4R9ZI-STWIN/Applications/HSDatalog/Src/stm32l4xx_it.c:249:6:I2C2_ER_IRQHandler	0	static
C:/Users/angel/STM32CubeIDE/STWINK2/fp-sns-datalog1-main/fp-sns-datalog1-main/Projects/STM32L4R9ZI-STWIN/Applications/HSDatalog/Src/stm32l4xx_it.c:262:6:EXTI15_10_IRQHandler	8	static
C:/Users/angel/STM32CubeIDE/STWINK2/fp-sns-datalog1-main/fp-sns-datalog1-main/Projects/STM32L4R9ZI-STWIN/Applications/HSDatalog/Src/stm32l4xx_it.c:271:6:EXTI2_IRQHandler	0	static
C:/Users/angel/STM32CubeIDE/STWINK2/fp-sns-datalog1-main/fp-sns-datalog1-main/Projects/STM32L4R9ZI-STWIN/Applications/HSDatalog/Src/stm32l4xx_it.c:279:6:DMA2_Channel1_IRQHandler	0	static
C:/Users/angel/STM32CubeIDE/STWINK2/fp-sns-datalog1-main/fp-sns-datalog1-main/Projects/STM32L4R9ZI-STWIN/Applications/HSDatalog/Src/stm32l4xx_it.c:287:6:OTG_FS_IRQHandler	0	static
C:/Users/angel/STM32CubeIDE/STWINK2/fp-sns-datalog1-main/fp-sns-datalog1-main/Projects/STM32L4R9ZI-STWIN/Applications/HSDatalog/Src/stm32l4xx_it.c:292:6:SDMMC1_IRQHandler	0	static
C:/Users/angel/STM32CubeIDE/STWINK2/fp-sns-datalog1-main/fp-sns-datalog1-main/Projects/STM32L4R9ZI-STWIN/Applications/HSDatalog/Src/stm32l4xx_it.c:300:6:TIM5_IRQHandler	0	static
