C:/Users/angel/STM32CubeIDE/STWINK2/fp-sns-datalog1-main/fp-sns-datalog1-main/Middlewares/ST/STM32_USB_Device_Library/Class/SensorStreaming_WCID/Src/usbd_wcid_streaming.c:754:17:USBD_WCID_STREAMING_DataIn	0	static
C:/Users/angel/STM32CubeIDE/STWINK2/fp-sns-datalog1-main/fp-sns-datalog1-main/Middlewares/ST/STM32_USB_Device_Library/Class/SensorStreaming_WCID/Src/usbd_wcid_streaming.c:791:17:USBD_WCID_STREAMING_EP0_RxReady	24	static
C:/Users/angel/STM32CubeIDE/STWINK2/fp-sns-datalog1-main/fp-sns-datalog1-main/Middlewares/ST/STM32_USB_Device_Library/Class/SensorStreaming_WCID/Src/usbd_wcid_streaming.c:810:18:USBD_WCID_STREAMING_GetFSCfgDesc	0	static
C:/Users/angel/STM32CubeIDE/STWINK2/fp-sns-datalog1-main/fp-sns-datalog1-main/Middlewares/ST/STM32_USB_Device_Library/Class/SensorStreaming_WCID/Src/usbd_wcid_streaming.c:822:18:USBD_WCID_STREAMING_GetHSCfgDesc	0	static
C:/Users/angel/STM32CubeIDE/STWINK2/fp-sns-datalog1-main/fp-sns-datalog1-main/Middlewares/ST/STM32_USB_Device_Library/Class/SensorStreaming_WCID/Src/usbd_wcid_streaming.c:834:18:USBD_WCID_STREAMING_GetOtherSpeedCfgDesc	0	static
C:/Users/angel/STM32CubeIDE/STWINK2/fp-sns-datalog1-main/fp-sns-datalog1-main/Middlewares/ST/STM32_USB_Device_Library/Class/SensorStreaming_WCID/Src/usbd_wcid_streaming.c:846:11:USBD_WCID_STREAMING_GetDeviceQualifierDescriptor	0	static
C:/Users/angel/STM32CubeIDE/STWINK2/fp-sns-datalog1-main/fp-sns-datalog1-main/Middlewares/ST/STM32_USB_Device_Library/Class/SensorStreaming_WCID/Src/usbd_wcid_streaming.c:859:12:USBD_WCID_STREAMING_GetUsrStrDescriptor	0	static
C:/Users/angel/STM32CubeIDE/STWINK2/fp-sns-datalog1-main/fp-sns-datalog1-main/Middlewares/ST/STM32_USB_Device_Library/Class/SensorStreaming_WCID/Src/usbd_wcid_streaming.c:768:17:USBD_WCID_STREAMING_DataOut	16	static
C:/Users/angel/STM32CubeIDE/STWINK2/fp-sns-datalog1-main/fp-sns-datalog1-main/Middlewares/ST/STM32_USB_Device_Library/Class/SensorStreaming_WCID/Src/usbd_wcid_streaming.c:547:17:USBD_WCID_STREAMING_DeInit	8	static
C:/Users/angel/STM32CubeIDE/STWINK2/fp-sns-datalog1-main/fp-sns-datalog1-main/Middlewares/ST/STM32_USB_Device_Library/Class/SensorStreaming_WCID/Src/usbd_wcid_streaming.c:483:17:USBD_WCID_STREAMING_Init	16	static
C:/Users/angel/STM32CubeIDE/STWINK2/fp-sns-datalog1-main/fp-sns-datalog1-main/Middlewares/ST/STM32_USB_Device_Library/Class/SensorStreaming_WCID/Src/usbd_wcid_streaming.c:698:17:USBD_WCID_STREAMING_Setup	32	static
C:/Users/angel/STM32CubeIDE/STWINK2/fp-sns-datalog1-main/fp-sns-datalog1-main/Middlewares/ST/STM32_USB_Device_Library/Class/SensorStreaming_WCID/Src/usbd_wcid_streaming.c:589:17:USBD_WCID_STREAMING_SOF	40	static
C:/Users/angel/STM32CubeIDE/STWINK2/fp-sns-datalog1-main/fp-sns-datalog1-main/Middlewares/ST/STM32_USB_Device_Library/Class/SensorStreaming_WCID/Src/usbd_wcid_streaming.c:919:10:USBD_WCID_STREAMING_SetRxDataBuffer	0	static
C:/Users/angel/STM32CubeIDE/STWINK2/fp-sns-datalog1-main/fp-sns-datalog1-main/Middlewares/ST/STM32_USB_Device_Library/Class/SensorStreaming_WCID/Src/usbd_wcid_streaming.c:1059:10:USBD_WCID_STREAMING_RegisterInterface	0	static
C:/Users/angel/STM32CubeIDE/STWINK2/fp-sns-datalog1-main/fp-sns-datalog1-main/Middlewares/ST/STM32_USB_Device_Library/Class/SensorStreaming_WCID/Src/usbd_wcid_streaming.c:1079:9:USBD_WCID_STREAMING_FillTxDataBuffer	28	static,ignoring_inline_asm
C:/Users/angel/STM32CubeIDE/STWINK2/fp-sns-datalog1-main/fp-sns-datalog1-main/Middlewares/ST/STM32_USB_Device_Library/Class/SensorStreaming_WCID/Src/usbd_wcid_streaming.c:1158:9:USBD_WCID_STREAMING_CleanTxDataBuffer	0	static
C:/Users/angel/STM32CubeIDE/STWINK2/fp-sns-datalog1-main/fp-sns-datalog1-main/Middlewares/ST/STM32_USB_Device_Library/Class/SensorStreaming_WCID/Src/usbd_wcid_streaming.c:1176:9:USBD_WCID_STREAMING_SetTxDataBuffer	8	static
C:/Users/angel/STM32CubeIDE/STWINK2/fp-sns-datalog1-main/fp-sns-datalog1-main/Middlewares/ST/STM32_USB_Device_Library/Class/SensorStreaming_WCID/Src/usbd_wcid_streaming.c:1204:9:USBD_WCID_STREAMING_StartStreaming	0	static
C:/Users/angel/STM32CubeIDE/STWINK2/fp-sns-datalog1-main/fp-sns-datalog1-main/Middlewares/ST/STM32_USB_Device_Library/Class/SensorStreaming_WCID/Src/usbd_wcid_streaming.c:1223:9:USBD_WCID_STREAMING_StopStreaming	0	static
