C:/Users/angel/STM32CubeIDE/STWINK2/x-cube-memsmic1-main (1)/x-cube-memsmic1-main/Drivers/BSP/STWIN/STWIN.c:135:9:BSP_ADC1_Initialization	16	static
C:/Users/angel/STM32CubeIDE/STWINK2/x-cube-memsmic1-main (1)/x-cube-memsmic1-main/Drivers/BSP/STWIN/STWIN.c:192:6:HAL_ADC_MspInit	24	static
C:/Users/angel/STM32CubeIDE/STWINK2/x-cube-memsmic1-main (1)/x-cube-memsmic1-main/Drivers/BSP/STWIN/STWIN.c:207:6:HAL_ADC_DeMspInit	16	static
C:/Users/angel/STM32CubeIDE/STWINK2/x-cube-memsmic1-main (1)/x-cube-memsmic1-main/Drivers/BSP/STWIN/STWIN.c:220:9:BSP_ADC1_DeInitialization	16	static
C:/Users/angel/STM32CubeIDE/STWINK2/x-cube-memsmic1-main (1)/x-cube-memsmic1-main/Drivers/BSP/STWIN/STWIN.c:242:6:BSP_PB_PWR_Init	32	static
C:/Users/angel/STM32CubeIDE/STWINK2/x-cube-memsmic1-main (1)/x-cube-memsmic1-main/Drivers/BSP/STWIN/STWIN.c:267:6:BSP_Enable_DCDC2	32	static
C:/Users/angel/STM32CubeIDE/STWINK2/x-cube-memsmic1-main (1)/x-cube-memsmic1-main/Drivers/BSP/STWIN/STWIN.c:289:6:BSP_Disable_DCDC2	8	static
C:/Users/angel/STM32CubeIDE/STWINK2/x-cube-memsmic1-main (1)/x-cube-memsmic1-main/Drivers/BSP/STWIN/STWIN.c:306:9:BSP_PB_Init	40	static
C:/Users/angel/STM32CubeIDE/STWINK2/x-cube-memsmic1-main (1)/x-cube-memsmic1-main/Drivers/BSP/STWIN/STWIN.c:345:9:BSP_PB_DeInit	40	static
C:/Users/angel/STM32CubeIDE/STWINK2/x-cube-memsmic1-main (1)/x-cube-memsmic1-main/Drivers/BSP/STWIN/STWIN.c:362:9:BSP_PB_GetState	16	static
C:/Users/angel/STM32CubeIDE/STWINK2/x-cube-memsmic1-main (1)/x-cube-memsmic1-main/Drivers/BSP/STWIN/STWIN.c:372:9:BSP_GetVersion	4	static
C:/Users/angel/STM32CubeIDE/STWINK2/x-cube-memsmic1-main (1)/x-cube-memsmic1-main/Drivers/BSP/STWIN/STWIN.c:385:9:BSP_LED_Init	48	static
C:/Users/angel/STM32CubeIDE/STWINK2/x-cube-memsmic1-main (1)/x-cube-memsmic1-main/Drivers/BSP/STWIN/STWIN.c:415:9:BSP_LED_DeInit	16	static
C:/Users/angel/STM32CubeIDE/STWINK2/x-cube-memsmic1-main (1)/x-cube-memsmic1-main/Drivers/BSP/STWIN/STWIN.c:429:9:BSP_LED_On	16	static
C:/Users/angel/STM32CubeIDE/STWINK2/x-cube-memsmic1-main (1)/x-cube-memsmic1-main/Drivers/BSP/STWIN/STWIN.c:443:9:BSP_LED_Off	16	static
C:/Users/angel/STM32CubeIDE/STWINK2/x-cube-memsmic1-main (1)/x-cube-memsmic1-main/Drivers/BSP/STWIN/STWIN.c:459:9:BSP_LED_Toggle	16	static
C:/Users/angel/STM32CubeIDE/STWINK2/x-cube-memsmic1-main (1)/x-cube-memsmic1-main/Drivers/BSP/STWIN/STWIN.c:474:9:BSP_COM_Init	16	static
C:/Users/angel/STM32CubeIDE/STWINK2/x-cube-memsmic1-main (1)/x-cube-memsmic1-main/Drivers/BSP/STWIN/STWIN.c:500:9:BSP_COM_DeInit	16	static
C:/Users/angel/STM32CubeIDE/STWINK2/x-cube-memsmic1-main (1)/x-cube-memsmic1-main/Drivers/BSP/STWIN/STWIN.c:528:26:MX_USART2_UART_Init	24	static
C:/Users/angel/STM32CubeIDE/STWINK2/x-cube-memsmic1-main (1)/x-cube-memsmic1-main/Drivers/BSP/STWIN/STWIN.c:572:13:USART2_MspInit	40	static
C:/Users/angel/STM32CubeIDE/STWINK2/x-cube-memsmic1-main (1)/x-cube-memsmic1-main/Drivers/BSP/STWIN/STWIN.c:593:13:USART2_MspDeInit	16	static
C:/Users/angel/STM32CubeIDE/STWINK2/x-cube-memsmic1-main (1)/x-cube-memsmic1-main/Drivers/BSP/STWIN/STWIN.c:674:9:Sensor_IO_SPI_CS_Init_All	40	static
