C:/Users/angel/STM32CubeIDE/STWINK2/x-cube-memsmic1-main (1)/x-cube-memsmic1-main/Projects/STM32L4R9ZI-STWIN/Demonstration/Microphones_Streaming/Src/audio_application.c:101:6:BSP_AUDIO_IN_HalfTransfer_CallBack	16	static
C:/Users/angel/STM32CubeIDE/STWINK2/x-cube-memsmic1-main (1)/x-cube-memsmic1-main/Projects/STM32L4R9ZI-STWIN/Demonstration/Microphones_Streaming/Src/audio_application.c:113:6:BSP_AUDIO_IN_TransferComplete_CallBack	16	static
C:/Users/angel/STM32CubeIDE/STWINK2/x-cube-memsmic1-main (1)/x-cube-memsmic1-main/Projects/STM32L4R9ZI-STWIN/Demonstration/Microphones_Streaming/Src/audio_application.c:129:6:AudioProcess	8	static
C:/Users/angel/STM32CubeIDE/STWINK2/x-cube-memsmic1-main (1)/x-cube-memsmic1-main/Projects/STM32L4R9ZI-STWIN/Demonstration/Microphones_Streaming/Src/audio_application.c:135:6:Perform_FFT	72	static
C:/Users/angel/STM32CubeIDE/STWINK2/x-cube-memsmic1-main (1)/x-cube-memsmic1-main/Projects/STM32L4R9ZI-STWIN/Demonstration/Microphones_Streaming/Src/audio_application.c:214:6:Init_Acquisition_Peripherals	24	static
C:/Users/angel/STM32CubeIDE/STWINK2/x-cube-memsmic1-main (1)/x-cube-memsmic1-main/Projects/STM32L4R9ZI-STWIN/Demonstration/Microphones_Streaming/Src/audio_application.c:236:6:Start_Acquisition	24	static
C:/Users/angel/STM32CubeIDE/STWINK2/x-cube-memsmic1-main (1)/x-cube-memsmic1-main/Projects/STM32L4R9ZI-STWIN/Demonstration/Microphones_Streaming/Src/audio_application.c:265:6:Error_Handler	4	static
