C:/Users/angel/STM32CubeIDE/STWINK2/fp-sns-datalog1-main/fp-sns-datalog1-main/Projects/STM32L4R9ZI-STWIN/Applications/HSDatalog/HSDCore/Src/imp23absu_app.c:324:6:IMP23ABSU_ADC_MspInit	40	static
C:/Users/angel/STM32CubeIDE/STWINK2/fp-sns-datalog1-main/fp-sns-datalog1-main/Projects/STM32L4R9ZI-STWIN/Applications/HSDatalog/HSDCore/Src/imp23absu_app.c:387:6:DFSDM_Filter_1_Complete_Callback	8	static
C:/Users/angel/STM32CubeIDE/STWINK2/fp-sns-datalog1-main/fp-sns-datalog1-main/Projects/STM32L4R9ZI-STWIN/Applications/HSDatalog/HSDCore/Src/imp23absu_app.c:403:6:DFSDM_Filter_1_HalfComplete_Callback	8	static
C:/Users/angel/STM32CubeIDE/STWINK2/fp-sns-datalog1-main/fp-sns-datalog1-main/Projects/STM32L4R9ZI-STWIN/Applications/HSDatalog/HSDCore/Src/imp23absu_app.c:86:6:IMP23ABSU_OS_Init	40	static
C:/Users/angel/STM32CubeIDE/STWINK2/fp-sns-datalog1-main/fp-sns-datalog1-main/Projects/STM32L4R9ZI-STWIN/Applications/HSDatalog/HSDCore/Src/imp23absu_app.c:345:6:IMP23ABSU_DFSDM_FilterMspInit	32	static
C:/Users/angel/STM32CubeIDE/STWINK2/fp-sns-datalog1-main/fp-sns-datalog1-main/Projects/STM32L4R9ZI-STWIN/Applications/HSDatalog/HSDCore/Src/imp23absu_app.c:199:13:IMP23ABSU_DFSDM_Init	16	static
C:/Users/angel/STM32CubeIDE/STWINK2/fp-sns-datalog1-main/fp-sns-datalog1-main/Projects/STM32L4R9ZI-STWIN/Applications/HSDatalog/HSDCore/Src/imp23absu_app.c:79:6:IMP23ABSU_Peripheral_Init	32	static
C:/Users/angel/STM32CubeIDE/STWINK2/fp-sns-datalog1-main/fp-sns-datalog1-main/Projects/STM32L4R9ZI-STWIN/Applications/HSDatalog/HSDCore/Src/imp23absu_app.c:414:6:IMP23ABSU_updateConfig	16	static
C:/Users/angel/STM32CubeIDE/STWINK2/fp-sns-datalog1-main/fp-sns-datalog1-main/Projects/STM32L4R9ZI-STWIN/Applications/HSDatalog/HSDCore/Src/imp23absu_app.c:430:6:IMP23ABSU_StartAcquisition	0	static
C:/Users/angel/STM32CubeIDE/STWINK2/fp-sns-datalog1-main/fp-sns-datalog1-main/Projects/STM32L4R9ZI-STWIN/Applications/HSDatalog/HSDCore/Src/imp23absu_app.c:436:6:IMP23ABSU_StopAcquisition	0	static
C:/Users/angel/STM32CubeIDE/STWINK2/fp-sns-datalog1-main/fp-sns-datalog1-main/Projects/STM32L4R9ZI-STWIN/Applications/HSDatalog/HSDCore/Src/imp23absu_app.c:441:6:IMP23ABSU_PauseAcquisition	0	static
C:/Users/angel/STM32CubeIDE/STWINK2/fp-sns-datalog1-main/fp-sns-datalog1-main/Projects/STM32L4R9ZI-STWIN/Applications/HSDatalog/HSDCore/Src/imp23absu_app.c:446:6:IMP23ABSU_ResumeAcquisition	0	static
C:/Users/angel/STM32CubeIDE/STWINK2/fp-sns-datalog1-main/fp-sns-datalog1-main/Projects/STM32L4R9ZI-STWIN/Applications/HSDatalog/HSDCore/Src/imp23absu_app.c:452:6:IMP23ABSU_Set_State	0	static
C:/Users/angel/STM32CubeIDE/STWINK2/fp-sns-datalog1-main/fp-sns-datalog1-main/Projects/STM32L4R9ZI-STWIN/Applications/HSDatalog/HSDCore/Src/imp23absu_app.c:457:6:IMP23ABSU_Start	0	static
C:/Users/angel/STM32CubeIDE/STWINK2/fp-sns-datalog1-main/fp-sns-datalog1-main/Projects/STM32L4R9ZI-STWIN/Applications/HSDatalog/HSDCore/Src/imp23absu_app.c:463:6:IMP23ABSU_Stop	0	static
C:/Users/angel/STM32CubeIDE/STWINK2/fp-sns-datalog1-main/fp-sns-datalog1-main/Projects/STM32L4R9ZI-STWIN/Applications/HSDatalog/HSDCore/Src/imp23absu_app.c:468:13:IMP23ABSU_Data_Ready	0	static
C:/Users/angel/STM32CubeIDE/STWINK2/fp-sns-datalog1-main/fp-sns-datalog1-main/Projects/STM32L4R9ZI-STWIN/Applications/HSDatalog/HSDCore/Src/imp23absu_app.c:97:13:IMP23ABSU_Thread	64	static
C:/Users/angel/STM32CubeIDE/STWINK2/fp-sns-datalog1-main/fp-sns-datalog1-main/Projects/STM32L4R9ZI-STWIN/Applications/HSDatalog/HSDCore/Src/imp23absu_app.c:478:9:IMP23ABSU_Get_Id	0	static
C:/Users/angel/STM32CubeIDE/STWINK2/fp-sns-datalog1-main/fp-sns-datalog1-main/Projects/STM32L4R9ZI-STWIN/Applications/HSDatalog/HSDCore/Src/imp23absu_app.c:488:9:IMP23ABSU_Create_Sensor	16	static
