C:/Users/angel/STM32CubeIDE/STWINK2/fp-sns-datalog1-main/fp-sns-datalog1-main/Drivers/BSP/STWIN/STWIN_bc.c:123:6:BSP_BC_Chrg_Init	24	static
C:/Users/angel/STM32CubeIDE/STWINK2/fp-sns-datalog1-main/fp-sns-datalog1-main/Drivers/BSP/STWIN/STWIN_bc.c:135:9:BSP_BC_CmdSend	16	static
C:/Users/angel/STM32CubeIDE/STWINK2/fp-sns-datalog1-main/fp-sns-datalog1-main/Drivers/BSP/STWIN/STWIN_bc.c:164:6:BSP_BC_ChgPinHasToggled	8	static
C:/Users/angel/STM32CubeIDE/STWINK2/fp-sns-datalog1-main/fp-sns-datalog1-main/Drivers/BSP/STWIN/STWIN_bc.c:176:9:BSP_BC_IsChgPinToggling	8	static
C:/Users/angel/STM32CubeIDE/STWINK2/fp-sns-datalog1-main/fp-sns-datalog1-main/Drivers/BSP/STWIN/STWIN_bc.c:203:9:BSP_BC_BatMS_Init	88	static
C:/Users/angel/STM32CubeIDE/STWINK2/fp-sns-datalog1-main/fp-sns-datalog1-main/Drivers/BSP/STWIN/STWIN_bc.c:219:9:BSP_BC_BatMS_DeInit	8	static
C:/Users/angel/STM32CubeIDE/STWINK2/fp-sns-datalog1-main/fp-sns-datalog1-main/Drivers/BSP/STWIN/STWIN_bc.c:242:6:BSP_BC_GetState	16	static
C:/Users/angel/STM32CubeIDE/STWINK2/fp-sns-datalog1-main/fp-sns-datalog1-main/Drivers/BSP/STWIN/STWIN_bc.c:261:9:BSP_BC_GetVoltage	8	static
C:/Users/angel/STM32CubeIDE/STWINK2/fp-sns-datalog1-main/fp-sns-datalog1-main/Drivers/BSP/STWIN/STWIN_bc.c:298:9:BSP_BC_GetVoltageAndLevel	16	static
C:/Users/angel/STM32CubeIDE/STWINK2/fp-sns-datalog1-main/fp-sns-datalog1-main/Drivers/BSP/STWIN/STWIN_bc.c:344:6:BC_IO_Init	40	static
C:/Users/angel/STM32CubeIDE/STWINK2/fp-sns-datalog1-main/fp-sns-datalog1-main/Drivers/BSP/STWIN/STWIN_bc.c:354:6:BC_IO_SW_SEL_Init	40	static
C:/Users/angel/STM32CubeIDE/STWINK2/fp-sns-datalog1-main/fp-sns-datalog1-main/Drivers/BSP/STWIN/STWIN_bc.c:374:6:BC_IO_CHG_Init	40	static
C:/Users/angel/STM32CubeIDE/STWINK2/fp-sns-datalog1-main/fp-sns-datalog1-main/Drivers/BSP/STWIN/STWIN_bc.c:392:6:BC_IO_CHG_DeInit	0	static
C:/Users/angel/STM32CubeIDE/STWINK2/fp-sns-datalog1-main/fp-sns-datalog1-main/Drivers/BSP/STWIN/STWIN_bc.c:403:6:BC_CmdMng	8	static,ignoring_inline_asm
C:/Users/angel/STM32CubeIDE/STWINK2/fp-sns-datalog1-main/fp-sns-datalog1-main/Drivers/BSP/STWIN/STWIN_bc.c:482:6:BC_ChgPinFreqGet	8	static
C:/Users/angel/STM32CubeIDE/STWINK2/fp-sns-datalog1-main/fp-sns-datalog1-main/Drivers/BSP/STWIN/STWIN_bc.c:519:6:BC_ChgPinFreq2ChgSts	0	static
C:/Users/angel/STM32CubeIDE/STWINK2/fp-sns-datalog1-main/fp-sns-datalog1-main/Drivers/BSP/STWIN/STWIN_bc.c:549:6:BC_Chg_TIMx_Init	24	static
C:/Users/angel/STM32CubeIDE/STWINK2/fp-sns-datalog1-main/fp-sns-datalog1-main/Drivers/BSP/STWIN/STWIN_bc.c:592:6:BC_TIMx_Init	32	static
C:/Users/angel/STM32CubeIDE/STWINK2/fp-sns-datalog1-main/fp-sns-datalog1-main/Drivers/BSP/STWIN/STWIN_bc.c:333:6:BC_InitCommon	0	static
C:/Users/angel/STM32CubeIDE/STWINK2/fp-sns-datalog1-main/fp-sns-datalog1-main/Drivers/BSP/STWIN/STWIN_bc.c:115:6:BSP_BC_Init	40	static
C:/Users/angel/STM32CubeIDE/STWINK2/fp-sns-datalog1-main/fp-sns-datalog1-main/Drivers/BSP/STWIN/STWIN_bc.c:640:6:HAL_TIM_IC_MspInit	40	static
C:/Users/angel/STM32CubeIDE/STWINK2/fp-sns-datalog1-main/fp-sns-datalog1-main/Drivers/BSP/STWIN/STWIN_bc.c:673:6:HAL_TIM_BC_MspInit	16	static
C:/Users/angel/STM32CubeIDE/STWINK2/fp-sns-datalog1-main/fp-sns-datalog1-main/Drivers/BSP/STWIN/STWIN_bc.c:692:6:HAL_TIM_BC_MspDeInit	0	static
C:/Users/angel/STM32CubeIDE/STWINK2/fp-sns-datalog1-main/fp-sns-datalog1-main/Drivers/BSP/STWIN/STWIN_bc.c:711:6:HAL_ADC_BC_MspInit	40	static
C:/Users/angel/STM32CubeIDE/STWINK2/fp-sns-datalog1-main/fp-sns-datalog1-main/Drivers/BSP/STWIN/STWIN_bc.c:731:6:HAL_ADC_BC_MspDeInit	0	static
C:/Users/angel/STM32CubeIDE/STWINK2/fp-sns-datalog1-main/fp-sns-datalog1-main/Drivers/BSP/STWIN/STWIN_bc.c:800:6:HAL_TIM_PeriodElapsedCallback	8	static,ignoring_inline_asm
C:/Users/angel/STM32CubeIDE/STWINK2/fp-sns-datalog1-main/fp-sns-datalog1-main/Drivers/BSP/STWIN/STWIN_bc.c:813:6:HAL_TIM_IC_CaptureCallback	8	static
C:/Users/angel/STM32CubeIDE/STWINK2/fp-sns-datalog1-main/fp-sns-datalog1-main/Drivers/BSP/STWIN/STWIN_bc.c:850:6:TIM7_IRQHandler	0	static
C:/Users/angel/STM32CubeIDE/STWINK2/fp-sns-datalog1-main/fp-sns-datalog1-main/Drivers/BSP/STWIN/STWIN_bc.c:859:6:STBC02_CHG_EXTI_IRQHandler	0	static
C:/Users/angel/STM32CubeIDE/STWINK2/fp-sns-datalog1-main/fp-sns-datalog1-main/Drivers/BSP/STWIN/STWIN_bc.c:869:6:TIM3_IRQHandler	0	static
