C:/Users/angel/STM32CubeIDE/STWINK2/fp-sns-datalog1-main/fp-sns-datalog1-main/Drivers/BSP/STWIN/STWIN.c:135:9:BSP_ADC1_Initialization	16	static
C:/Users/angel/STM32CubeIDE/STWINK2/fp-sns-datalog1-main/fp-sns-datalog1-main/Drivers/BSP/STWIN/STWIN.c:192:6:HAL_ADC_MspInit	8	static
C:/Users/angel/STM32CubeIDE/STWINK2/fp-sns-datalog1-main/fp-sns-datalog1-main/Drivers/BSP/STWIN/STWIN.c:207:6:HAL_ADC_DeMspInit	0	static
C:/Users/angel/STM32CubeIDE/STWINK2/fp-sns-datalog1-main/fp-sns-datalog1-main/Drivers/BSP/STWIN/STWIN.c:220:9:BSP_ADC1_DeInitialization	8	static
C:/Users/angel/STM32CubeIDE/STWINK2/fp-sns-datalog1-main/fp-sns-datalog1-main/Drivers/BSP/STWIN/STWIN.c:242:6:BSP_PB_PWR_Init	40	static
C:/Users/angel/STM32CubeIDE/STWINK2/fp-sns-datalog1-main/fp-sns-datalog1-main/Drivers/BSP/STWIN/STWIN.c:267:6:BSP_Enable_DCDC2	40	static
C:/Users/angel/STM32CubeIDE/STWINK2/fp-sns-datalog1-main/fp-sns-datalog1-main/Drivers/BSP/STWIN/STWIN.c:289:6:BSP_Disable_DCDC2	0	static
C:/Users/angel/STM32CubeIDE/STWINK2/fp-sns-datalog1-main/fp-sns-datalog1-main/Drivers/BSP/STWIN/STWIN.c:306:9:BSP_PB_Init	40	static
C:/Users/angel/STM32CubeIDE/STWINK2/fp-sns-datalog1-main/fp-sns-datalog1-main/Drivers/BSP/STWIN/STWIN.c:345:9:BSP_PB_DeInit	8	static
C:/Users/angel/STM32CubeIDE/STWINK2/fp-sns-datalog1-main/fp-sns-datalog1-main/Drivers/BSP/STWIN/STWIN.c:362:9:BSP_PB_GetState	8	static
C:/Users/angel/STM32CubeIDE/STWINK2/fp-sns-datalog1-main/fp-sns-datalog1-main/Drivers/BSP/STWIN/STWIN.c:372:9:BSP_GetVersion	0	static
C:/Users/angel/STM32CubeIDE/STWINK2/fp-sns-datalog1-main/fp-sns-datalog1-main/Drivers/BSP/STWIN/STWIN.c:385:9:BSP_LED_Init	40	static
C:/Users/angel/STM32CubeIDE/STWINK2/fp-sns-datalog1-main/fp-sns-datalog1-main/Drivers/BSP/STWIN/STWIN.c:415:9:BSP_LED_DeInit	0	static
C:/Users/angel/STM32CubeIDE/STWINK2/fp-sns-datalog1-main/fp-sns-datalog1-main/Drivers/BSP/STWIN/STWIN.c:429:9:BSP_LED_On	8	static
C:/Users/angel/STM32CubeIDE/STWINK2/fp-sns-datalog1-main/fp-sns-datalog1-main/Drivers/BSP/STWIN/STWIN.c:443:9:BSP_LED_Off	8	static
C:/Users/angel/STM32CubeIDE/STWINK2/fp-sns-datalog1-main/fp-sns-datalog1-main/Drivers/BSP/STWIN/STWIN.c:459:9:BSP_LED_Toggle	8	static
C:/Users/angel/STM32CubeIDE/STWINK2/fp-sns-datalog1-main/fp-sns-datalog1-main/Drivers/BSP/STWIN/STWIN.c:500:9:BSP_COM_DeInit	16	static
C:/Users/angel/STM32CubeIDE/STWINK2/fp-sns-datalog1-main/fp-sns-datalog1-main/Drivers/BSP/STWIN/STWIN.c:528:26:MX_USART2_UART_Init	16	static
C:/Users/angel/STM32CubeIDE/STWINK2/fp-sns-datalog1-main/fp-sns-datalog1-main/Drivers/BSP/STWIN/STWIN.c:474:9:BSP_COM_Init	40	static
C:/Users/angel/STM32CubeIDE/STWINK2/fp-sns-datalog1-main/fp-sns-datalog1-main/Drivers/BSP/STWIN/STWIN.c:674:9:Sensor_IO_SPI_CS_Init_All	64	static
