C:/Users/angel/STM32CubeIDE/STWINK2/fp-sns-datalog1-main/fp-sns-datalog1-main/Drivers/BSP/STWIN/STWIN_debug_pins.c:80:6:BSP_DEBUG_PIN_Init_All	128	static
C:/Users/angel/STM32CubeIDE/STWINK2/fp-sns-datalog1-main/fp-sns-datalog1-main/Drivers/BSP/STWIN/STWIN_debug_pins.c:110:6:BSP_DEBUG_PIN_Init	88	static
C:/Users/angel/STM32CubeIDE/STWINK2/fp-sns-datalog1-main/fp-sns-datalog1-main/Drivers/BSP/STWIN/STWIN_debug_pins.c:128:7:BSP_DEBUG_PIN_DeInit	8	static
C:/Users/angel/STM32CubeIDE/STWINK2/fp-sns-datalog1-main/fp-sns-datalog1-main/Drivers/BSP/STWIN/STWIN_debug_pins.c:134:6:BSP_DEBUG_PIN_On	0	static
C:/Users/angel/STM32CubeIDE/STWINK2/fp-sns-datalog1-main/fp-sns-datalog1-main/Drivers/BSP/STWIN/STWIN_debug_pins.c:139:6:BSP_DEBUG_PIN_Off	0	static
C:/Users/angel/STM32CubeIDE/STWINK2/fp-sns-datalog1-main/fp-sns-datalog1-main/Drivers/BSP/STWIN/STWIN_debug_pins.c:144:6:BSP_DEBUG_PIN_Toggle	0	static
