C:/Users/angel/STM32CubeIDE/STWINK2/x-cube-memsmic1-main (1)/x-cube-memsmic1-main/Middlewares/ST/STM32_USB_Device_Library/Class/AUDIO/Src/usbd_audio_in.c:169:17:USBD_AUDIO_Init	24	static
C:/Users/angel/STM32CubeIDE/STWINK2/x-cube-memsmic1-main (1)/x-cube-memsmic1-main/Middlewares/ST/STM32_USB_Device_Library/Class/AUDIO/Src/usbd_audio_in.c:211:17:USBD_AUDIO_DeInit	16	static
C:/Users/angel/STM32CubeIDE/STWINK2/x-cube-memsmic1-main (1)/x-cube-memsmic1-main/Middlewares/ST/STM32_USB_Device_Library/Class/AUDIO/Src/usbd_audio_in.c:232:17:USBD_AUDIO_Setup	32	static
C:/Users/angel/STM32CubeIDE/STWINK2/x-cube-memsmic1-main (1)/x-cube-memsmic1-main/Middlewares/ST/STM32_USB_Device_Library/Class/AUDIO/Src/usbd_audio_in.c:318:18:USBD_AUDIO_GetCfgDesc	16	static
C:/Users/angel/STM32CubeIDE/STWINK2/x-cube-memsmic1-main (1)/x-cube-memsmic1-main/Middlewares/ST/STM32_USB_Device_Library/Class/AUDIO/Src/usbd_audio_in.c:331:16:USBD_AUDIO_DataIn	40	static
C:/Users/angel/STM32CubeIDE/STWINK2/x-cube-memsmic1-main (1)/x-cube-memsmic1-main/Middlewares/ST/STM32_USB_Device_Library/Class/AUDIO/Src/usbd_audio_in.c:395:17:USBD_AUDIO_EP0_RxReady	24	static
C:/Users/angel/STM32CubeIDE/STWINK2/x-cube-memsmic1-main (1)/x-cube-memsmic1-main/Middlewares/ST/STM32_USB_Device_Library/Class/AUDIO/Src/usbd_audio_in.c:420:17:USBD_AUDIO_EP0_TxReady	16	static
C:/Users/angel/STM32CubeIDE/STWINK2/x-cube-memsmic1-main (1)/x-cube-memsmic1-main/Middlewares/ST/STM32_USB_Device_Library/Class/AUDIO/Src/usbd_audio_in.c:431:17:USBD_AUDIO_SOF	16	static
C:/Users/angel/STM32CubeIDE/STWINK2/x-cube-memsmic1-main (1)/x-cube-memsmic1-main/Middlewares/ST/STM32_USB_Device_Library/Class/AUDIO/Src/usbd_audio_in.c:444:17:USBD_AUDIO_IsoINIncomplete	16	static
C:/Users/angel/STM32CubeIDE/STWINK2/x-cube-memsmic1-main (1)/x-cube-memsmic1-main/Middlewares/ST/STM32_USB_Device_Library/Class/AUDIO/Src/usbd_audio_in.c:455:17:USBD_AUDIO_IsoOutIncomplete	16	static
C:/Users/angel/STM32CubeIDE/STWINK2/x-cube-memsmic1-main (1)/x-cube-memsmic1-main/Middlewares/ST/STM32_USB_Device_Library/Class/AUDIO/Src/usbd_audio_in.c:466:17:USBD_AUDIO_DataOut	16	static
C:/Users/angel/STM32CubeIDE/STWINK2/x-cube-memsmic1-main (1)/x-cube-memsmic1-main/Middlewares/ST/STM32_USB_Device_Library/Class/AUDIO/Src/usbd_audio_in.c:478:18:USBD_AUDIO_GetDeviceQualifierDesc	16	static
C:/Users/angel/STM32CubeIDE/STWINK2/x-cube-memsmic1-main (1)/x-cube-memsmic1-main/Middlewares/ST/STM32_USB_Device_Library/Class/AUDIO/Src/usbd_audio_in.c:491:13:AUDIO_REQ_GetMaximum	24	static
C:/Users/angel/STM32CubeIDE/STWINK2/x-cube-memsmic1-main (1)/x-cube-memsmic1-main/Middlewares/ST/STM32_USB_Device_Library/Class/AUDIO/Src/usbd_audio_in.c:511:13:AUDIO_REQ_GetMinimum	24	static
C:/Users/angel/STM32CubeIDE/STWINK2/x-cube-memsmic1-main (1)/x-cube-memsmic1-main/Middlewares/ST/STM32_USB_Device_Library/Class/AUDIO/Src/usbd_audio_in.c:530:13:AUDIO_REQ_GetResolution	24	static
C:/Users/angel/STM32CubeIDE/STWINK2/x-cube-memsmic1-main (1)/x-cube-memsmic1-main/Middlewares/ST/STM32_USB_Device_Library/Class/AUDIO/Src/usbd_audio_in.c:548:13:AUDIO_REQ_GetCurrent	24	static
C:/Users/angel/STM32CubeIDE/STWINK2/x-cube-memsmic1-main (1)/x-cube-memsmic1-main/Middlewares/ST/STM32_USB_Device_Library/Class/AUDIO/Src/usbd_audio_in.c:568:13:AUDIO_REQ_SetCurrent	24	static
C:/Users/angel/STM32CubeIDE/STWINK2/x-cube-memsmic1-main (1)/x-cube-memsmic1-main/Middlewares/ST/STM32_USB_Device_Library/Class/AUDIO/Src/usbd_audio_in.c:606:10:USBD_AUDIO_Data_Transfer	40	static
C:/Users/angel/STM32CubeIDE/STWINK2/x-cube-memsmic1-main (1)/x-cube-memsmic1-main/Middlewares/ST/STM32_USB_Device_Library/Class/AUDIO/Src/usbd_audio_in.c:667:10:USBD_AUDIO_RegisterInterface	16	static
C:/Users/angel/STM32CubeIDE/STWINK2/x-cube-memsmic1-main (1)/x-cube-memsmic1-main/Middlewares/ST/STM32_USB_Device_Library/Class/AUDIO/Src/usbd_audio_in.c:684:6:USBD_AUDIO_Init_Microphone_Descriptor	32	static
