08:26:05 **** Clean-only build of configuration Debug for project OnBoardMics ****
make -j16 clean 
rm -rf ./Middlewares/STM32_USBD_Library/Core/usbd_core.cyclo ./Middlewares/STM32_USBD_Library/Core/usbd_core.d ./Middlewares/STM32_USBD_Library/Core/usbd_core.o ./Middlewares/STM32_USBD_Library/Core/usbd_core.su ./Middlewares/STM32_USBD_Library/Core/usbd_ctlreq.cyclo ./Middlewares/STM32_USBD_Library/Core/usbd_ctlreq.d ./Middlewares/STM32_USBD_Library/Core/usbd_ctlreq.o ./Middlewares/STM32_USBD_Library/Core/usbd_ctlreq.su ./Middlewares/STM32_USBD_Library/Core/usbd_ioreq.cyclo ./Middlewares/STM32_USBD_Library/Core/usbd_ioreq.d ./Middlewares/STM32_USBD_Library/Core/usbd_ioreq.o ./Middlewares/STM32_USBD_Library/Core/usbd_ioreq.su
rm -rf ./Middlewares/STM32_USBD_Library/Class/AUDIO_IN/usbd_audio_in.cyclo ./Middlewares/STM32_USBD_Library/Class/AUDIO_IN/usbd_audio_in.d ./Middlewares/STM32_USBD_Library/Class/AUDIO_IN/usbd_audio_in.o ./Middlewares/STM32_USBD_Library/Class/AUDIO_IN/usbd_audio_in.su
rm -rf ./Drivers/STM32L4xx_HAL_Driver/stm32l4xx_hal.cyclo ./Drivers/STM32L4xx_HAL_Driver/stm32l4xx_hal.d ./Drivers/STM32L4xx_HAL_Driver/stm32l4xx_hal.o ./Drivers/STM32L4xx_HAL_Driver/stm32l4xx_hal.su ./Drivers/STM32L4xx_HAL_Driver/stm32l4xx_hal_adc.cyclo ./Drivers/STM32L4xx_HAL_Driver/stm32l4xx_hal_adc.d ./Drivers/STM32L4xx_HAL_Driver/stm32l4xx_hal_adc.o ./Drivers/STM32L4xx_HAL_Driver/stm32l4xx_hal_adc.su ./Drivers/STM32L4xx_HAL_Driver/stm32l4xx_hal_adc_ex.cyclo ./Drivers/STM32L4xx_HAL_Driver/stm32l4xx_hal_adc_ex.d ./Drivers/STM32L4xx_HAL_Driver/stm32l4xx_hal_adc_ex.o ./Drivers/STM32L4xx_HAL_Driver/stm32l4xx_hal_adc_ex.su ./Drivers/STM32L4xx_HAL_Driver/stm32l4xx_hal_cortex.cyclo ./Drivers/STM32L4xx_HAL_Driver/stm32l4xx_hal_cortex.d ./Drivers/STM32L4xx_HAL_Driver/stm32l4xx_hal_cortex.o ./Drivers/STM32L4xx_HAL_Driver/stm32l4xx_hal_cortex.su ./Drivers/STM32L4xx_HAL_Driver/stm32l4xx_hal_dfsdm.cyclo ./Drivers/STM32L4xx_HAL_Driver/stm32l4xx_hal_dfsdm.d ./Drivers/STM32L4xx_HAL_Driver/stm32l4xx_hal_dfsdm.o ./Drivers/STM32L4xx_HAL_Driver/stm32l4xx_hal_dfsdm.su ./Drivers/STM32L4xx_HAL_Driver/stm32l4xx_hal_dma.cyclo ./Drivers/STM32L4xx_HAL_Driver/stm32l4xx_hal_dma.d ./Drivers/STM32L4xx_HAL_Driver/stm32l4xx_hal_dma.o ./Drivers/STM32L4xx_HAL_Driver/stm32l4xx_hal_dma.su ./Drivers/STM32L4xx_HAL_Driver/stm32l4xx_hal_flash.cyclo ./Drivers/STM32L4xx_HAL_Driver/stm32l4xx_hal_flash.d ./Drivers/STM32L4xx_HAL_Driver/stm32l4xx_hal_flash.o ./Drivers/STM32L4xx_HAL_Driver/stm32l4xx_hal_flash.su ./Drivers/STM32L4xx_HAL_Driver/stm32l4xx_hal_flash_ex.cyclo ./Drivers/STM32L4xx_HAL_Driver/stm32l4xx_hal_flash_ex.d ./Drivers/STM32L4xx_HAL_Driver/stm32l4xx_hal_flash_ex.o ./Drivers/STM32L4xx_HAL_Driver/stm32l4xx_hal_flash_ex.su ./Drivers/STM32L4xx_HAL_Driver/stm32l4xx_hal_gpio.cyclo ./Drivers/STM32L4xx_HAL_Driver/stm32l4xx_hal_gpio.d ./Drivers/STM32L4xx_HAL_Driver/stm32l4xx_hal_gpio.o ./Drivers/STM32L4xx_HAL_Driver/stm32l4xx_hal_gpio.su ./Drivers/STM32L4xx_HAL_Driver/stm32l4xx_hal_i2c.cyclo ./Drivers/STM32L4xx_HAL_Driver/stm32l4xx_hal_i2c.d ./Drivers/STM32L4xx_HAL_Driver/stm32l4xx_hal_i2c.o ./Drivers/STM32L4xx_HAL_Driver/stm32l4xx_hal_i2c.su ./Drivers/STM32L4xx_HAL_Driver/stm32l4xx_hal_i2c_ex.cyclo ./Drivers/STM32L4xx_HAL_Driver/stm32l4xx_hal_i2c_ex.d ./Drivers/STM32L4xx_HAL_Driver/stm32l4xx_hal_i2c_ex.o ./Drivers/STM32L4xx_HAL_Driver/stm32l4xx_hal_i2c_ex.su ./Drivers/STM32L4xx_HAL_Driver/stm32l4xx_hal_pcd.cyclo ./Drivers/STM32L4xx_HAL_Driver/stm32l4xx_hal_pcd.d ./Drivers/STM32L4xx_HAL_Driver/stm32l4xx_hal_pcd.o ./Drivers/STM32L4xx_HAL_Driver/stm32l4xx_hal_pcd.su ./Drivers/STM32L4xx_HAL_Driver/stm32l4xx_hal_pcd_ex.cyclo ./Drivers/STM32L4xx_HAL_Driver/stm32l4xx_hal_pcd_ex.d ./Drivers/STM32L4xx_HAL_Driver/stm32l4xx_hal_pcd_ex.o ./Drivers/STM32L4xx_HAL_Driver/stm32l4xx_hal_pcd_ex.su ./Drivers/STM32L4xx_HAL_Driver/stm32l4xx_hal_pwr.cyclo ./Drivers/STM32L4xx_HAL_Driver/stm32l4xx_hal_pwr.d ./Drivers/STM32L4xx_HAL_Driver/stm32l4xx_hal_pwr.o ./Drivers/STM32L4xx_HAL_Driver/stm32l4xx_hal_pwr.su ./Drivers/STM32L4xx_HAL_Driver/stm32l4xx_hal_pwr_ex.cyclo ./Drivers/STM32L4xx_HAL_Driver/stm32l4xx_hal_pwr_ex.d ./Drivers/STM32L4xx_HAL_Driver/stm32l4xx_hal_pwr_ex.o ./Drivers/STM32L4xx_HAL_Driver/stm32l4xx_hal_pwr_ex.su ./Drivers/STM32L4xx_HAL_Driver/stm32l4xx_hal_rcc.cyclo ./Drivers/STM32L4xx_HAL_Driver/stm32l4xx_hal_rcc.d ./Drivers/STM32L4xx_HAL_Driver/stm32l4xx_hal_rcc.o ./Drivers/STM32L4xx_HAL_Driver/stm32l4xx_hal_rcc.su ./Drivers/STM32L4xx_HAL_Driver/stm32l4xx_hal_rcc_ex.cyclo ./Drivers/STM32L4xx_HAL_Driver/stm32l4xx_hal_rcc_ex.d ./Drivers/STM32L4xx_HAL_Driver/stm32l4xx_hal_rcc_ex.o ./Drivers/STM32L4xx_HAL_Driver/stm32l4xx_hal_rcc_ex.su ./Drivers/STM32L4xx_HAL_Driver/stm32l4xx_hal_sai.cyclo ./Drivers/STM32L4xx_HAL_Driver/stm32l4xx_hal_sai.d ./Drivers/STM32L4xx_HAL_Driver/stm32l4xx_hal_sai.o ./Drivers/STM32L4xx_HAL_Driver/stm32l4xx_hal_sai.su ./Drivers/STM32L4xx_HAL_Driver/stm32l4xx_hal_spi.cyclo ./Drivers/STM32L4xx_HAL_Driver/stm32l4xx_hal_spi.d ./Drivers/STM32L4xx_HAL_Driver/stm32l4xx_hal_spi.o ./Drivers/STM32L4xx_HAL_Driver/stm32l4xx_hal_spi.su ./Drivers/STM32L4xx_HAL_Driver/stm32l4xx_hal_spi_ex.cyclo ./Drivers/STM32L4xx_HAL_Driver/stm32l4xx_hal_spi_ex.d ./Drivers/STM32L4xx_HAL_Driver/stm32l4xx_hal_spi_ex.o ./Drivers/STM32L4xx_HAL_Driver/stm32l4xx_hal_spi_ex.su ./Drivers/STM32L4xx_HAL_Driver/stm32l4xx_hal_tim.cyclo ./Drivers/STM32L4xx_HAL_Driver/stm32l4xx_hal_tim.d ./Drivers/STM32L4xx_HAL_Driver/stm32l4xx_hal_tim.o ./Drivers/STM32L4xx_HAL_Driver/stm32l4xx_hal_tim.su ./Drivers/STM32L4xx_HAL_Driver/stm32l4xx_hal_tim_ex.cyclo ./Drivers/STM32L4xx_HAL_Driver/stm32l4xx_hal_tim_ex.d ./Drivers/STM32L4xx_HAL_Driver/stm32l4xx_hal_tim_ex.o ./Drivers/STM32L4xx_HAL_Driver/stm32l4xx_hal_tim_ex.su ./Drivers/STM32L4xx_HAL_Driver/stm32l4xx_ll_usb.cyclo ./Drivers/STM32L4xx_HAL_Driver/stm32l4xx_ll_usb.d ./Drivers/STM32L4xx_HAL_Driver/stm32l4xx_ll_usb.o ./Drivers/STM32L4xx_HAL_Driver/stm32l4xx_ll_usb.su
rm -rf ./Drivers/CMSIS/system_stm32l4xx.cyclo ./Drivers/CMSIS/system_stm32l4xx.d ./Drivers/CMSIS/system_stm32l4xx.o ./Drivers/CMSIS/system_stm32l4xx.su
rm -rf ./Drivers/BSP/STWIN/STWIN.cyclo ./Drivers/BSP/STWIN/STWIN.d ./Drivers/BSP/STWIN/STWIN.o ./Drivers/BSP/STWIN/STWIN.su ./Drivers/BSP/STWIN/STWIN_audio.cyclo ./Drivers/BSP/STWIN/STWIN_audio.d ./Drivers/BSP/STWIN/STWIN_audio.o ./Drivers/BSP/STWIN/STWIN_audio.su ./Drivers/BSP/STWIN/STWIN_bus.cyclo ./Drivers/BSP/STWIN/STWIN_bus.d ./Drivers/BSP/STWIN/STWIN_bus.o ./Drivers/BSP/STWIN/STWIN_bus.su
rm -rf ./Application/User/audio_application.cyclo ./Application/User/audio_application.d ./Application/User/audio_application.o ./Application/User/audio_application.su ./Application/User/cube_hal_l4.cyclo ./Application/User/cube_hal_l4.d ./Application/User/cube_hal_l4.o ./Application/User/cube_hal_l4.su ./Application/User/main.cyclo ./Application/User/main.d ./Application/User/main.o ./Application/User/main.su ./Application/User/stm32xx_it.cyclo ./Application/User/stm32xx_it.d ./Application/User/stm32xx_it.o ./Application/User/stm32xx_it.su ./Application/User/usbd_audio_if.cyclo ./Application/User/usbd_audio_if.d ./Application/User/usbd_audio_if.o ./Application/User/usbd_audio_if.su ./Application/User/usbd_conf_l4.cyclo ./Application/User/usbd_conf_l4.d ./Application/User/usbd_conf_l4.o ./Application/User/usbd_conf_l4.su ./Application/User/usbd_desc.cyclo ./Application/User/usbd_desc.d ./Application/User/usbd_desc.o ./Application/User/usbd_desc.su
rm -rf ./Application/SW4STM32/startup_stm32l4r9xx.d ./Application/SW4STM32/startup_stm32l4r9xx.o ./Application/SW4STM32/syscalls.cyclo ./Application/SW4STM32/syscalls.d ./Application/SW4STM32/syscalls.o ./Application/SW4STM32/syscalls.su
rm -rf OnBoardMics.bin OnBoardMics.elf OnBoardMics.list OnBoardMics.map default.size.stdout
 
08:31:08 **** Build of configuration Debug for project OnBoardMics ****
make -j16 all 
arm-none-eabi-gcc "C:/Users/angel/STM32CubeIDE/STWINK2/x-cube-memsmic1-main (1)/x-cube-memsmic1-main/Middlewares/ST/STM32_USB_Device_Library/Core/Src/usbd_core.c" -mcpu=cortex-m4 -std=gnu11 -g3 -DUSE_HAL_DRIVER -DSTM32L4R9xx -DUSE_USB_FS -DARM_MATH_CM4 -c -I../../../Inc -I../../../../../../../Drivers/CMSIS/Device/ST/STM32L4xx/Include -I../../../../../../../Drivers/STM32L4xx_HAL_Driver/Inc -I../../../../../../../Middlewares/ST/STM32_USB_Device_Library/Class/AUDIO/Inc -I../../../../../../../Middlewares/ST/STM32_USB_Device_Library/Core/Inc -I../../../../../../../Drivers/CMSIS/Include -I../../../../../../../Drivers/CMSIS/DSP/Include -I../../../../../../../Drivers/BSP/STWIN -I../../../../../../../Drivers/BSP/Components/Common -O0 -ffunction-sections -Wall -fstack-usage -fcyclomatic-complexity -MMD -MP -MF"Middlewares/STM32_USBD_Library/Core/usbd_core.d" -MT"Middlewares/STM32_USBD_Library/Core/usbd_core.o" --specs=nano.specs -mfpu=fpv4-sp-d16 -mfloat-abi=softfp -mthumb -o "Middlewares/STM32_USBD_Library/Core/usbd_core.o"
arm-none-eabi-gcc "C:/Users/angel/STM32CubeIDE/STWINK2/x-cube-memsmic1-main (1)/x-cube-memsmic1-main/Middlewares/ST/STM32_USB_Device_Library/Core/Src/usbd_ctlreq.c" -mcpu=cortex-m4 -std=gnu11 -g3 -DUSE_HAL_DRIVER -DSTM32L4R9xx -DUSE_USB_FS -DARM_MATH_CM4 -c -I../../../Inc -I../../../../../../../Drivers/CMSIS/Device/ST/STM32L4xx/Include -I../../../../../../../Drivers/STM32L4xx_HAL_Driver/Inc -I../../../../../../../Middlewares/ST/STM32_USB_Device_Library/Class/AUDIO/Inc -I../../../../../../../Middlewares/ST/STM32_USB_Device_Library/Core/Inc -I../../../../../../../Drivers/CMSIS/Include -I../../../../../../../Drivers/CMSIS/DSP/Include -I../../../../../../../Drivers/BSP/STWIN -I../../../../../../../Drivers/BSP/Components/Common -O0 -ffunction-sections -Wall -fstack-usage -fcyclomatic-complexity -MMD -MP -MF"Middlewares/STM32_USBD_Library/Core/usbd_ctlreq.d" -MT"Middlewares/STM32_USBD_Library/Core/usbd_ctlreq.o" --specs=nano.specs -mfpu=fpv4-sp-d16 -mfloat-abi=softfp -mthumb -o "Middlewares/STM32_USBD_Library/Core/usbd_ctlreq.o"
arm-none-eabi-gcc "C:/Users/angel/STM32CubeIDE/STWINK2/x-cube-memsmic1-main (1)/x-cube-memsmic1-main/Middlewares/ST/STM32_USB_Device_Library/Core/Src/usbd_ioreq.c" -mcpu=cortex-m4 -std=gnu11 -g3 -DUSE_HAL_DRIVER -DSTM32L4R9xx -DUSE_USB_FS -DARM_MATH_CM4 -c -I../../../Inc -I../../../../../../../Drivers/CMSIS/Device/ST/STM32L4xx/Include -I../../../../../../../Drivers/STM32L4xx_HAL_Driver/Inc -I../../../../../../../Middlewares/ST/STM32_USB_Device_Library/Class/AUDIO/Inc -I../../../../../../../Middlewares/ST/STM32_USB_Device_Library/Core/Inc -I../../../../../../../Drivers/CMSIS/Include -I../../../../../../../Drivers/CMSIS/DSP/Include -I../../../../../../../Drivers/BSP/STWIN -I../../../../../../../Drivers/BSP/Components/Common -O0 -ffunction-sections -Wall -fstack-usage -fcyclomatic-complexity -MMD -MP -MF"Middlewares/STM32_USBD_Library/Core/usbd_ioreq.d" -MT"Middlewares/STM32_USBD_Library/Core/usbd_ioreq.o" --specs=nano.specs -mfpu=fpv4-sp-d16 -mfloat-abi=softfp -mthumb -o "Middlewares/STM32_USBD_Library/Core/usbd_ioreq.o"
arm-none-eabi-gcc "C:/Users/angel/STM32CubeIDE/STWINK2/x-cube-memsmic1-main (1)/x-cube-memsmic1-main/Middlewares/ST/STM32_USB_Device_Library/Class/AUDIO/Src/usbd_audio_in.c" -mcpu=cortex-m4 -std=gnu11 -g3 -DUSE_HAL_DRIVER -DSTM32L4R9xx -DUSE_USB_FS -DARM_MATH_CM4 -c -I../../../Inc -I../../../../../../../Drivers/CMSIS/Device/ST/STM32L4xx/Include -I../../../../../../../Drivers/STM32L4xx_HAL_Driver/Inc -I../../../../../../../Middlewares/ST/STM32_USB_Device_Library/Class/AUDIO/Inc -I../../../../../../../Middlewares/ST/STM32_USB_Device_Library/Core/Inc -I../../../../../../../Drivers/CMSIS/Include -I../../../../../../../Drivers/CMSIS/DSP/Include -I../../../../../../../Drivers/BSP/STWIN -I../../../../../../../Drivers/BSP/Components/Common -O0 -ffunction-sections -Wall -fstack-usage -fcyclomatic-complexity -MMD -MP -MF"Middlewares/STM32_USBD_Library/Class/AUDIO_IN/usbd_audio_in.d" -MT"Middlewares/STM32_USBD_Library/Class/AUDIO_IN/usbd_audio_in.o" --specs=nano.specs -mfpu=fpv4-sp-d16 -mfloat-abi=softfp -mthumb -o "Middlewares/STM32_USBD_Library/Class/AUDIO_IN/usbd_audio_in.o"
arm-none-eabi-gcc "C:/Users/angel/STM32CubeIDE/STWINK2/x-cube-memsmic1-main (1)/x-cube-memsmic1-main/Drivers/STM32L4xx_HAL_Driver/Src/stm32l4xx_hal.c" -mcpu=cortex-m4 -std=gnu11 -g3 -DUSE_HAL_DRIVER -DSTM32L4R9xx -DUSE_USB_FS -DARM_MATH_CM4 -c -I../../../Inc -I../../../../../../../Drivers/CMSIS/Device/ST/STM32L4xx/Include -I../../../../../../../Drivers/STM32L4xx_HAL_Driver/Inc -I../../../../../../../Middlewares/ST/STM32_USB_Device_Library/Class/AUDIO/Inc -I../../../../../../../Middlewares/ST/STM32_USB_Device_Library/Core/Inc -I../../../../../../../Drivers/CMSIS/Include -I../../../../../../../Drivers/CMSIS/DSP/Include -I../../../../../../../Drivers/BSP/STWIN -I../../../../../../../Drivers/BSP/Components/Common -O0 -ffunction-sections -Wall -fstack-usage -fcyclomatic-complexity -MMD -MP -MF"Drivers/STM32L4xx_HAL_Driver/stm32l4xx_hal.d" -MT"Drivers/STM32L4xx_HAL_Driver/stm32l4xx_hal.o" --specs=nano.specs -mfpu=fpv4-sp-d16 -mfloat-abi=softfp -mthumb -o "Drivers/STM32L4xx_HAL_Driver/stm32l4xx_hal.o"
arm-none-eabi-gcc "C:/Users/angel/STM32CubeIDE/STWINK2/x-cube-memsmic1-main (1)/x-cube-memsmic1-main/Drivers/STM32L4xx_HAL_Driver/Src/stm32l4xx_hal_adc.c" -mcpu=cortex-m4 -std=gnu11 -g3 -DUSE_HAL_DRIVER -DSTM32L4R9xx -DUSE_USB_FS -DARM_MATH_CM4 -c -I../../../Inc -I../../../../../../../Drivers/CMSIS/Device/ST/STM32L4xx/Include -I../../../../../../../Drivers/STM32L4xx_HAL_Driver/Inc -I../../../../../../../Middlewares/ST/STM32_USB_Device_Library/Class/AUDIO/Inc -I../../../../../../../Middlewares/ST/STM32_USB_Device_Library/Core/Inc -I../../../../../../../Drivers/CMSIS/Include -I../../../../../../../Drivers/CMSIS/DSP/Include -I../../../../../../../Drivers/BSP/STWIN -I../../../../../../../Drivers/BSP/Components/Common -O0 -ffunction-sections -Wall -fstack-usage -fcyclomatic-complexity -MMD -MP -MF"Drivers/STM32L4xx_HAL_Driver/stm32l4xx_hal_adc.d" -MT"Drivers/STM32L4xx_HAL_Driver/stm32l4xx_hal_adc.o" --specs=nano.specs -mfpu=fpv4-sp-d16 -mfloat-abi=softfp -mthumb -o "Drivers/STM32L4xx_HAL_Driver/stm32l4xx_hal_adc.o"
arm-none-eabi-gcc "C:/Users/angel/STM32CubeIDE/STWINK2/x-cube-memsmic1-main (1)/x-cube-memsmic1-main/Drivers/STM32L4xx_HAL_Driver/Src/stm32l4xx_hal_adc_ex.c" -mcpu=cortex-m4 -std=gnu11 -g3 -DUSE_HAL_DRIVER -DSTM32L4R9xx -DUSE_USB_FS -DARM_MATH_CM4 -c -I../../../Inc -I../../../../../../../Drivers/CMSIS/Device/ST/STM32L4xx/Include -I../../../../../../../Drivers/STM32L4xx_HAL_Driver/Inc -I../../../../../../../Middlewares/ST/STM32_USB_Device_Library/Class/AUDIO/Inc -I../../../../../../../Middlewares/ST/STM32_USB_Device_Library/Core/Inc -I../../../../../../../Drivers/CMSIS/Include -I../../../../../../../Drivers/CMSIS/DSP/Include -I../../../../../../../Drivers/BSP/STWIN -I../../../../../../../Drivers/BSP/Components/Common -O0 -ffunction-sections -Wall -fstack-usage -fcyclomatic-complexity -MMD -MP -MF"Drivers/STM32L4xx_HAL_Driver/stm32l4xx_hal_adc_ex.d" -MT"Drivers/STM32L4xx_HAL_Driver/stm32l4xx_hal_adc_ex.o" --specs=nano.specs -mfpu=fpv4-sp-d16 -mfloat-abi=softfp -mthumb -o "Drivers/STM32L4xx_HAL_Driver/stm32l4xx_hal_adc_ex.o"
arm-none-eabi-gcc "C:/Users/angel/STM32CubeIDE/STWINK2/x-cube-memsmic1-main (1)/x-cube-memsmic1-main/Drivers/STM32L4xx_HAL_Driver/Src/stm32l4xx_hal_cortex.c" -mcpu=cortex-m4 -std=gnu11 -g3 -DUSE_HAL_DRIVER -DSTM32L4R9xx -DUSE_USB_FS -DARM_MATH_CM4 -c -I../../../Inc -I../../../../../../../Drivers/CMSIS/Device/ST/STM32L4xx/Include -I../../../../../../../Drivers/STM32L4xx_HAL_Driver/Inc -I../../../../../../../Middlewares/ST/STM32_USB_Device_Library/Class/AUDIO/Inc -I../../../../../../../Middlewares/ST/STM32_USB_Device_Library/Core/Inc -I../../../../../../../Drivers/CMSIS/Include -I../../../../../../../Drivers/CMSIS/DSP/Include -I../../../../../../../Drivers/BSP/STWIN -I../../../../../../../Drivers/BSP/Components/Common -O0 -ffunction-sections -Wall -fstack-usage -fcyclomatic-complexity -MMD -MP -MF"Drivers/STM32L4xx_HAL_Driver/stm32l4xx_hal_cortex.d" -MT"Drivers/STM32L4xx_HAL_Driver/stm32l4xx_hal_cortex.o" --specs=nano.specs -mfpu=fpv4-sp-d16 -mfloat-abi=softfp -mthumb -o "Drivers/STM32L4xx_HAL_Driver/stm32l4xx_hal_cortex.o"
arm-none-eabi-gcc "C:/Users/angel/STM32CubeIDE/STWINK2/x-cube-memsmic1-main (1)/x-cube-memsmic1-main/Drivers/STM32L4xx_HAL_Driver/Src/stm32l4xx_hal_dfsdm.c" -mcpu=cortex-m4 -std=gnu11 -g3 -DUSE_HAL_DRIVER -DSTM32L4R9xx -DUSE_USB_FS -DARM_MATH_CM4 -c -I../../../Inc -I../../../../../../../Drivers/CMSIS/Device/ST/STM32L4xx/Include -I../../../../../../../Drivers/STM32L4xx_HAL_Driver/Inc -I../../../../../../../Middlewares/ST/STM32_USB_Device_Library/Class/AUDIO/Inc -I../../../../../../../Middlewares/ST/STM32_USB_Device_Library/Core/Inc -I../../../../../../../Drivers/CMSIS/Include -I../../../../../../../Drivers/CMSIS/DSP/Include -I../../../../../../../Drivers/BSP/STWIN -I../../../../../../../Drivers/BSP/Components/Common -O0 -ffunction-sections -Wall -fstack-usage -fcyclomatic-complexity -MMD -MP -MF"Drivers/STM32L4xx_HAL_Driver/stm32l4xx_hal_dfsdm.d" -MT"Drivers/STM32L4xx_HAL_Driver/stm32l4xx_hal_dfsdm.o" --specs=nano.specs -mfpu=fpv4-sp-d16 -mfloat-abi=softfp -mthumb -o "Drivers/STM32L4xx_HAL_Driver/stm32l4xx_hal_dfsdm.o"
arm-none-eabi-gcc "C:/Users/angel/STM32CubeIDE/STWINK2/x-cube-memsmic1-main (1)/x-cube-memsmic1-main/Drivers/STM32L4xx_HAL_Driver/Src/stm32l4xx_hal_dma.c" -mcpu=cortex-m4 -std=gnu11 -g3 -DUSE_HAL_DRIVER -DSTM32L4R9xx -DUSE_USB_FS -DARM_MATH_CM4 -c -I../../../Inc -I../../../../../../../Drivers/CMSIS/Device/ST/STM32L4xx/Include -I../../../../../../../Drivers/STM32L4xx_HAL_Driver/Inc -I../../../../../../../Middlewares/ST/STM32_USB_Device_Library/Class/AUDIO/Inc -I../../../../../../../Middlewares/ST/STM32_USB_Device_Library/Core/Inc -I../../../../../../../Drivers/CMSIS/Include -I../../../../../../../Drivers/CMSIS/DSP/Include -I../../../../../../../Drivers/BSP/STWIN -I../../../../../../../Drivers/BSP/Components/Common -O0 -ffunction-sections -Wall -fstack-usage -fcyclomatic-complexity -MMD -MP -MF"Drivers/STM32L4xx_HAL_Driver/stm32l4xx_hal_dma.d" -MT"Drivers/STM32L4xx_HAL_Driver/stm32l4xx_hal_dma.o" --specs=nano.specs -mfpu=fpv4-sp-d16 -mfloat-abi=softfp -mthumb -o "Drivers/STM32L4xx_HAL_Driver/stm32l4xx_hal_dma.o"
arm-none-eabi-gcc "C:/Users/angel/STM32CubeIDE/STWINK2/x-cube-memsmic1-main (1)/x-cube-memsmic1-main/Drivers/STM32L4xx_HAL_Driver/Src/stm32l4xx_hal_flash.c" -mcpu=cortex-m4 -std=gnu11 -g3 -DUSE_HAL_DRIVER -DSTM32L4R9xx -DUSE_USB_FS -DARM_MATH_CM4 -c -I../../../Inc -I../../../../../../../Drivers/CMSIS/Device/ST/STM32L4xx/Include -I../../../../../../../Drivers/STM32L4xx_HAL_Driver/Inc -I../../../../../../../Middlewares/ST/STM32_USB_Device_Library/Class/AUDIO/Inc -I../../../../../../../Middlewares/ST/STM32_USB_Device_Library/Core/Inc -I../../../../../../../Drivers/CMSIS/Include -I../../../../../../../Drivers/CMSIS/DSP/Include -I../../../../../../../Drivers/BSP/STWIN -I../../../../../../../Drivers/BSP/Components/Common -O0 -ffunction-sections -Wall -fstack-usage -fcyclomatic-complexity -MMD -MP -MF"Drivers/STM32L4xx_HAL_Driver/stm32l4xx_hal_flash.d" -MT"Drivers/STM32L4xx_HAL_Driver/stm32l4xx_hal_flash.o" --specs=nano.specs -mfpu=fpv4-sp-d16 -mfloat-abi=softfp -mthumb -o "Drivers/STM32L4xx_HAL_Driver/stm32l4xx_hal_flash.o"
arm-none-eabi-gcc "C:/Users/angel/STM32CubeIDE/STWINK2/x-cube-memsmic1-main (1)/x-cube-memsmic1-main/Drivers/STM32L4xx_HAL_Driver/Src/stm32l4xx_hal_flash_ex.c" -mcpu=cortex-m4 -std=gnu11 -g3 -DUSE_HAL_DRIVER -DSTM32L4R9xx -DUSE_USB_FS -DARM_MATH_CM4 -c -I../../../Inc -I../../../../../../../Drivers/CMSIS/Device/ST/STM32L4xx/Include -I../../../../../../../Drivers/STM32L4xx_HAL_Driver/Inc -I../../../../../../../Middlewares/ST/STM32_USB_Device_Library/Class/AUDIO/Inc -I../../../../../../../Middlewares/ST/STM32_USB_Device_Library/Core/Inc -I../../../../../../../Drivers/CMSIS/Include -I../../../../../../../Drivers/CMSIS/DSP/Include -I../../../../../../../Drivers/BSP/STWIN -I../../../../../../../Drivers/BSP/Components/Common -O0 -ffunction-sections -Wall -fstack-usage -fcyclomatic-complexity -MMD -MP -MF"Drivers/STM32L4xx_HAL_Driver/stm32l4xx_hal_flash_ex.d" -MT"Drivers/STM32L4xx_HAL_Driver/stm32l4xx_hal_flash_ex.o" --specs=nano.specs -mfpu=fpv4-sp-d16 -mfloat-abi=softfp -mthumb -o "Drivers/STM32L4xx_HAL_Driver/stm32l4xx_hal_flash_ex.o"
arm-none-eabi-gcc "C:/Users/angel/STM32CubeIDE/STWINK2/x-cube-memsmic1-main (1)/x-cube-memsmic1-main/Drivers/STM32L4xx_HAL_Driver/Src/stm32l4xx_hal_gpio.c" -mcpu=cortex-m4 -std=gnu11 -g3 -DUSE_HAL_DRIVER -DSTM32L4R9xx -DUSE_USB_FS -DARM_MATH_CM4 -c -I../../../Inc -I../../../../../../../Drivers/CMSIS/Device/ST/STM32L4xx/Include -I../../../../../../../Drivers/STM32L4xx_HAL_Driver/Inc -I../../../../../../../Middlewares/ST/STM32_USB_Device_Library/Class/AUDIO/Inc -I../../../../../../../Middlewares/ST/STM32_USB_Device_Library/Core/Inc -I../../../../../../../Drivers/CMSIS/Include -I../../../../../../../Drivers/CMSIS/DSP/Include -I../../../../../../../Drivers/BSP/STWIN -I../../../../../../../Drivers/BSP/Components/Common -O0 -ffunction-sections -Wall -fstack-usage -fcyclomatic-complexity -MMD -MP -MF"Drivers/STM32L4xx_HAL_Driver/stm32l4xx_hal_gpio.d" -MT"Drivers/STM32L4xx_HAL_Driver/stm32l4xx_hal_gpio.o" --specs=nano.specs -mfpu=fpv4-sp-d16 -mfloat-abi=softfp -mthumb -o "Drivers/STM32L4xx_HAL_Driver/stm32l4xx_hal_gpio.o"
arm-none-eabi-gcc "C:/Users/angel/STM32CubeIDE/STWINK2/x-cube-memsmic1-main (1)/x-cube-memsmic1-main/Drivers/STM32L4xx_HAL_Driver/Src/stm32l4xx_hal_i2c.c" -mcpu=cortex-m4 -std=gnu11 -g3 -DUSE_HAL_DRIVER -DSTM32L4R9xx -DUSE_USB_FS -DARM_MATH_CM4 -c -I../../../Inc -I../../../../../../../Drivers/CMSIS/Device/ST/STM32L4xx/Include -I../../../../../../../Drivers/STM32L4xx_HAL_Driver/Inc -I../../../../../../../Middlewares/ST/STM32_USB_Device_Library/Class/AUDIO/Inc -I../../../../../../../Middlewares/ST/STM32_USB_Device_Library/Core/Inc -I../../../../../../../Drivers/CMSIS/Include -I../../../../../../../Drivers/CMSIS/DSP/Include -I../../../../../../../Drivers/BSP/STWIN -I../../../../../../../Drivers/BSP/Components/Common -O0 -ffunction-sections -Wall -fstack-usage -fcyclomatic-complexity -MMD -MP -MF"Drivers/STM32L4xx_HAL_Driver/stm32l4xx_hal_i2c.d" -MT"Drivers/STM32L4xx_HAL_Driver/stm32l4xx_hal_i2c.o" --specs=nano.specs -mfpu=fpv4-sp-d16 -mfloat-abi=softfp -mthumb -o "Drivers/STM32L4xx_HAL_Driver/stm32l4xx_hal_i2c.o"
arm-none-eabi-gcc "C:/Users/angel/STM32CubeIDE/STWINK2/x-cube-memsmic1-main (1)/x-cube-memsmic1-main/Drivers/STM32L4xx_HAL_Driver/Src/stm32l4xx_hal_i2c_ex.c" -mcpu=cortex-m4 -std=gnu11 -g3 -DUSE_HAL_DRIVER -DSTM32L4R9xx -DUSE_USB_FS -DARM_MATH_CM4 -c -I../../../Inc -I../../../../../../../Drivers/CMSIS/Device/ST/STM32L4xx/Include -I../../../../../../../Drivers/STM32L4xx_HAL_Driver/Inc -I../../../../../../../Middlewares/ST/STM32_USB_Device_Library/Class/AUDIO/Inc -I../../../../../../../Middlewares/ST/STM32_USB_Device_Library/Core/Inc -I../../../../../../../Drivers/CMSIS/Include -I../../../../../../../Drivers/CMSIS/DSP/Include -I../../../../../../../Drivers/BSP/STWIN -I../../../../../../../Drivers/BSP/Components/Common -O0 -ffunction-sections -Wall -fstack-usage -fcyclomatic-complexity -MMD -MP -MF"Drivers/STM32L4xx_HAL_Driver/stm32l4xx_hal_i2c_ex.d" -MT"Drivers/STM32L4xx_HAL_Driver/stm32l4xx_hal_i2c_ex.o" --specs=nano.specs -mfpu=fpv4-sp-d16 -mfloat-abi=softfp -mthumb -o "Drivers/STM32L4xx_HAL_Driver/stm32l4xx_hal_i2c_ex.o"
arm-none-eabi-gcc "C:/Users/angel/STM32CubeIDE/STWINK2/x-cube-memsmic1-main (1)/x-cube-memsmic1-main/Drivers/STM32L4xx_HAL_Driver/Src/stm32l4xx_hal_pcd.c" -mcpu=cortex-m4 -std=gnu11 -g3 -DUSE_HAL_DRIVER -DSTM32L4R9xx -DUSE_USB_FS -DARM_MATH_CM4 -c -I../../../Inc -I../../../../../../../Drivers/CMSIS/Device/ST/STM32L4xx/Include -I../../../../../../../Drivers/STM32L4xx_HAL_Driver/Inc -I../../../../../../../Middlewares/ST/STM32_USB_Device_Library/Class/AUDIO/Inc -I../../../../../../../Middlewares/ST/STM32_USB_Device_Library/Core/Inc -I../../../../../../../Drivers/CMSIS/Include -I../../../../../../../Drivers/CMSIS/DSP/Include -I../../../../../../../Drivers/BSP/STWIN -I../../../../../../../Drivers/BSP/Components/Common -O0 -ffunction-sections -Wall -fstack-usage -fcyclomatic-complexity -MMD -MP -MF"Drivers/STM32L4xx_HAL_Driver/stm32l4xx_hal_pcd.d" -MT"Drivers/STM32L4xx_HAL_Driver/stm32l4xx_hal_pcd.o" --specs=nano.specs -mfpu=fpv4-sp-d16 -mfloat-abi=softfp -mthumb -o "Drivers/STM32L4xx_HAL_Driver/stm32l4xx_hal_pcd.o"
arm-none-eabi-gcc "C:/Users/angel/STM32CubeIDE/STWINK2/x-cube-memsmic1-main (1)/x-cube-memsmic1-main/Drivers/STM32L4xx_HAL_Driver/Src/stm32l4xx_hal_pcd_ex.c" -mcpu=cortex-m4 -std=gnu11 -g3 -DUSE_HAL_DRIVER -DSTM32L4R9xx -DUSE_USB_FS -DARM_MATH_CM4 -c -I../../../Inc -I../../../../../../../Drivers/CMSIS/Device/ST/STM32L4xx/Include -I../../../../../../../Drivers/STM32L4xx_HAL_Driver/Inc -I../../../../../../../Middlewares/ST/STM32_USB_Device_Library/Class/AUDIO/Inc -I../../../../../../../Middlewares/ST/STM32_USB_Device_Library/Core/Inc -I../../../../../../../Drivers/CMSIS/Include -I../../../../../../../Drivers/CMSIS/DSP/Include -I../../../../../../../Drivers/BSP/STWIN -I../../../../../../../Drivers/BSP/Components/Common -O0 -ffunction-sections -Wall -fstack-usage -fcyclomatic-complexity -MMD -MP -MF"Drivers/STM32L4xx_HAL_Driver/stm32l4xx_hal_pcd_ex.d" -MT"Drivers/STM32L4xx_HAL_Driver/stm32l4xx_hal_pcd_ex.o" --specs=nano.specs -mfpu=fpv4-sp-d16 -mfloat-abi=softfp -mthumb -o "Drivers/STM32L4xx_HAL_Driver/stm32l4xx_hal_pcd_ex.o"
arm-none-eabi-gcc "C:/Users/angel/STM32CubeIDE/STWINK2/x-cube-memsmic1-main (1)/x-cube-memsmic1-main/Drivers/STM32L4xx_HAL_Driver/Src/stm32l4xx_hal_pwr.c" -mcpu=cortex-m4 -std=gnu11 -g3 -DUSE_HAL_DRIVER -DSTM32L4R9xx -DUSE_USB_FS -DARM_MATH_CM4 -c -I../../../Inc -I../../../../../../../Drivers/CMSIS/Device/ST/STM32L4xx/Include -I../../../../../../../Drivers/STM32L4xx_HAL_Driver/Inc -I../../../../../../../Middlewares/ST/STM32_USB_Device_Library/Class/AUDIO/Inc -I../../../../../../../Middlewares/ST/STM32_USB_Device_Library/Core/Inc -I../../../../../../../Drivers/CMSIS/Include -I../../../../../../../Drivers/CMSIS/DSP/Include -I../../../../../../../Drivers/BSP/STWIN -I../../../../../../../Drivers/BSP/Components/Common -O0 -ffunction-sections -Wall -fstack-usage -fcyclomatic-complexity -MMD -MP -MF"Drivers/STM32L4xx_HAL_Driver/stm32l4xx_hal_pwr.d" -MT"Drivers/STM32L4xx_HAL_Driver/stm32l4xx_hal_pwr.o" --specs=nano.specs -mfpu=fpv4-sp-d16 -mfloat-abi=softfp -mthumb -o "Drivers/STM32L4xx_HAL_Driver/stm32l4xx_hal_pwr.o"
arm-none-eabi-gcc "C:/Users/angel/STM32CubeIDE/STWINK2/x-cube-memsmic1-main (1)/x-cube-memsmic1-main/Drivers/STM32L4xx_HAL_Driver/Src/stm32l4xx_hal_pwr_ex.c" -mcpu=cortex-m4 -std=gnu11 -g3 -DUSE_HAL_DRIVER -DSTM32L4R9xx -DUSE_USB_FS -DARM_MATH_CM4 -c -I../../../Inc -I../../../../../../../Drivers/CMSIS/Device/ST/STM32L4xx/Include -I../../../../../../../Drivers/STM32L4xx_HAL_Driver/Inc -I../../../../../../../Middlewares/ST/STM32_USB_Device_Library/Class/AUDIO/Inc -I../../../../../../../Middlewares/ST/STM32_USB_Device_Library/Core/Inc -I../../../../../../../Drivers/CMSIS/Include -I../../../../../../../Drivers/CMSIS/DSP/Include -I../../../../../../../Drivers/BSP/STWIN -I../../../../../../../Drivers/BSP/Components/Common -O0 -ffunction-sections -Wall -fstack-usage -fcyclomatic-complexity -MMD -MP -MF"Drivers/STM32L4xx_HAL_Driver/stm32l4xx_hal_pwr_ex.d" -MT"Drivers/STM32L4xx_HAL_Driver/stm32l4xx_hal_pwr_ex.o" --specs=nano.specs -mfpu=fpv4-sp-d16 -mfloat-abi=softfp -mthumb -o "Drivers/STM32L4xx_HAL_Driver/stm32l4xx_hal_pwr_ex.o"
arm-none-eabi-gcc "C:/Users/angel/STM32CubeIDE/STWINK2/x-cube-memsmic1-main (1)/x-cube-memsmic1-main/Drivers/STM32L4xx_HAL_Driver/Src/stm32l4xx_hal_rcc.c" -mcpu=cortex-m4 -std=gnu11 -g3 -DUSE_HAL_DRIVER -DSTM32L4R9xx -DUSE_USB_FS -DARM_MATH_CM4 -c -I../../../Inc -I../../../../../../../Drivers/CMSIS/Device/ST/STM32L4xx/Include -I../../../../../../../Drivers/STM32L4xx_HAL_Driver/Inc -I../../../../../../../Middlewares/ST/STM32_USB_Device_Library/Class/AUDIO/Inc -I../../../../../../../Middlewares/ST/STM32_USB_Device_Library/Core/Inc -I../../../../../../../Drivers/CMSIS/Include -I../../../../../../../Drivers/CMSIS/DSP/Include -I../../../../../../../Drivers/BSP/STWIN -I../../../../../../../Drivers/BSP/Components/Common -O0 -ffunction-sections -Wall -fstack-usage -fcyclomatic-complexity -MMD -MP -MF"Drivers/STM32L4xx_HAL_Driver/stm32l4xx_hal_rcc.d" -MT"Drivers/STM32L4xx_HAL_Driver/stm32l4xx_hal_rcc.o" --specs=nano.specs -mfpu=fpv4-sp-d16 -mfloat-abi=softfp -mthumb -o "Drivers/STM32L4xx_HAL_Driver/stm32l4xx_hal_rcc.o"
arm-none-eabi-gcc "C:/Users/angel/STM32CubeIDE/STWINK2/x-cube-memsmic1-main (1)/x-cube-memsmic1-main/Drivers/STM32L4xx_HAL_Driver/Src/stm32l4xx_hal_rcc_ex.c" -mcpu=cortex-m4 -std=gnu11 -g3 -DUSE_HAL_DRIVER -DSTM32L4R9xx -DUSE_USB_FS -DARM_MATH_CM4 -c -I../../../Inc -I../../../../../../../Drivers/CMSIS/Device/ST/STM32L4xx/Include -I../../../../../../../Drivers/STM32L4xx_HAL_Driver/Inc -I../../../../../../../Middlewares/ST/STM32_USB_Device_Library/Class/AUDIO/Inc -I../../../../../../../Middlewares/ST/STM32_USB_Device_Library/Core/Inc -I../../../../../../../Drivers/CMSIS/Include -I../../../../../../../Drivers/CMSIS/DSP/Include -I../../../../../../../Drivers/BSP/STWIN -I../../../../../../../Drivers/BSP/Components/Common -O0 -ffunction-sections -Wall -fstack-usage -fcyclomatic-complexity -MMD -MP -MF"Drivers/STM32L4xx_HAL_Driver/stm32l4xx_hal_rcc_ex.d" -MT"Drivers/STM32L4xx_HAL_Driver/stm32l4xx_hal_rcc_ex.o" --specs=nano.specs -mfpu=fpv4-sp-d16 -mfloat-abi=softfp -mthumb -o "Drivers/STM32L4xx_HAL_Driver/stm32l4xx_hal_rcc_ex.o"
arm-none-eabi-gcc "C:/Users/angel/STM32CubeIDE/STWINK2/x-cube-memsmic1-main (1)/x-cube-memsmic1-main/Drivers/STM32L4xx_HAL_Driver/Src/stm32l4xx_hal_sai.c" -mcpu=cortex-m4 -std=gnu11 -g3 -DUSE_HAL_DRIVER -DSTM32L4R9xx -DUSE_USB_FS -DARM_MATH_CM4 -c -I../../../Inc -I../../../../../../../Drivers/CMSIS/Device/ST/STM32L4xx/Include -I../../../../../../../Drivers/STM32L4xx_HAL_Driver/Inc -I../../../../../../../Middlewares/ST/STM32_USB_Device_Library/Class/AUDIO/Inc -I../../../../../../../Middlewares/ST/STM32_USB_Device_Library/Core/Inc -I../../../../../../../Drivers/CMSIS/Include -I../../../../../../../Drivers/CMSIS/DSP/Include -I../../../../../../../Drivers/BSP/STWIN -I../../../../../../../Drivers/BSP/Components/Common -O0 -ffunction-sections -Wall -fstack-usage -fcyclomatic-complexity -MMD -MP -MF"Drivers/STM32L4xx_HAL_Driver/stm32l4xx_hal_sai.d" -MT"Drivers/STM32L4xx_HAL_Driver/stm32l4xx_hal_sai.o" --specs=nano.specs -mfpu=fpv4-sp-d16 -mfloat-abi=softfp -mthumb -o "Drivers/STM32L4xx_HAL_Driver/stm32l4xx_hal_sai.o"
arm-none-eabi-gcc "C:/Users/angel/STM32CubeIDE/STWINK2/x-cube-memsmic1-main (1)/x-cube-memsmic1-main/Drivers/STM32L4xx_HAL_Driver/Src/stm32l4xx_hal_spi.c" -mcpu=cortex-m4 -std=gnu11 -g3 -DUSE_HAL_DRIVER -DSTM32L4R9xx -DUSE_USB_FS -DARM_MATH_CM4 -c -I../../../Inc -I../../../../../../../Drivers/CMSIS/Device/ST/STM32L4xx/Include -I../../../../../../../Drivers/STM32L4xx_HAL_Driver/Inc -I../../../../../../../Middlewares/ST/STM32_USB_Device_Library/Class/AUDIO/Inc -I../../../../../../../Middlewares/ST/STM32_USB_Device_Library/Core/Inc -I../../../../../../../Drivers/CMSIS/Include -I../../../../../../../Drivers/CMSIS/DSP/Include -I../../../../../../../Drivers/BSP/STWIN -I../../../../../../../Drivers/BSP/Components/Common -O0 -ffunction-sections -Wall -fstack-usage -fcyclomatic-complexity -MMD -MP -MF"Drivers/STM32L4xx_HAL_Driver/stm32l4xx_hal_spi.d" -MT"Drivers/STM32L4xx_HAL_Driver/stm32l4xx_hal_spi.o" --specs=nano.specs -mfpu=fpv4-sp-d16 -mfloat-abi=softfp -mthumb -o "Drivers/STM32L4xx_HAL_Driver/stm32l4xx_hal_spi.o"
arm-none-eabi-gcc "C:/Users/angel/STM32CubeIDE/STWINK2/x-cube-memsmic1-main (1)/x-cube-memsmic1-main/Drivers/STM32L4xx_HAL_Driver/Src/stm32l4xx_hal_spi_ex.c" -mcpu=cortex-m4 -std=gnu11 -g3 -DUSE_HAL_DRIVER -DSTM32L4R9xx -DUSE_USB_FS -DARM_MATH_CM4 -c -I../../../Inc -I../../../../../../../Drivers/CMSIS/Device/ST/STM32L4xx/Include -I../../../../../../../Drivers/STM32L4xx_HAL_Driver/Inc -I../../../../../../../Middlewares/ST/STM32_USB_Device_Library/Class/AUDIO/Inc -I../../../../../../../Middlewares/ST/STM32_USB_Device_Library/Core/Inc -I../../../../../../../Drivers/CMSIS/Include -I../../../../../../../Drivers/CMSIS/DSP/Include -I../../../../../../../Drivers/BSP/STWIN -I../../../../../../../Drivers/BSP/Components/Common -O0 -ffunction-sections -Wall -fstack-usage -fcyclomatic-complexity -MMD -MP -MF"Drivers/STM32L4xx_HAL_Driver/stm32l4xx_hal_spi_ex.d" -MT"Drivers/STM32L4xx_HAL_Driver/stm32l4xx_hal_spi_ex.o" --specs=nano.specs -mfpu=fpv4-sp-d16 -mfloat-abi=softfp -mthumb -o "Drivers/STM32L4xx_HAL_Driver/stm32l4xx_hal_spi_ex.o"
arm-none-eabi-gcc "C:/Users/angel/STM32CubeIDE/STWINK2/x-cube-memsmic1-main (1)/x-cube-memsmic1-main/Drivers/STM32L4xx_HAL_Driver/Src/stm32l4xx_hal_tim.c" -mcpu=cortex-m4 -std=gnu11 -g3 -DUSE_HAL_DRIVER -DSTM32L4R9xx -DUSE_USB_FS -DARM_MATH_CM4 -c -I../../../Inc -I../../../../../../../Drivers/CMSIS/Device/ST/STM32L4xx/Include -I../../../../../../../Drivers/STM32L4xx_HAL_Driver/Inc -I../../../../../../../Middlewares/ST/STM32_USB_Device_Library/Class/AUDIO/Inc -I../../../../../../../Middlewares/ST/STM32_USB_Device_Library/Core/Inc -I../../../../../../../Drivers/CMSIS/Include -I../../../../../../../Drivers/CMSIS/DSP/Include -I../../../../../../../Drivers/BSP/STWIN -I../../../../../../../Drivers/BSP/Components/Common -O0 -ffunction-sections -Wall -fstack-usage -fcyclomatic-complexity -MMD -MP -MF"Drivers/STM32L4xx_HAL_Driver/stm32l4xx_hal_tim.d" -MT"Drivers/STM32L4xx_HAL_Driver/stm32l4xx_hal_tim.o" --specs=nano.specs -mfpu=fpv4-sp-d16 -mfloat-abi=softfp -mthumb -o "Drivers/STM32L4xx_HAL_Driver/stm32l4xx_hal_tim.o"
arm-none-eabi-gcc "C:/Users/angel/STM32CubeIDE/STWINK2/x-cube-memsmic1-main (1)/x-cube-memsmic1-main/Drivers/STM32L4xx_HAL_Driver/Src/stm32l4xx_hal_tim_ex.c" -mcpu=cortex-m4 -std=gnu11 -g3 -DUSE_HAL_DRIVER -DSTM32L4R9xx -DUSE_USB_FS -DARM_MATH_CM4 -c -I../../../Inc -I../../../../../../../Drivers/CMSIS/Device/ST/STM32L4xx/Include -I../../../../../../../Drivers/STM32L4xx_HAL_Driver/Inc -I../../../../../../../Middlewares/ST/STM32_USB_Device_Library/Class/AUDIO/Inc -I../../../../../../../Middlewares/ST/STM32_USB_Device_Library/Core/Inc -I../../../../../../../Drivers/CMSIS/Include -I../../../../../../../Drivers/CMSIS/DSP/Include -I../../../../../../../Drivers/BSP/STWIN -I../../../../../../../Drivers/BSP/Components/Common -O0 -ffunction-sections -Wall -fstack-usage -fcyclomatic-complexity -MMD -MP -MF"Drivers/STM32L4xx_HAL_Driver/stm32l4xx_hal_tim_ex.d" -MT"Drivers/STM32L4xx_HAL_Driver/stm32l4xx_hal_tim_ex.o" --specs=nano.specs -mfpu=fpv4-sp-d16 -mfloat-abi=softfp -mthumb -o "Drivers/STM32L4xx_HAL_Driver/stm32l4xx_hal_tim_ex.o"
arm-none-eabi-gcc "C:/Users/angel/STM32CubeIDE/STWINK2/x-cube-memsmic1-main (1)/x-cube-memsmic1-main/Drivers/STM32L4xx_HAL_Driver/Src/stm32l4xx_ll_usb.c" -mcpu=cortex-m4 -std=gnu11 -g3 -DUSE_HAL_DRIVER -DSTM32L4R9xx -DUSE_USB_FS -DARM_MATH_CM4 -c -I../../../Inc -I../../../../../../../Drivers/CMSIS/Device/ST/STM32L4xx/Include -I../../../../../../../Drivers/STM32L4xx_HAL_Driver/Inc -I../../../../../../../Middlewares/ST/STM32_USB_Device_Library/Class/AUDIO/Inc -I../../../../../../../Middlewares/ST/STM32_USB_Device_Library/Core/Inc -I../../../../../../../Drivers/CMSIS/Include -I../../../../../../../Drivers/CMSIS/DSP/Include -I../../../../../../../Drivers/BSP/STWIN -I../../../../../../../Drivers/BSP/Components/Common -O0 -ffunction-sections -Wall -fstack-usage -fcyclomatic-complexity -MMD -MP -MF"Drivers/STM32L4xx_HAL_Driver/stm32l4xx_ll_usb.d" -MT"Drivers/STM32L4xx_HAL_Driver/stm32l4xx_ll_usb.o" --specs=nano.specs -mfpu=fpv4-sp-d16 -mfloat-abi=softfp -mthumb -o "Drivers/STM32L4xx_HAL_Driver/stm32l4xx_ll_usb.o"
arm-none-eabi-gcc "C:/Users/angel/STM32CubeIDE/STWINK2/x-cube-memsmic1-main (1)/x-cube-memsmic1-main/Drivers/CMSIS/Device/ST/STM32L4xx/Source/Templates/system_stm32l4xx.c" -mcpu=cortex-m4 -std=gnu11 -g3 -DUSE_HAL_DRIVER -DSTM32L4R9xx -DUSE_USB_FS -DARM_MATH_CM4 -c -I../../../Inc -I../../../../../../../Drivers/CMSIS/Device/ST/STM32L4xx/Include -I../../../../../../../Drivers/STM32L4xx_HAL_Driver/Inc -I../../../../../../../Middlewares/ST/STM32_USB_Device_Library/Class/AUDIO/Inc -I../../../../../../../Middlewares/ST/STM32_USB_Device_Library/Core/Inc -I../../../../../../../Drivers/CMSIS/Include -I../../../../../../../Drivers/CMSIS/DSP/Include -I../../../../../../../Drivers/BSP/STWIN -I../../../../../../../Drivers/BSP/Components/Common -O0 -ffunction-sections -Wall -fstack-usage -fcyclomatic-complexity -MMD -MP -MF"Drivers/CMSIS/system_stm32l4xx.d" -MT"Drivers/CMSIS/system_stm32l4xx.o" --specs=nano.specs -mfpu=fpv4-sp-d16 -mfloat-abi=softfp -mthumb -o "Drivers/CMSIS/system_stm32l4xx.o"
arm-none-eabi-gcc "C:/Users/angel/STM32CubeIDE/STWINK2/x-cube-memsmic1-main (1)/x-cube-memsmic1-main/Drivers/BSP/STWIN/STWIN.c" -mcpu=cortex-m4 -std=gnu11 -g3 -DUSE_HAL_DRIVER -DSTM32L4R9xx -DUSE_USB_FS -DARM_MATH_CM4 -c -I../../../Inc -I../../../../../../../Drivers/CMSIS/Device/ST/STM32L4xx/Include -I../../../../../../../Drivers/STM32L4xx_HAL_Driver/Inc -I../../../../../../../Middlewares/ST/STM32_USB_Device_Library/Class/AUDIO/Inc -I../../../../../../../Middlewares/ST/STM32_USB_Device_Library/Core/Inc -I../../../../../../../Drivers/CMSIS/Include -I../../../../../../../Drivers/CMSIS/DSP/Include -I../../../../../../../Drivers/BSP/STWIN -I../../../../../../../Drivers/BSP/Components/Common -O0 -ffunction-sections -Wall -fstack-usage -fcyclomatic-complexity -MMD -MP -MF"Drivers/BSP/STWIN/STWIN.d" -MT"Drivers/BSP/STWIN/STWIN.o" --specs=nano.specs -mfpu=fpv4-sp-d16 -mfloat-abi=softfp -mthumb -o "Drivers/BSP/STWIN/STWIN.o"
arm-none-eabi-gcc "C:/Users/angel/STM32CubeIDE/STWINK2/x-cube-memsmic1-main (1)/x-cube-memsmic1-main/Drivers/BSP/STWIN/STWIN_audio.c" -mcpu=cortex-m4 -std=gnu11 -g3 -DUSE_HAL_DRIVER -DSTM32L4R9xx -DUSE_USB_FS -DARM_MATH_CM4 -c -I../../../Inc -I../../../../../../../Drivers/CMSIS/Device/ST/STM32L4xx/Include -I../../../../../../../Drivers/STM32L4xx_HAL_Driver/Inc -I../../../../../../../Middlewares/ST/STM32_USB_Device_Library/Class/AUDIO/Inc -I../../../../../../../Middlewares/ST/STM32_USB_Device_Library/Core/Inc -I../../../../../../../Drivers/CMSIS/Include -I../../../../../../../Drivers/CMSIS/DSP/Include -I../../../../../../../Drivers/BSP/STWIN -I../../../../../../../Drivers/BSP/Components/Common -O0 -ffunction-sections -Wall -fstack-usage -fcyclomatic-complexity -MMD -MP -MF"Drivers/BSP/STWIN/STWIN_audio.d" -MT"Drivers/BSP/STWIN/STWIN_audio.o" --specs=nano.specs -mfpu=fpv4-sp-d16 -mfloat-abi=softfp -mthumb -o "Drivers/BSP/STWIN/STWIN_audio.o"
arm-none-eabi-gcc "C:/Users/angel/STM32CubeIDE/STWINK2/x-cube-memsmic1-main (1)/x-cube-memsmic1-main/Drivers/BSP/STWIN/STWIN_bus.c" -mcpu=cortex-m4 -std=gnu11 -g3 -DUSE_HAL_DRIVER -DSTM32L4R9xx -DUSE_USB_FS -DARM_MATH_CM4 -c -I../../../Inc -I../../../../../../../Drivers/CMSIS/Device/ST/STM32L4xx/Include -I../../../../../../../Drivers/STM32L4xx_HAL_Driver/Inc -I../../../../../../../Middlewares/ST/STM32_USB_Device_Library/Class/AUDIO/Inc -I../../../../../../../Middlewares/ST/STM32_USB_Device_Library/Core/Inc -I../../../../../../../Drivers/CMSIS/Include -I../../../../../../../Drivers/CMSIS/DSP/Include -I../../../../../../../Drivers/BSP/STWIN -I../../../../../../../Drivers/BSP/Components/Common -O0 -ffunction-sections -Wall -fstack-usage -fcyclomatic-complexity -MMD -MP -MF"Drivers/BSP/STWIN/STWIN_bus.d" -MT"Drivers/BSP/STWIN/STWIN_bus.o" --specs=nano.specs -mfpu=fpv4-sp-d16 -mfloat-abi=softfp -mthumb -o "Drivers/BSP/STWIN/STWIN_bus.o"
arm-none-eabi-gcc "C:/Users/angel/STM32CubeIDE/STWINK2/x-cube-memsmic1-main (1)/x-cube-memsmic1-main/Projects/STM32L4R9ZI-STWIN/Demonstration/Microphones_Streaming/Src/audio_application.c" -mcpu=cortex-m4 -std=gnu11 -g3 -DUSE_HAL_DRIVER -DSTM32L4R9xx -DUSE_USB_FS -DARM_MATH_CM4 -c -I../../../Inc -I../../../../../../../Drivers/CMSIS/Device/ST/STM32L4xx/Include -I../../../../../../../Drivers/STM32L4xx_HAL_Driver/Inc -I../../../../../../../Middlewares/ST/STM32_USB_Device_Library/Class/AUDIO/Inc -I../../../../../../../Middlewares/ST/STM32_USB_Device_Library/Core/Inc -I../../../../../../../Drivers/CMSIS/Include -I../../../../../../../Drivers/CMSIS/DSP/Include -I../../../../../../../Drivers/BSP/STWIN -I../../../../../../../Drivers/BSP/Components/Common -O0 -ffunction-sections -Wall -fstack-usage -fcyclomatic-complexity -MMD -MP -MF"Application/User/audio_application.d" -MT"Application/User/audio_application.o" --specs=nano.specs -mfpu=fpv4-sp-d16 -mfloat-abi=softfp -mthumb -o "Application/User/audio_application.o"
arm-none-eabi-gcc "C:/Users/angel/STM32CubeIDE/STWINK2/x-cube-memsmic1-main (1)/x-cube-memsmic1-main/Projects/STM32L4R9ZI-STWIN/Demonstration/Microphones_Streaming/Src/cube_hal_l4.c" -mcpu=cortex-m4 -std=gnu11 -g3 -DUSE_HAL_DRIVER -DSTM32L4R9xx -DUSE_USB_FS -DARM_MATH_CM4 -c -I../../../Inc -I../../../../../../../Drivers/CMSIS/Device/ST/STM32L4xx/Include -I../../../../../../../Drivers/STM32L4xx_HAL_Driver/Inc -I../../../../../../../Middlewares/ST/STM32_USB_Device_Library/Class/AUDIO/Inc -I../../../../../../../Middlewares/ST/STM32_USB_Device_Library/Core/Inc -I../../../../../../../Drivers/CMSIS/Include -I../../../../../../../Drivers/CMSIS/DSP/Include -I../../../../../../../Drivers/BSP/STWIN -I../../../../../../../Drivers/BSP/Components/Common -O0 -ffunction-sections -Wall -fstack-usage -fcyclomatic-complexity -MMD -MP -MF"Application/User/cube_hal_l4.d" -MT"Application/User/cube_hal_l4.o" --specs=nano.specs -mfpu=fpv4-sp-d16 -mfloat-abi=softfp -mthumb -o "Application/User/cube_hal_l4.o"
arm-none-eabi-gcc "C:/Users/angel/STM32CubeIDE/STWINK2/x-cube-memsmic1-main (1)/x-cube-memsmic1-main/Projects/STM32L4R9ZI-STWIN/Demonstration/Microphones_Streaming/Src/main.c" -mcpu=cortex-m4 -std=gnu11 -g3 -DUSE_HAL_DRIVER -DSTM32L4R9xx -DUSE_USB_FS -DARM_MATH_CM4 -c -I../../../Inc -I../../../../../../../Drivers/CMSIS/Device/ST/STM32L4xx/Include -I../../../../../../../Drivers/STM32L4xx_HAL_Driver/Inc -I../../../../../../../Middlewares/ST/STM32_USB_Device_Library/Class/AUDIO/Inc -I../../../../../../../Middlewares/ST/STM32_USB_Device_Library/Core/Inc -I../../../../../../../Drivers/CMSIS/Include -I../../../../../../../Drivers/CMSIS/DSP/Include -I../../../../../../../Drivers/BSP/STWIN -I../../../../../../../Drivers/BSP/Components/Common -O0 -ffunction-sections -Wall -fstack-usage -fcyclomatic-complexity -MMD -MP -MF"Application/User/main.d" -MT"Application/User/main.o" --specs=nano.specs -mfpu=fpv4-sp-d16 -mfloat-abi=softfp -mthumb -o "Application/User/main.o"
arm-none-eabi-gcc "C:/Users/angel/STM32CubeIDE/STWINK2/x-cube-memsmic1-main (1)/x-cube-memsmic1-main/Projects/STM32L4R9ZI-STWIN/Demonstration/Microphones_Streaming/Src/stm32xx_it.c" -mcpu=cortex-m4 -std=gnu11 -g3 -DUSE_HAL_DRIVER -DSTM32L4R9xx -DUSE_USB_FS -DARM_MATH_CM4 -c -I../../../Inc -I../../../../../../../Drivers/CMSIS/Device/ST/STM32L4xx/Include -I../../../../../../../Drivers/STM32L4xx_HAL_Driver/Inc -I../../../../../../../Middlewares/ST/STM32_USB_Device_Library/Class/AUDIO/Inc -I../../../../../../../Middlewares/ST/STM32_USB_Device_Library/Core/Inc -I../../../../../../../Drivers/CMSIS/Include -I../../../../../../../Drivers/CMSIS/DSP/Include -I../../../../../../../Drivers/BSP/STWIN -I../../../../../../../Drivers/BSP/Components/Common -O0 -ffunction-sections -Wall -fstack-usage -fcyclomatic-complexity -MMD -MP -MF"Application/User/stm32xx_it.d" -MT"Application/User/stm32xx_it.o" --specs=nano.specs -mfpu=fpv4-sp-d16 -mfloat-abi=softfp -mthumb -o "Application/User/stm32xx_it.o"
arm-none-eabi-gcc "C:/Users/angel/STM32CubeIDE/STWINK2/x-cube-memsmic1-main (1)/x-cube-memsmic1-main/Projects/STM32L4R9ZI-STWIN/Demonstration/Microphones_Streaming/Src/usbd_audio_if.c" -mcpu=cortex-m4 -std=gnu11 -g3 -DUSE_HAL_DRIVER -DSTM32L4R9xx -DUSE_USB_FS -DARM_MATH_CM4 -c -I../../../Inc -I../../../../../../../Drivers/CMSIS/Device/ST/STM32L4xx/Include -I../../../../../../../Drivers/STM32L4xx_HAL_Driver/Inc -I../../../../../../../Middlewares/ST/STM32_USB_Device_Library/Class/AUDIO/Inc -I../../../../../../../Middlewares/ST/STM32_USB_Device_Library/Core/Inc -I../../../../../../../Drivers/CMSIS/Include -I../../../../../../../Drivers/CMSIS/DSP/Include -I../../../../../../../Drivers/BSP/STWIN -I../../../../../../../Drivers/BSP/Components/Common -O0 -ffunction-sections -Wall -fstack-usage -fcyclomatic-complexity -MMD -MP -MF"Application/User/usbd_audio_if.d" -MT"Application/User/usbd_audio_if.o" --specs=nano.specs -mfpu=fpv4-sp-d16 -mfloat-abi=softfp -mthumb -o "Application/User/usbd_audio_if.o"
arm-none-eabi-gcc "C:/Users/angel/STM32CubeIDE/STWINK2/x-cube-memsmic1-main (1)/x-cube-memsmic1-main/Projects/STM32L4R9ZI-STWIN/Demonstration/Microphones_Streaming/Src/usbd_conf_l4.c" -mcpu=cortex-m4 -std=gnu11 -g3 -DUSE_HAL_DRIVER -DSTM32L4R9xx -DUSE_USB_FS -DARM_MATH_CM4 -c -I../../../Inc -I../../../../../../../Drivers/CMSIS/Device/ST/STM32L4xx/Include -I../../../../../../../Drivers/STM32L4xx_HAL_Driver/Inc -I../../../../../../../Middlewares/ST/STM32_USB_Device_Library/Class/AUDIO/Inc -I../../../../../../../Middlewares/ST/STM32_USB_Device_Library/Core/Inc -I../../../../../../../Drivers/CMSIS/Include -I../../../../../../../Drivers/CMSIS/DSP/Include -I../../../../../../../Drivers/BSP/STWIN -I../../../../../../../Drivers/BSP/Components/Common -O0 -ffunction-sections -Wall -fstack-usage -fcyclomatic-complexity -MMD -MP -MF"Application/User/usbd_conf_l4.d" -MT"Application/User/usbd_conf_l4.o" --specs=nano.specs -mfpu=fpv4-sp-d16 -mfloat-abi=softfp -mthumb -o "Application/User/usbd_conf_l4.o"
arm-none-eabi-gcc "C:/Users/angel/STM32CubeIDE/STWINK2/x-cube-memsmic1-main (1)/x-cube-memsmic1-main/Projects/STM32L4R9ZI-STWIN/Demonstration/Microphones_Streaming/Src/usbd_desc.c" -mcpu=cortex-m4 -std=gnu11 -g3 -DUSE_HAL_DRIVER -DSTM32L4R9xx -DUSE_USB_FS -DARM_MATH_CM4 -c -I../../../Inc -I../../../../../../../Drivers/CMSIS/Device/ST/STM32L4xx/Include -I../../../../../../../Drivers/STM32L4xx_HAL_Driver/Inc -I../../../../../../../Middlewares/ST/STM32_USB_Device_Library/Class/AUDIO/Inc -I../../../../../../../Middlewares/ST/STM32_USB_Device_Library/Core/Inc -I../../../../../../../Drivers/CMSIS/Include -I../../../../../../../Drivers/CMSIS/DSP/Include -I../../../../../../../Drivers/BSP/STWIN -I../../../../../../../Drivers/BSP/Components/Common -O0 -ffunction-sections -Wall -fstack-usage -fcyclomatic-complexity -MMD -MP -MF"Application/User/usbd_desc.d" -MT"Application/User/usbd_desc.o" --specs=nano.specs -mfpu=fpv4-sp-d16 -mfloat-abi=softfp -mthumb -o "Application/User/usbd_desc.o"
arm-none-eabi-gcc -mcpu=cortex-m4 -g3 -c -x assembler-with-cpp -MMD -MP -MF"Application/SW4STM32/startup_stm32l4r9xx.d" -MT"Application/SW4STM32/startup_stm32l4r9xx.o" --specs=nano.specs -mfpu=fpv4-sp-d16 -mfloat-abi=softfp -mthumb -o "Application/SW4STM32/startup_stm32l4r9xx.o" "C:/Users/angel/STM32CubeIDE/STWINK2/x-cube-memsmic1-main (1)/x-cube-memsmic1-main/Projects/STM32L4R9ZI-STWIN/Demonstration/Microphones_Streaming/STM32CubeIDE/startup_stm32l4r9xx.s"
arm-none-eabi-gcc "C:/Users/angel/STM32CubeIDE/STWINK2/x-cube-memsmic1-main (1)/x-cube-memsmic1-main/Projects/STM32L4R9ZI-STWIN/Demonstration/Microphones_Streaming/STM32CubeIDE/syscalls.c" -mcpu=cortex-m4 -std=gnu11 -g3 -DUSE_HAL_DRIVER -DSTM32L4R9xx -DUSE_USB_FS -DARM_MATH_CM4 -c -I../../../Inc -I../../../../../../../Drivers/CMSIS/Device/ST/STM32L4xx/Include -I../../../../../../../Drivers/STM32L4xx_HAL_Driver/Inc -I../../../../../../../Middlewares/ST/STM32_USB_Device_Library/Class/AUDIO/Inc -I../../../../../../../Middlewares/ST/STM32_USB_Device_Library/Core/Inc -I../../../../../../../Drivers/CMSIS/Include -I../../../../../../../Drivers/CMSIS/DSP/Include -I../../../../../../../Drivers/BSP/STWIN -I../../../../../../../Drivers/BSP/Components/Common -O0 -ffunction-sections -Wall -fstack-usage -fcyclomatic-complexity -MMD -MP -MF"Application/SW4STM32/syscalls.d" -MT"Application/SW4STM32/syscalls.o" --specs=nano.specs -mfpu=fpv4-sp-d16 -mfloat-abi=softfp -mthumb -o "Application/SW4STM32/syscalls.o"
arm-none-eabi-gcc -o "OnBoardMics.elf" @"objects.list"  -l:libarm_cortexM4l_math.a -mcpu=cortex-m4 -T"../STM32L4R9ZITx_FLASH.ld" --specs=nosys.specs -Wl,-Map="OnBoardMics.map" -Wl,--gc-sections -static -L../../../../../../../Drivers/CMSIS/DSP/Lib/GCC --specs=nano.specs -mfpu=fpv4-sp-d16 -mfloat-abi=softfp -mthumb -Wl,--start-group -lc -lm -Wl,--end-group
Finished building target: OnBoardMics.elf
 
arm-none-eabi-size   OnBoardMics.elf 
arm-none-eabi-objdump -h -S  OnBoardMics.elf  > "OnBoardMics.list"
arm-none-eabi-objcopy  -O binary  OnBoardMics.elf  "OnBoardMics.bin"
   text	   data	    bss	    dec	    hex	filename
 131432	    280	  22200	 153912	  25938	OnBoardMics.elf
Finished building: default.size.stdout
 
Finished building: OnBoardMics.bin
 
Finished building: OnBoardMics.list
 
08:39:19 **** Incremental Build of configuration Debug for project OnBoardMics ****
make -j16 all 
arm-none-eabi-gcc "C:/Users/angel/STM32CubeIDE/STWINK2/x-cube-memsmic1-main (1)/x-cube-memsmic1-main/Projects/STM32L4R9ZI-STWIN/Demonstration/Microphones_Streaming/Src/main.c" -mcpu=cortex-m4 -std=gnu11 -g3 -DUSE_HAL_DRIVER -DSTM32L4R9xx -DUSE_USB_FS -DARM_MATH_CM4 -c -I../../../Inc -I../../../../../../../Drivers/CMSIS/Device/ST/STM32L4xx/Include -I../../../../../../../Drivers/STM32L4xx_HAL_Driver/Inc -I../../../../../../../Middlewares/ST/STM32_USB_Device_Library/Class/AUDIO/Inc -I../../../../../../../Middlewares/ST/STM32_USB_Device_Library/Core/Inc -I../../../../../../../Drivers/CMSIS/Include -I../../../../../../../Drivers/CMSIS/DSP/Include -I../../../../../../../Drivers/BSP/STWIN -I../../../../../../../Drivers/BSP/Components/Common -O0 -ffunction-sections -Wall -fstack-usage -fcyclomatic-complexity -MMD -MP -MF"Application/User/main.d" -MT"Application/User/main.o" --specs=nano.specs -mfpu=fpv4-sp-d16 -mfloat-abi=softfp -mthumb -o "Application/User/main.o"
C:/Users/angel/STM32CubeIDE/STWINK2/x-cube-memsmic1-main (1)/x-cube-memsmic1-main/Projects/STM32L4R9ZI-STWIN/Demonstration/Microphones_Streaming/Src/main.c: In function 'main':
C:/Users/angel/STM32CubeIDE/STWINK2/x-cube-memsmic1-main (1)/x-cube-memsmic1-main/Projects/STM32L4R9ZI-STWIN/Demonstration/Microphones_Streaming/Src/main.c:83:11: warning: unused variable 'txBuffer' [-Wunused-variable]
   83 |   uint8_t txBuffer[64];
      |           ^~~~~~~~
arm-none-eabi-gcc -o "OnBoardMics.elf" @"objects.list"  -l:libarm_cortexM4l_math.a -mcpu=cortex-m4 -T"../STM32L4R9ZITx_FLASH.ld" --specs=nosys.specs -Wl,-Map="OnBoardMics.map" -Wl,--gc-sections -static -L../../../../../../../Drivers/CMSIS/DSP/Lib/GCC --specs=nano.specs -mfpu=fpv4-sp-d16 -mfloat-abi=softfp -mthumb -Wl,--start-group -lc -lm -Wl,--end-group
Finished building target: OnBoardMics.elf
 
arm-none-eabi-size   OnBoardMics.elf 
arm-none-eabi-objdump -h -S  OnBoardMics.elf  > "OnBoardMics.list"
arm-none-eabi-objcopy  -O binary  OnBoardMics.elf  "OnBoardMics.bin"
   text	   data	    bss	    dec	    hex	filename
 131448	    280	  22200	 153928	  25948	OnBoardMics.elf
Finished building: default.size.stdout
 
Finished building: OnBoardMics.bin
 
Finished building: OnBoardMics.list
 
08:40:50 **** Incremental Build of configuration Debug for project OnBoardMics ****
make -j16 all 
arm-none-eabi-gcc "C:/Users/angel/STM32CubeIDE/STWINK2/x-cube-memsmic1-main (1)/x-cube-memsmic1-main/Projects/STM32L4R9ZI-STWIN/Demonstration/Microphones_Streaming/Src/main.c" -mcpu=cortex-m4 -std=gnu11 -g3 -DUSE_HAL_DRIVER -DSTM32L4R9xx -DUSE_USB_FS -DARM_MATH_CM4 -c -I../../../Inc -I../../../../../../../Drivers/CMSIS/Device/ST/STM32L4xx/Include -I../../../../../../../Drivers/STM32L4xx_HAL_Driver/Inc -I../../../../../../../Middlewares/ST/STM32_USB_Device_Library/Class/AUDIO/Inc -I../../../../../../../Middlewares/ST/STM32_USB_Device_Library/Core/Inc -I../../../../../../../Drivers/CMSIS/Include -I../../../../../../../Drivers/CMSIS/DSP/Include -I../../../../../../../Drivers/BSP/STWIN -I../../../../../../../Drivers/BSP/Components/Common -O0 -ffunction-sections -Wall -fstack-usage -fcyclomatic-complexity -MMD -MP -MF"Application/User/main.d" -MT"Application/User/main.o" --specs=nano.specs -mfpu=fpv4-sp-d16 -mfloat-abi=softfp -mthumb -o "Application/User/main.o"
C:/Users/angel/STM32CubeIDE/STWINK2/x-cube-memsmic1-main (1)/x-cube-memsmic1-main/Projects/STM32L4R9ZI-STWIN/Demonstration/Microphones_Streaming/Src/main.c: In function 'main':
C:/Users/angel/STM32CubeIDE/STWINK2/x-cube-memsmic1-main (1)/x-cube-memsmic1-main/Projects/STM32L4R9ZI-STWIN/Demonstration/Microphones_Streaming/Src/main.c:82:27: error: 'USBD_EP_IN' undeclared (first use in this function)
   82 |   USBD_LL_OpenEP(&fftOut, USBD_EP_IN, USBD_EP_TYPE_BULK, 64);
      |                           ^~~~~~~~~~
C:/Users/angel/STM32CubeIDE/STWINK2/x-cube-memsmic1-main (1)/x-cube-memsmic1-main/Projects/STM32L4R9ZI-STWIN/Demonstration/Microphones_Streaming/Src/main.c:82:27: note: each undeclared identifier is reported only once for each function it appears in
make: *** [Application/User/subdir.mk:41: Application/User/main.o] Error 1
"make -j16 all" terminated with exit code 2. Build might be incomplete.
08:41:04 **** Incremental Build of configuration Debug for project OnBoardMics ****
make -j16 all 
arm-none-eabi-gcc "C:/Users/angel/STM32CubeIDE/STWINK2/x-cube-memsmic1-main (1)/x-cube-memsmic1-main/Projects/STM32L4R9ZI-STWIN/Demonstration/Microphones_Streaming/Src/main.c" -mcpu=cortex-m4 -std=gnu11 -g3 -DUSE_HAL_DRIVER -DSTM32L4R9xx -DUSE_USB_FS -DARM_MATH_CM4 -c -I../../../Inc -I../../../../../../../Drivers/CMSIS/Device/ST/STM32L4xx/Include -I../../../../../../../Drivers/STM32L4xx_HAL_Driver/Inc -I../../../../../../../Middlewares/ST/STM32_USB_Device_Library/Class/AUDIO/Inc -I../../../../../../../Middlewares/ST/STM32_USB_Device_Library/Core/Inc -I../../../../../../../Drivers/CMSIS/Include -I../../../../../../../Drivers/CMSIS/DSP/Include -I../../../../../../../Drivers/BSP/STWIN -I../../../../../../../Drivers/BSP/Components/Common -O0 -ffunction-sections -Wall -fstack-usage -fcyclomatic-complexity -MMD -MP -MF"Application/User/main.d" -MT"Application/User/main.o" --specs=nano.specs -mfpu=fpv4-sp-d16 -mfloat-abi=softfp -mthumb -o "Application/User/main.o"
arm-none-eabi-gcc -o "OnBoardMics.elf" @"objects.list"  -l:libarm_cortexM4l_math.a -mcpu=cortex-m4 -T"../STM32L4R9ZITx_FLASH.ld" --specs=nosys.specs -Wl,-Map="OnBoardMics.map" -Wl,--gc-sections -static -L../../../../../../../Drivers/CMSIS/DSP/Lib/GCC --specs=nano.specs -mfpu=fpv4-sp-d16 -mfloat-abi=softfp -mthumb -Wl,--start-group -lc -lm -Wl,--end-group
Finished building target: OnBoardMics.elf
 
arm-none-eabi-size   OnBoardMics.elf 
arm-none-eabi-objdump -h -S  OnBoardMics.elf  > "OnBoardMics.list"
arm-none-eabi-objcopy  -O binary  OnBoardMics.elf  "OnBoardMics.bin"
   text	   data	    bss	    dec	    hex	filename
 131464	    280	  22200	 153944	  25958	OnBoardMics.elf
Finished building: default.size.stdout
 
Finished building: OnBoardMics.bin
 
Finished building: OnBoardMics.list
 
08:42:06 **** Incremental Build of configuration Debug for project OnBoardMics ****
make -j16 all 
arm-none-eabi-gcc "C:/Users/angel/STM32CubeIDE/STWINK2/x-cube-memsmic1-main (1)/x-cube-memsmic1-main/Projects/STM32L4R9ZI-STWIN/Demonstration/Microphones_Streaming/Src/audio_application.c" -mcpu=cortex-m4 -std=gnu11 -g3 -DUSE_HAL_DRIVER -DSTM32L4R9xx -DUSE_USB_FS -DARM_MATH_CM4 -c -I../../../Inc -I../../../../../../../Drivers/CMSIS/Device/ST/STM32L4xx/Include -I../../../../../../../Drivers/STM32L4xx_HAL_Driver/Inc -I../../../../../../../Middlewares/ST/STM32_USB_Device_Library/Class/AUDIO/Inc -I../../../../../../../Middlewares/ST/STM32_USB_Device_Library/Core/Inc -I../../../../../../../Drivers/CMSIS/Include -I../../../../../../../Drivers/CMSIS/DSP/Include -I../../../../../../../Drivers/BSP/STWIN -I../../../../../../../Drivers/BSP/Components/Common -O0 -ffunction-sections -Wall -fstack-usage -fcyclomatic-complexity -MMD -MP -MF"Application/User/audio_application.d" -MT"Application/User/audio_application.o" --specs=nano.specs -mfpu=fpv4-sp-d16 -mfloat-abi=softfp -mthumb -o "Application/User/audio_application.o"
arm-none-eabi-gcc "C:/Users/angel/STM32CubeIDE/STWINK2/x-cube-memsmic1-main (1)/x-cube-memsmic1-main/Projects/STM32L4R9ZI-STWIN/Demonstration/Microphones_Streaming/Src/cube_hal_l4.c" -mcpu=cortex-m4 -std=gnu11 -g3 -DUSE_HAL_DRIVER -DSTM32L4R9xx -DUSE_USB_FS -DARM_MATH_CM4 -c -I../../../Inc -I../../../../../../../Drivers/CMSIS/Device/ST/STM32L4xx/Include -I../../../../../../../Drivers/STM32L4xx_HAL_Driver/Inc -I../../../../../../../Middlewares/ST/STM32_USB_Device_Library/Class/AUDIO/Inc -I../../../../../../../Middlewares/ST/STM32_USB_Device_Library/Core/Inc -I../../../../../../../Drivers/CMSIS/Include -I../../../../../../../Drivers/CMSIS/DSP/Include -I../../../../../../../Drivers/BSP/STWIN -I../../../../../../../Drivers/BSP/Components/Common -O0 -ffunction-sections -Wall -fstack-usage -fcyclomatic-complexity -MMD -MP -MF"Application/User/cube_hal_l4.d" -MT"Application/User/cube_hal_l4.o" --specs=nano.specs -mfpu=fpv4-sp-d16 -mfloat-abi=softfp -mthumb -o "Application/User/cube_hal_l4.o"
arm-none-eabi-gcc "C:/Users/angel/STM32CubeIDE/STWINK2/x-cube-memsmic1-main (1)/x-cube-memsmic1-main/Projects/STM32L4R9ZI-STWIN/Demonstration/Microphones_Streaming/Src/main.c" -mcpu=cortex-m4 -std=gnu11 -g3 -DUSE_HAL_DRIVER -DSTM32L4R9xx -DUSE_USB_FS -DARM_MATH_CM4 -c -I../../../Inc -I../../../../../../../Drivers/CMSIS/Device/ST/STM32L4xx/Include -I../../../../../../../Drivers/STM32L4xx_HAL_Driver/Inc -I../../../../../../../Middlewares/ST/STM32_USB_Device_Library/Class/AUDIO/Inc -I../../../../../../../Middlewares/ST/STM32_USB_Device_Library/Core/Inc -I../../../../../../../Drivers/CMSIS/Include -I../../../../../../../Drivers/CMSIS/DSP/Include -I../../../../../../../Drivers/BSP/STWIN -I../../../../../../../Drivers/BSP/Components/Common -O0 -ffunction-sections -Wall -fstack-usage -fcyclomatic-complexity -MMD -MP -MF"Application/User/main.d" -MT"Application/User/main.o" --specs=nano.specs -mfpu=fpv4-sp-d16 -mfloat-abi=softfp -mthumb -o "Application/User/main.o"
arm-none-eabi-gcc "C:/Users/angel/STM32CubeIDE/STWINK2/x-cube-memsmic1-main (1)/x-cube-memsmic1-main/Projects/STM32L4R9ZI-STWIN/Demonstration/Microphones_Streaming/Src/stm32xx_it.c" -mcpu=cortex-m4 -std=gnu11 -g3 -DUSE_HAL_DRIVER -DSTM32L4R9xx -DUSE_USB_FS -DARM_MATH_CM4 -c -I../../../Inc -I../../../../../../../Drivers/CMSIS/Device/ST/STM32L4xx/Include -I../../../../../../../Drivers/STM32L4xx_HAL_Driver/Inc -I../../../../../../../Middlewares/ST/STM32_USB_Device_Library/Class/AUDIO/Inc -I../../../../../../../Middlewares/ST/STM32_USB_Device_Library/Core/Inc -I../../../../../../../Drivers/CMSIS/Include -I../../../../../../../Drivers/CMSIS/DSP/Include -I../../../../../../../Drivers/BSP/STWIN -I../../../../../../../Drivers/BSP/Components/Common -O0 -ffunction-sections -Wall -fstack-usage -fcyclomatic-complexity -MMD -MP -MF"Application/User/stm32xx_it.d" -MT"Application/User/stm32xx_it.o" --specs=nano.specs -mfpu=fpv4-sp-d16 -mfloat-abi=softfp -mthumb -o "Application/User/stm32xx_it.o"
arm-none-eabi-gcc "C:/Users/angel/STM32CubeIDE/STWINK2/x-cube-memsmic1-main (1)/x-cube-memsmic1-main/Projects/STM32L4R9ZI-STWIN/Demonstration/Microphones_Streaming/Src/usbd_audio_if.c" -mcpu=cortex-m4 -std=gnu11 -g3 -DUSE_HAL_DRIVER -DSTM32L4R9xx -DUSE_USB_FS -DARM_MATH_CM4 -c -I../../../Inc -I../../../../../../../Drivers/CMSIS/Device/ST/STM32L4xx/Include -I../../../../../../../Drivers/STM32L4xx_HAL_Driver/Inc -I../../../../../../../Middlewares/ST/STM32_USB_Device_Library/Class/AUDIO/Inc -I../../../../../../../Middlewares/ST/STM32_USB_Device_Library/Core/Inc -I../../../../../../../Drivers/CMSIS/Include -I../../../../../../../Drivers/CMSIS/DSP/Include -I../../../../../../../Drivers/BSP/STWIN -I../../../../../../../Drivers/BSP/Components/Common -O0 -ffunction-sections -Wall -fstack-usage -fcyclomatic-complexity -MMD -MP -MF"Application/User/usbd_audio_if.d" -MT"Application/User/usbd_audio_if.o" --specs=nano.specs -mfpu=fpv4-sp-d16 -mfloat-abi=softfp -mthumb -o "Application/User/usbd_audio_if.o"
arm-none-eabi-gcc -o "OnBoardMics.elf" @"objects.list"  -l:libarm_cortexM4l_math.a -mcpu=cortex-m4 -T"../STM32L4R9ZITx_FLASH.ld" --specs=nosys.specs -Wl,-Map="OnBoardMics.map" -Wl,--gc-sections -static -L../../../../../../../Drivers/CMSIS/DSP/Lib/GCC --specs=nano.specs -mfpu=fpv4-sp-d16 -mfloat-abi=softfp -mthumb -Wl,--start-group -lc -lm -Wl,--end-group
C:/ST/STM32CubeIDE_1.12.1/STM32CubeIDE/plugins/com.st.stm32cube.ide.mcu.externaltools.gnu-tools-for-stm32.11.3.rel1.win32_1.1.0.202305231506/tools/bin/../lib/gcc/arm-none-eabi/11.3.1/../../../../arm-none-eabi/bin/ld.exe: ./Application/User/cube_hal_l4.o:C:/Users/angel/STM32CubeIDE/STWINK2/x-cube-memsmic1-main (1)/x-cube-memsmic1-main/Projects/STM32L4R9ZI-STWIN/Demonstration/Microphones_Streaming/STM32CubeIDE/OnBoardMics/Debug/../../../Inc/audio_application.h:29: multiple definition of `fftOut'; ./Application/User/audio_application.o:C:/Users/angel/STM32CubeIDE/STWINK2/x-cube-memsmic1-main (1)/x-cube-memsmic1-main/Projects/STM32L4R9ZI-STWIN/Demonstration/Microphones_Streaming/STM32CubeIDE/OnBoardMics/Debug/../../../Inc/audio_application.h:29: first defined here
C:/ST/STM32CubeIDE_1.12.1/STM32CubeIDE/plugins/com.st.stm32cube.ide.mcu.externaltools.gnu-tools-for-stm32.11.3.rel1.win32_1.1.0.202305231506/tools/bin/../lib/gcc/arm-none-eabi/11.3.1/../../../../arm-none-eabi/bin/ld.exe: ./Application/User/main.o:C:/Users/angel/STM32CubeIDE/STWINK2/x-cube-memsmic1-main (1)/x-cube-memsmic1-main/Projects/STM32L4R9ZI-STWIN/Demonstration/Microphones_Streaming/STM32CubeIDE/OnBoardMics/Debug/../../../Inc/audio_application.h:29: multiple definition of `fftOut'; ./Application/User/audio_application.o:C:/Users/angel/STM32CubeIDE/STWINK2/x-cube-memsmic1-main (1)/x-cube-memsmic1-main/Projects/STM32L4R9ZI-STWIN/Demonstration/Microphones_Streaming/STM32CubeIDE/OnBoardMics/Debug/../../../Inc/audio_application.h:29: first defined here
C:/ST/STM32CubeIDE_1.12.1/STM32CubeIDE/plugins/com.st.stm32cube.ide.mcu.externaltools.gnu-tools-for-stm32.11.3.rel1.win32_1.1.0.202305231506/tools/bin/../lib/gcc/arm-none-eabi/11.3.1/../../../../arm-none-eabi/bin/ld.exe: ./Application/User/stm32xx_it.o:C:/Users/angel/STM32CubeIDE/STWINK2/x-cube-memsmic1-main (1)/x-cube-memsmic1-main/Projects/STM32L4R9ZI-STWIN/Demonstration/Microphones_Streaming/STM32CubeIDE/OnBoardMics/Debug/../../../Inc/audio_application.h:29: multiple definition of `fftOut'; ./Application/User/audio_application.o:C:/Users/angel/STM32CubeIDE/STWINK2/x-cube-memsmic1-main (1)/x-cube-memsmic1-main/Projects/STM32L4R9ZI-STWIN/Demonstration/Microphones_Streaming/STM32CubeIDE/OnBoardMics/Debug/../../../Inc/audio_application.h:29: first defined here
C:/ST/STM32CubeIDE_1.12.1/STM32CubeIDE/plugins/com.st.stm32cube.ide.mcu.externaltools.gnu-tools-for-stm32.11.3.rel1.win32_1.1.0.202305231506/tools/bin/../lib/gcc/arm-none-eabi/11.3.1/../../../../arm-none-eabi/bin/ld.exe: ./Application/User/usbd_audio_if.o:C:/Users/angel/STM32CubeIDE/STWINK2/x-cube-memsmic1-main (1)/x-cube-memsmic1-main/Projects/STM32L4R9ZI-STWIN/Demonstration/Microphones_Streaming/STM32CubeIDE/OnBoardMics/Debug/../../../Inc/audio_application.h:29: multiple definition of `fftOut'; ./Application/User/audio_application.o:C:/Users/angel/STM32CubeIDE/STWINK2/x-cube-memsmic1-main (1)/x-cube-memsmic1-main/Projects/STM32L4R9ZI-STWIN/Demonstration/Microphones_Streaming/STM32CubeIDE/OnBoardMics/Debug/../../../Inc/audio_application.h:29: first defined here
collect2.exe: error: ld returned 1 exit status
make: *** [makefile:71: OnBoardMics.elf] Error 1
"make -j16 all" terminated with exit code 2. Build might be incomplete.
08:43:35 **** Incremental Build of configuration Debug for project OnBoardMics ****
make -j16 all 
arm-none-eabi-gcc "C:/Users/angel/STM32CubeIDE/STWINK2/x-cube-memsmic1-main (1)/x-cube-memsmic1-main/Projects/STM32L4R9ZI-STWIN/Demonstration/Microphones_Streaming/Src/audio_application.c" -mcpu=cortex-m4 -std=gnu11 -g3 -DUSE_HAL_DRIVER -DSTM32L4R9xx -DUSE_USB_FS -DARM_MATH_CM4 -c -I../../../Inc -I../../../../../../../Drivers/CMSIS/Device/ST/STM32L4xx/Include -I../../../../../../../Drivers/STM32L4xx_HAL_Driver/Inc -I../../../../../../../Middlewares/ST/STM32_USB_Device_Library/Class/AUDIO/Inc -I../../../../../../../Middlewares/ST/STM32_USB_Device_Library/Core/Inc -I../../../../../../../Drivers/CMSIS/Include -I../../../../../../../Drivers/CMSIS/DSP/Include -I../../../../../../../Drivers/BSP/STWIN -I../../../../../../../Drivers/BSP/Components/Common -O0 -ffunction-sections -Wall -fstack-usage -fcyclomatic-complexity -MMD -MP -MF"Application/User/audio_application.d" -MT"Application/User/audio_application.o" --specs=nano.specs -mfpu=fpv4-sp-d16 -mfloat-abi=softfp -mthumb -o "Application/User/audio_application.o"
arm-none-eabi-gcc "C:/Users/angel/STM32CubeIDE/STWINK2/x-cube-memsmic1-main (1)/x-cube-memsmic1-main/Projects/STM32L4R9ZI-STWIN/Demonstration/Microphones_Streaming/Src/cube_hal_l4.c" -mcpu=cortex-m4 -std=gnu11 -g3 -DUSE_HAL_DRIVER -DSTM32L4R9xx -DUSE_USB_FS -DARM_MATH_CM4 -c -I../../../Inc -I../../../../../../../Drivers/CMSIS/Device/ST/STM32L4xx/Include -I../../../../../../../Drivers/STM32L4xx_HAL_Driver/Inc -I../../../../../../../Middlewares/ST/STM32_USB_Device_Library/Class/AUDIO/Inc -I../../../../../../../Middlewares/ST/STM32_USB_Device_Library/Core/Inc -I../../../../../../../Drivers/CMSIS/Include -I../../../../../../../Drivers/CMSIS/DSP/Include -I../../../../../../../Drivers/BSP/STWIN -I../../../../../../../Drivers/BSP/Components/Common -O0 -ffunction-sections -Wall -fstack-usage -fcyclomatic-complexity -MMD -MP -MF"Application/User/cube_hal_l4.d" -MT"Application/User/cube_hal_l4.o" --specs=nano.specs -mfpu=fpv4-sp-d16 -mfloat-abi=softfp -mthumb -o "Application/User/cube_hal_l4.o"
arm-none-eabi-gcc "C:/Users/angel/STM32CubeIDE/STWINK2/x-cube-memsmic1-main (1)/x-cube-memsmic1-main/Projects/STM32L4R9ZI-STWIN/Demonstration/Microphones_Streaming/Src/main.c" -mcpu=cortex-m4 -std=gnu11 -g3 -DUSE_HAL_DRIVER -DSTM32L4R9xx -DUSE_USB_FS -DARM_MATH_CM4 -c -I../../../Inc -I../../../../../../../Drivers/CMSIS/Device/ST/STM32L4xx/Include -I../../../../../../../Drivers/STM32L4xx_HAL_Driver/Inc -I../../../../../../../Middlewares/ST/STM32_USB_Device_Library/Class/AUDIO/Inc -I../../../../../../../Middlewares/ST/STM32_USB_Device_Library/Core/Inc -I../../../../../../../Drivers/CMSIS/Include -I../../../../../../../Drivers/CMSIS/DSP/Include -I../../../../../../../Drivers/BSP/STWIN -I../../../../../../../Drivers/BSP/Components/Common -O0 -ffunction-sections -Wall -fstack-usage -fcyclomatic-complexity -MMD -MP -MF"Application/User/main.d" -MT"Application/User/main.o" --specs=nano.specs -mfpu=fpv4-sp-d16 -mfloat-abi=softfp -mthumb -o "Application/User/main.o"
arm-none-eabi-gcc "C:/Users/angel/STM32CubeIDE/STWINK2/x-cube-memsmic1-main (1)/x-cube-memsmic1-main/Projects/STM32L4R9ZI-STWIN/Demonstration/Microphones_Streaming/Src/stm32xx_it.c" -mcpu=cortex-m4 -std=gnu11 -g3 -DUSE_HAL_DRIVER -DSTM32L4R9xx -DUSE_USB_FS -DARM_MATH_CM4 -c -I../../../Inc -I../../../../../../../Drivers/CMSIS/Device/ST/STM32L4xx/Include -I../../../../../../../Drivers/STM32L4xx_HAL_Driver/Inc -I../../../../../../../Middlewares/ST/STM32_USB_Device_Library/Class/AUDIO/Inc -I../../../../../../../Middlewares/ST/STM32_USB_Device_Library/Core/Inc -I../../../../../../../Drivers/CMSIS/Include -I../../../../../../../Drivers/CMSIS/DSP/Include -I../../../../../../../Drivers/BSP/STWIN -I../../../../../../../Drivers/BSP/Components/Common -O0 -ffunction-sections -Wall -fstack-usage -fcyclomatic-complexity -MMD -MP -MF"Application/User/stm32xx_it.d" -MT"Application/User/stm32xx_it.o" --specs=nano.specs -mfpu=fpv4-sp-d16 -mfloat-abi=softfp -mthumb -o "Application/User/stm32xx_it.o"
arm-none-eabi-gcc "C:/Users/angel/STM32CubeIDE/STWINK2/x-cube-memsmic1-main (1)/x-cube-memsmic1-main/Projects/STM32L4R9ZI-STWIN/Demonstration/Microphones_Streaming/Src/usbd_audio_if.c" -mcpu=cortex-m4 -std=gnu11 -g3 -DUSE_HAL_DRIVER -DSTM32L4R9xx -DUSE_USB_FS -DARM_MATH_CM4 -c -I../../../Inc -I../../../../../../../Drivers/CMSIS/Device/ST/STM32L4xx/Include -I../../../../../../../Drivers/STM32L4xx_HAL_Driver/Inc -I../../../../../../../Middlewares/ST/STM32_USB_Device_Library/Class/AUDIO/Inc -I../../../../../../../Middlewares/ST/STM32_USB_Device_Library/Core/Inc -I../../../../../../../Drivers/CMSIS/Include -I../../../../../../../Drivers/CMSIS/DSP/Include -I../../../../../../../Drivers/BSP/STWIN -I../../../../../../../Drivers/BSP/Components/Common -O0 -ffunction-sections -Wall -fstack-usage -fcyclomatic-complexity -MMD -MP -MF"Application/User/usbd_audio_if.d" -MT"Application/User/usbd_audio_if.o" --specs=nano.specs -mfpu=fpv4-sp-d16 -mfloat-abi=softfp -mthumb -o "Application/User/usbd_audio_if.o"
arm-none-eabi-gcc -o "OnBoardMics.elf" @"objects.list"  -l:libarm_cortexM4l_math.a -mcpu=cortex-m4 -T"../STM32L4R9ZITx_FLASH.ld" --specs=nosys.specs -Wl,-Map="OnBoardMics.map" -Wl,--gc-sections -static -L../../../../../../../Drivers/CMSIS/DSP/Lib/GCC --specs=nano.specs -mfpu=fpv4-sp-d16 -mfloat-abi=softfp -mthumb -Wl,--start-group -lc -lm -Wl,--end-group
Finished building target: OnBoardMics.elf
 
arm-none-eabi-size   OnBoardMics.elf 
arm-none-eabi-objdump -h -S  OnBoardMics.elf  > "OnBoardMics.list"
arm-none-eabi-objcopy  -O binary  OnBoardMics.elf  "OnBoardMics.bin"
   text	   data	    bss	    dec	    hex	filename
 131440	    280	  22936	 154656	  25c20	OnBoardMics.elf
Finished building: default.size.stdout
 
Finished building: OnBoardMics.bin
 
Finished building: OnBoardMics.list
 
08:43:51 **** Incremental Build of configuration Debug for project OnBoardMics ****
make -j16 all 
arm-none-eabi-gcc "C:/Users/angel/STM32CubeIDE/STWINK2/x-cube-memsmic1-main (1)/x-cube-memsmic1-main/Projects/STM32L4R9ZI-STWIN/Demonstration/Microphones_Streaming/Src/audio_application.c" -mcpu=cortex-m4 -std=gnu11 -g3 -DUSE_HAL_DRIVER -DSTM32L4R9xx -DUSE_USB_FS -DARM_MATH_CM4 -c -I../../../Inc -I../../../../../../../Drivers/CMSIS/Device/ST/STM32L4xx/Include -I../../../../../../../Drivers/STM32L4xx_HAL_Driver/Inc -I../../../../../../../Middlewares/ST/STM32_USB_Device_Library/Class/AUDIO/Inc -I../../../../../../../Middlewares/ST/STM32_USB_Device_Library/Core/Inc -I../../../../../../../Drivers/CMSIS/Include -I../../../../../../../Drivers/CMSIS/DSP/Include -I../../../../../../../Drivers/BSP/STWIN -I../../../../../../../Drivers/BSP/Components/Common -O0 -ffunction-sections -Wall -fstack-usage -fcyclomatic-complexity -MMD -MP -MF"Application/User/audio_application.d" -MT"Application/User/audio_application.o" --specs=nano.specs -mfpu=fpv4-sp-d16 -mfloat-abi=softfp -mthumb -o "Application/User/audio_application.o"
arm-none-eabi-gcc "C:/Users/angel/STM32CubeIDE/STWINK2/x-cube-memsmic1-main (1)/x-cube-memsmic1-main/Projects/STM32L4R9ZI-STWIN/Demonstration/Microphones_Streaming/Src/main.c" -mcpu=cortex-m4 -std=gnu11 -g3 -DUSE_HAL_DRIVER -DSTM32L4R9xx -DUSE_USB_FS -DARM_MATH_CM4 -c -I../../../Inc -I../../../../../../../Drivers/CMSIS/Device/ST/STM32L4xx/Include -I../../../../../../../Drivers/STM32L4xx_HAL_Driver/Inc -I../../../../../../../Middlewares/ST/STM32_USB_Device_Library/Class/AUDIO/Inc -I../../../../../../../Middlewares/ST/STM32_USB_Device_Library/Core/Inc -I../../../../../../../Drivers/CMSIS/Include -I../../../../../../../Drivers/CMSIS/DSP/Include -I../../../../../../../Drivers/BSP/STWIN -I../../../../../../../Drivers/BSP/Components/Common -O0 -ffunction-sections -Wall -fstack-usage -fcyclomatic-complexity -MMD -MP -MF"Application/User/main.d" -MT"Application/User/main.o" --specs=nano.specs -mfpu=fpv4-sp-d16 -mfloat-abi=softfp -mthumb -o "Application/User/main.o"
C:/Users/angel/STM32CubeIDE/STWINK2/x-cube-memsmic1-main (1)/x-cube-memsmic1-main/Projects/STM32L4R9ZI-STWIN/Demonstration/Microphones_Streaming/Src/main.c: In function 'main':
C:/Users/angel/STM32CubeIDE/STWINK2/x-cube-memsmic1-main (1)/x-cube-memsmic1-main/Projects/STM32L4R9ZI-STWIN/Demonstration/Microphones_Streaming/Src/main.c:79:17: error: 'fftOut' undeclared (first use in this function)
   79 |   USBD_LL_Init(&fftOut);
      |                 ^~~~~~
C:/Users/angel/STM32CubeIDE/STWINK2/x-cube-memsmic1-main (1)/x-cube-memsmic1-main/Projects/STM32L4R9ZI-STWIN/Demonstration/Microphones_Streaming/Src/main.c:79:17: note: each undeclared identifier is reported only once for each function it appears in
make: *** [Application/User/subdir.mk:41: Application/User/main.o] Error 1
make: *** Waiting for unfinished jobs....
"make -j16 all" terminated with exit code 2. Build might be incomplete.
08:45:08 **** Incremental Build of configuration Debug for project OnBoardMics ****
make -j16 all 
arm-none-eabi-gcc "C:/Users/angel/STM32CubeIDE/STWINK2/x-cube-memsmic1-main (1)/x-cube-memsmic1-main/Projects/STM32L4R9ZI-STWIN/Demonstration/Microphones_Streaming/Src/audio_application.c" -mcpu=cortex-m4 -std=gnu11 -g3 -DUSE_HAL_DRIVER -DSTM32L4R9xx -DUSE_USB_FS -DARM_MATH_CM4 -c -I../../../Inc -I../../../../../../../Drivers/CMSIS/Device/ST/STM32L4xx/Include -I../../../../../../../Drivers/STM32L4xx_HAL_Driver/Inc -I../../../../../../../Middlewares/ST/STM32_USB_Device_Library/Class/AUDIO/Inc -I../../../../../../../Middlewares/ST/STM32_USB_Device_Library/Core/Inc -I../../../../../../../Drivers/CMSIS/Include -I../../../../../../../Drivers/CMSIS/DSP/Include -I../../../../../../../Drivers/BSP/STWIN -I../../../../../../../Drivers/BSP/Components/Common -O0 -ffunction-sections -Wall -fstack-usage -fcyclomatic-complexity -MMD -MP -MF"Application/User/audio_application.d" -MT"Application/User/audio_application.o" --specs=nano.specs -mfpu=fpv4-sp-d16 -mfloat-abi=softfp -mthumb -o "Application/User/audio_application.o"
arm-none-eabi-gcc "C:/Users/angel/STM32CubeIDE/STWINK2/x-cube-memsmic1-main (1)/x-cube-memsmic1-main/Projects/STM32L4R9ZI-STWIN/Demonstration/Microphones_Streaming/Src/cube_hal_l4.c" -mcpu=cortex-m4 -std=gnu11 -g3 -DUSE_HAL_DRIVER -DSTM32L4R9xx -DUSE_USB_FS -DARM_MATH_CM4 -c -I../../../Inc -I../../../../../../../Drivers/CMSIS/Device/ST/STM32L4xx/Include -I../../../../../../../Drivers/STM32L4xx_HAL_Driver/Inc -I../../../../../../../Middlewares/ST/STM32_USB_Device_Library/Class/AUDIO/Inc -I../../../../../../../Middlewares/ST/STM32_USB_Device_Library/Core/Inc -I../../../../../../../Drivers/CMSIS/Include -I../../../../../../../Drivers/CMSIS/DSP/Include -I../../../../../../../Drivers/BSP/STWIN -I../../../../../../../Drivers/BSP/Components/Common -O0 -ffunction-sections -Wall -fstack-usage -fcyclomatic-complexity -MMD -MP -MF"Application/User/cube_hal_l4.d" -MT"Application/User/cube_hal_l4.o" --specs=nano.specs -mfpu=fpv4-sp-d16 -mfloat-abi=softfp -mthumb -o "Application/User/cube_hal_l4.o"
arm-none-eabi-gcc "C:/Users/angel/STM32CubeIDE/STWINK2/x-cube-memsmic1-main (1)/x-cube-memsmic1-main/Projects/STM32L4R9ZI-STWIN/Demonstration/Microphones_Streaming/Src/main.c" -mcpu=cortex-m4 -std=gnu11 -g3 -DUSE_HAL_DRIVER -DSTM32L4R9xx -DUSE_USB_FS -DARM_MATH_CM4 -c -I../../../Inc -I../../../../../../../Drivers/CMSIS/Device/ST/STM32L4xx/Include -I../../../../../../../Drivers/STM32L4xx_HAL_Driver/Inc -I../../../../../../../Middlewares/ST/STM32_USB_Device_Library/Class/AUDIO/Inc -I../../../../../../../Middlewares/ST/STM32_USB_Device_Library/Core/Inc -I../../../../../../../Drivers/CMSIS/Include -I../../../../../../../Drivers/CMSIS/DSP/Include -I../../../../../../../Drivers/BSP/STWIN -I../../../../../../../Drivers/BSP/Components/Common -O0 -ffunction-sections -Wall -fstack-usage -fcyclomatic-complexity -MMD -MP -MF"Application/User/main.d" -MT"Application/User/main.o" --specs=nano.specs -mfpu=fpv4-sp-d16 -mfloat-abi=softfp -mthumb -o "Application/User/main.o"
arm-none-eabi-gcc "C:/Users/angel/STM32CubeIDE/STWINK2/x-cube-memsmic1-main (1)/x-cube-memsmic1-main/Projects/STM32L4R9ZI-STWIN/Demonstration/Microphones_Streaming/Src/stm32xx_it.c" -mcpu=cortex-m4 -std=gnu11 -g3 -DUSE_HAL_DRIVER -DSTM32L4R9xx -DUSE_USB_FS -DARM_MATH_CM4 -c -I../../../Inc -I../../../../../../../Drivers/CMSIS/Device/ST/STM32L4xx/Include -I../../../../../../../Drivers/STM32L4xx_HAL_Driver/Inc -I../../../../../../../Middlewares/ST/STM32_USB_Device_Library/Class/AUDIO/Inc -I../../../../../../../Middlewares/ST/STM32_USB_Device_Library/Core/Inc -I../../../../../../../Drivers/CMSIS/Include -I../../../../../../../Drivers/CMSIS/DSP/Include -I../../../../../../../Drivers/BSP/STWIN -I../../../../../../../Drivers/BSP/Components/Common -O0 -ffunction-sections -Wall -fstack-usage -fcyclomatic-complexity -MMD -MP -MF"Application/User/stm32xx_it.d" -MT"Application/User/stm32xx_it.o" --specs=nano.specs -mfpu=fpv4-sp-d16 -mfloat-abi=softfp -mthumb -o "Application/User/stm32xx_it.o"
arm-none-eabi-gcc "C:/Users/angel/STM32CubeIDE/STWINK2/x-cube-memsmic1-main (1)/x-cube-memsmic1-main/Projects/STM32L4R9ZI-STWIN/Demonstration/Microphones_Streaming/Src/usbd_audio_if.c" -mcpu=cortex-m4 -std=gnu11 -g3 -DUSE_HAL_DRIVER -DSTM32L4R9xx -DUSE_USB_FS -DARM_MATH_CM4 -c -I../../../Inc -I../../../../../../../Drivers/CMSIS/Device/ST/STM32L4xx/Include -I../../../../../../../Drivers/STM32L4xx_HAL_Driver/Inc -I../../../../../../../Middlewares/ST/STM32_USB_Device_Library/Class/AUDIO/Inc -I../../../../../../../Middlewares/ST/STM32_USB_Device_Library/Core/Inc -I../../../../../../../Drivers/CMSIS/Include -I../../../../../../../Drivers/CMSIS/DSP/Include -I../../../../../../../Drivers/BSP/STWIN -I../../../../../../../Drivers/BSP/Components/Common -O0 -ffunction-sections -Wall -fstack-usage -fcyclomatic-complexity -MMD -MP -MF"Application/User/usbd_audio_if.d" -MT"Application/User/usbd_audio_if.o" --specs=nano.specs -mfpu=fpv4-sp-d16 -mfloat-abi=softfp -mthumb -o "Application/User/usbd_audio_if.o"
In file included from C:/Users/angel/STM32CubeIDE/STWINK2/x-cube-memsmic1-main (1)/x-cube-memsmic1-main/Projects/STM32L4R9ZI-STWIN/Demonstration/Microphones_Streaming/Src/audio_application.c:23:
../../../Inc/audio_application.h:25:8: error: unknown type name 'USBD_HandleTypeDef'
   25 | extern USBD_HandleTypeDef fftOut;
      |        ^~~~~~~~~~~~~~~~~~
C:/Users/angel/STM32CubeIDE/STWINK2/x-cube-memsmic1-main (1)/x-cube-memsmic1-main/Projects/STM32L4R9ZI-STWIN/Demonstration/Microphones_Streaming/Src/audio_application.c: In function 'AudioProcess':
C:/Users/angel/STM32CubeIDE/STWINK2/x-cube-memsmic1-main (1)/x-cube-memsmic1-main/Projects/STM32L4R9ZI-STWIN/Demonstration/Microphones_Streaming/Src/audio_application.c:113:28: warning: passing argument 1 of 'USBD_LL_Transmit' from incompatible pointer type [-Wincompatible-pointer-types]
  113 |           USBD_LL_Transmit(&fftOut, 0x80U, txBuffer, 64);
      |                            ^~~~~~~
      |                            |
      |                            int *
In file included from ../../../Inc/cube_hal.h:33,
                 from ../../../Inc/audio_application.h:28,
                 from C:/Users/angel/STM32CubeIDE/STWINK2/x-cube-memsmic1-main (1)/x-cube-memsmic1-main/Projects/STM32L4R9ZI-STWIN/Demonstration/Microphones_Streaming/Src/audio_application.c:23:
../../../../../../../Middlewares/ST/STM32_USB_Device_Library/Core/Inc/usbd_core.h:136:57: note: expected 'USBD_HandleTypeDef *' {aka 'struct _USBD_HandleTypeDef *'} but argument is of type 'int *'
  136 | USBD_StatusTypeDef USBD_LL_Transmit(USBD_HandleTypeDef *pdev, uint8_t ep_addr,
      |                                     ~~~~~~~~~~~~~~~~~~~~^~~~
make: *** [Application/User/subdir.mk:37: Application/User/audio_application.o] Error 1
make: *** Waiting for unfinished jobs....
"make -j16 all" terminated with exit code 2. Build might be incomplete.
08:46:39 **** Incremental Build of configuration Debug for project OnBoardMics ****
make -j16 all 
[...]
../../../Inc/audio_application.h:25:8: error: unknown type name 'USBD_HandleTypeDef'
   25 | extern USBD_HandleTypeDef fftOut;
      |        ^~~~~~~~~~~~~~~~~~
C:/Users/angel/STM32CubeIDE/STWINK2/x-cube-memsmic1-main (1)/x-cube-memsmic1-main/Projects/STM32L4R9ZI-STWIN/Demonstration/Microphones_Streaming/Src/audio_application.c: In function 'AudioProcess':
C:/Users/angel/STM32CubeIDE/STWINK2/x-cube-memsmic1-main (1)/x-cube-memsmic1-main/Projects/STM32L4R9ZI-STWIN/Demonstration/Microphones_Streaming/Src/audio_application.c:113:28: warning: passing argument 1 of 'USBD_LL_Transmit' from incompatible pointer type [-Wincompatible-pointer-types]
  113 |           USBD_LL_Transmit(&fftOut, 0x80U, txBuffer, 64);
      |                            ^~~~~~~
      |                            |
      |                            int *
In file included from ../../../Inc/cube_hal.h:33,
                 from ../../../Inc/audio_application.h:28,
                 from C:/Users/angel/STM32CubeIDE/STWINK2/x-cube-memsmic1-main (1)/x-cube-memsmic1-main/Projects/STM32L4R9ZI-STWIN/Demonstration/Microphones_Streaming/Src/audio_application.c:23:
../../../../../../../Middlewares/ST/STM32_USB_Device_Library/Core/Inc/usbd_core.h:136:57: note: expected 'USBD_HandleTypeDef *' {aka 'struct _USBD_HandleTypeDef *'} but argument is of type 'int *'
  136 | USBD_StatusTypeDef USBD_LL_Transmit(USBD_HandleTypeDef *pdev, uint8_t ep_addr,
      |                                     ~~~~~~~~~~~~~~~~~~~~^~~~
make: *** [Application/User/subdir.mk:37: Application/User/audio_application.o] Error 1
"make -j16 all" terminated with exit code 2. Build might be incomplete.
08:48:01 **** Incremental Build of configuration Debug for project OnBoardMics ****
make -j16 all 
arm-none-eabi-gcc "C:/Users/angel/STM32CubeIDE/STWINK2/x-cube-memsmic1-main (1)/x-cube-memsmic1-main/Projects/STM32L4R9ZI-STWIN/Demonstration/Microphones_Streaming/Src/audio_application.c" -mcpu=cortex-m4 -std=gnu11 -g3 -DUSE_HAL_DRIVER -DSTM32L4R9xx -DUSE_USB_FS -DARM_MATH_CM4 -c -I../../../Inc -I../../../../../../../Drivers/CMSIS/Device/ST/STM32L4xx/Include -I../../../../../../../Drivers/STM32L4xx_HAL_Driver/Inc -I../../../../../../../Middlewares/ST/STM32_USB_Device_Library/Class/AUDIO/Inc -I../../../../../../../Middlewares/ST/STM32_USB_Device_Library/Core/Inc -I../../../../../../../Drivers/CMSIS/Include -I../../../../../../../Drivers/CMSIS/DSP/Include -I../../../../../../../Drivers/BSP/STWIN -I../../../../../../../Drivers/BSP/Components/Common -O0 -ffunction-sections -Wall -fstack-usage -fcyclomatic-complexity -MMD -MP -MF"Application/User/audio_application.d" -MT"Application/User/audio_application.o" --specs=nano.specs -mfpu=fpv4-sp-d16 -mfloat-abi=softfp -mthumb -o "Application/User/audio_application.o"
arm-none-eabi-gcc "C:/Users/angel/STM32CubeIDE/STWINK2/x-cube-memsmic1-main (1)/x-cube-memsmic1-main/Projects/STM32L4R9ZI-STWIN/Demonstration/Microphones_Streaming/Src/cube_hal_l4.c" -mcpu=cortex-m4 -std=gnu11 -g3 -DUSE_HAL_DRIVER -DSTM32L4R9xx -DUSE_USB_FS -DARM_MATH_CM4 -c -I../../../Inc -I../../../../../../../Drivers/CMSIS/Device/ST/STM32L4xx/Include -I../../../../../../../Drivers/STM32L4xx_HAL_Driver/Inc -I../../../../../../../Middlewares/ST/STM32_USB_Device_Library/Class/AUDIO/Inc -I../../../../../../../Middlewares/ST/STM32_USB_Device_Library/Core/Inc -I../../../../../../../Drivers/CMSIS/Include -I../../../../../../../Drivers/CMSIS/DSP/Include -I../../../../../../../Drivers/BSP/STWIN -I../../../../../../../Drivers/BSP/Components/Common -O0 -ffunction-sections -Wall -fstack-usage -fcyclomatic-complexity -MMD -MP -MF"Application/User/cube_hal_l4.d" -MT"Application/User/cube_hal_l4.o" --specs=nano.specs -mfpu=fpv4-sp-d16 -mfloat-abi=softfp -mthumb -o "Application/User/cube_hal_l4.o"
arm-none-eabi-gcc "C:/Users/angel/STM32CubeIDE/STWINK2/x-cube-memsmic1-main (1)/x-cube-memsmic1-main/Projects/STM32L4R9ZI-STWIN/Demonstration/Microphones_Streaming/Src/main.c" -mcpu=cortex-m4 -std=gnu11 -g3 -DUSE_HAL_DRIVER -DSTM32L4R9xx -DUSE_USB_FS -DARM_MATH_CM4 -c -I../../../Inc -I../../../../../../../Drivers/CMSIS/Device/ST/STM32L4xx/Include -I../../../../../../../Drivers/STM32L4xx_HAL_Driver/Inc -I../../../../../../../Middlewares/ST/STM32_USB_Device_Library/Class/AUDIO/Inc -I../../../../../../../Middlewares/ST/STM32_USB_Device_Library/Core/Inc -I../../../../../../../Drivers/CMSIS/Include -I../../../../../../../Drivers/CMSIS/DSP/Include -I../../../../../../../Drivers/BSP/STWIN -I../../../../../../../Drivers/BSP/Components/Common -O0 -ffunction-sections -Wall -fstack-usage -fcyclomatic-complexity -MMD -MP -MF"Application/User/main.d" -MT"Application/User/main.o" --specs=nano.specs -mfpu=fpv4-sp-d16 -mfloat-abi=softfp -mthumb -o "Application/User/main.o"
arm-none-eabi-gcc "C:/Users/angel/STM32CubeIDE/STWINK2/x-cube-memsmic1-main (1)/x-cube-memsmic1-main/Projects/STM32L4R9ZI-STWIN/Demonstration/Microphones_Streaming/Src/stm32xx_it.c" -mcpu=cortex-m4 -std=gnu11 -g3 -DUSE_HAL_DRIVER -DSTM32L4R9xx -DUSE_USB_FS -DARM_MATH_CM4 -c -I../../../Inc -I../../../../../../../Drivers/CMSIS/Device/ST/STM32L4xx/Include -I../../../../../../../Drivers/STM32L4xx_HAL_Driver/Inc -I../../../../../../../Middlewares/ST/STM32_USB_Device_Library/Class/AUDIO/Inc -I../../../../../../../Middlewares/ST/STM32_USB_Device_Library/Core/Inc -I../../../../../../../Drivers/CMSIS/Include -I../../../../../../../Drivers/CMSIS/DSP/Include -I../../../../../../../Drivers/BSP/STWIN -I../../../../../../../Drivers/BSP/Components/Common -O0 -ffunction-sections -Wall -fstack-usage -fcyclomatic-complexity -MMD -MP -MF"Application/User/stm32xx_it.d" -MT"Application/User/stm32xx_it.o" --specs=nano.specs -mfpu=fpv4-sp-d16 -mfloat-abi=softfp -mthumb -o "Application/User/stm32xx_it.o"
arm-none-eabi-gcc "C:/Users/angel/STM32CubeIDE/STWINK2/x-cube-memsmic1-main (1)/x-cube-memsmic1-main/Projects/STM32L4R9ZI-STWIN/Demonstration/Microphones_Streaming/Src/usbd_audio_if.c" -mcpu=cortex-m4 -std=gnu11 -g3 -DUSE_HAL_DRIVER -DSTM32L4R9xx -DUSE_USB_FS -DARM_MATH_CM4 -c -I../../../Inc -I../../../../../../../Drivers/CMSIS/Device/ST/STM32L4xx/Include -I../../../../../../../Drivers/STM32L4xx_HAL_Driver/Inc -I../../../../../../../Middlewares/ST/STM32_USB_Device_Library/Class/AUDIO/Inc -I../../../../../../../Middlewares/ST/STM32_USB_Device_Library/Core/Inc -I../../../../../../../Drivers/CMSIS/Include -I../../../../../../../Drivers/CMSIS/DSP/Include -I../../../../../../../Drivers/BSP/STWIN -I../../../../../../../Drivers/BSP/Components/Common -O0 -ffunction-sections -Wall -fstack-usage -fcyclomatic-complexity -MMD -MP -MF"Application/User/usbd_audio_if.d" -MT"Application/User/usbd_audio_if.o" --specs=nano.specs -mfpu=fpv4-sp-d16 -mfloat-abi=softfp -mthumb -o "Application/User/usbd_audio_if.o"
C:/Users/angel/STM32CubeIDE/STWINK2/x-cube-memsmic1-main (1)/x-cube-memsmic1-main/Projects/STM32L4R9ZI-STWIN/Demonstration/Microphones_Streaming/Src/audio_application.c: In function 'AudioProcess':
C:/Users/angel/STM32CubeIDE/STWINK2/x-cube-memsmic1-main (1)/x-cube-memsmic1-main/Projects/STM32L4R9ZI-STWIN/Demonstration/Microphones_Streaming/Src/audio_application.c:113:29: error: 'fftOut' undeclared (first use in this function); did you mean 'fftOutput'?
  113 |           USBD_LL_Transmit(&fftOut, 0x80U, txBuffer, 64);
      |                             ^~~~~~
      |                             fftOutput
C:/Users/angel/STM32CubeIDE/STWINK2/x-cube-memsmic1-main (1)/x-cube-memsmic1-main/Projects/STM32L4R9ZI-STWIN/Demonstration/Microphones_Streaming/Src/audio_application.c:113:29: note: each undeclared identifier is reported only once for each function it appears in
make: *** [Application/User/subdir.mk:37: Application/User/audio_application.o] Error 1
make: *** Waiting for unfinished jobs....
"make -j16 all" terminated with exit code 2. Build might be incomplete.
08:49:17 **** Incremental Build of configuration Debug for project OnBoardMics ****
make -j16 all 
arm-none-eabi-gcc "C:/Users/angel/STM32CubeIDE/STWINK2/x-cube-memsmic1-main (1)/x-cube-memsmic1-main/Projects/STM32L4R9ZI-STWIN/Demonstration/Microphones_Streaming/Src/audio_application.c" -mcpu=cortex-m4 -std=gnu11 -g3 -DUSE_HAL_DRIVER -DSTM32L4R9xx -DUSE_USB_FS -DARM_MATH_CM4 -c -I../../../Inc -I../../../../../../../Drivers/CMSIS/Device/ST/STM32L4xx/Include -I../../../../../../../Drivers/STM32L4xx_HAL_Driver/Inc -I../../../../../../../Middlewares/ST/STM32_USB_Device_Library/Class/AUDIO/Inc -I../../../../../../../Middlewares/ST/STM32_USB_Device_Library/Core/Inc -I../../../../../../../Drivers/CMSIS/Include -I../../../../../../../Drivers/CMSIS/DSP/Include -I../../../../../../../Drivers/BSP/STWIN -I../../../../../../../Drivers/BSP/Components/Common -O0 -ffunction-sections -Wall -fstack-usage -fcyclomatic-complexity -MMD -MP -MF"Application/User/audio_application.d" -MT"Application/User/audio_application.o" --specs=nano.specs -mfpu=fpv4-sp-d16 -mfloat-abi=softfp -mthumb -o "Application/User/audio_application.o"
C:/Users/angel/STM32CubeIDE/STWINK2/x-cube-memsmic1-main (1)/x-cube-memsmic1-main/Projects/STM32L4R9ZI-STWIN/Demonstration/Microphones_Streaming/Src/audio_application.c: In function 'AudioProcess':
C:/Users/angel/STM32CubeIDE/STWINK2/x-cube-memsmic1-main (1)/x-cube-memsmic1-main/Projects/STM32L4R9ZI-STWIN/Demonstration/Microphones_Streaming/Src/audio_application.c:113:29: error: 'fftOut' undeclared (first use in this function); did you mean 'fftOutput'?
  113 |           USBD_LL_Transmit(&fftOut, 0x80U, txBuffer, 64);
      |                             ^~~~~~
      |                             fftOutput
C:/Users/angel/STM32CubeIDE/STWINK2/x-cube-memsmic1-main (1)/x-cube-memsmic1-main/Projects/STM32L4R9ZI-STWIN/Demonstration/Microphones_Streaming/Src/audio_application.c:113:29: note: each undeclared identifier is reported only once for each function it appears in
make: *** [Application/User/subdir.mk:37: Application/User/audio_application.o] Error 1
"make -j16 all" terminated with exit code 2. Build might be incomplete.
08:49:51 **** Incremental Build of configuration Debug for project OnBoardMics ****
make -j16 all 
arm-none-eabi-gcc "C:/Users/angel/STM32CubeIDE/STWINK2/x-cube-memsmic1-main (1)/x-cube-memsmic1-main/Projects/STM32L4R9ZI-STWIN/Demonstration/Microphones_Streaming/Src/audio_application.c" -mcpu=cortex-m4 -std=gnu11 -g3 -DUSE_HAL_DRIVER -DSTM32L4R9xx -DUSE_USB_FS -DARM_MATH_CM4 -c -I../../../Inc -I../../../../../../../Drivers/CMSIS/Device/ST/STM32L4xx/Include -I../../../../../../../Drivers/STM32L4xx_HAL_Driver/Inc -I../../../../../../../Middlewares/ST/STM32_USB_Device_Library/Class/AUDIO/Inc -I../../../../../../../Middlewares/ST/STM32_USB_Device_Library/Core/Inc -I../../../../../../../Drivers/CMSIS/Include -I../../../../../../../Drivers/CMSIS/DSP/Include -I../../../../../../../Drivers/BSP/STWIN -I../../../../../../../Drivers/BSP/Components/Common -O0 -ffunction-sections -Wall -fstack-usage -fcyclomatic-complexity -MMD -MP -MF"Application/User/audio_application.d" -MT"Application/User/audio_application.o" --specs=nano.specs -mfpu=fpv4-sp-d16 -mfloat-abi=softfp -mthumb -o "Application/User/audio_application.o"
C:/Users/angel/STM32CubeIDE/STWINK2/x-cube-memsmic1-main (1)/x-cube-memsmic1-main/Projects/STM32L4R9ZI-STWIN/Demonstration/Microphones_Streaming/Src/audio_application.c: In function 'AudioProcess':
C:/Users/angel/STM32CubeIDE/STWINK2/x-cube-memsmic1-main (1)/x-cube-memsmic1-main/Projects/STM32L4R9ZI-STWIN/Demonstration/Microphones_Streaming/Src/audio_application.c:113:29: error: 'fftOut' undeclared (first use in this function); did you mean 'fftOutput'?
  113 |           USBD_LL_Transmit(&fftOut, 0x80U, txBuffer, 64);
      |                             ^~~~~~
      |                             fftOutput
C:/Users/angel/STM32CubeIDE/STWINK2/x-cube-memsmic1-main (1)/x-cube-memsmic1-main/Projects/STM32L4R9ZI-STWIN/Demonstration/Microphones_Streaming/Src/audio_application.c:113:29: note: each undeclared identifier is reported only once for each function it appears in
make: *** [Application/User/subdir.mk:37: Application/User/audio_application.o] Error 1
"make -j16 all" terminated with exit code 2. Build might be incomplete.
08:50:29 **** Incremental Build of configuration Debug for project OnBoardMics ****
make -j16 all 
arm-none-eabi-gcc "C:/Users/angel/STM32CubeIDE/STWINK2/x-cube-memsmic1-main (1)/x-cube-memsmic1-main/Projects/STM32L4R9ZI-STWIN/Demonstration/Microphones_Streaming/Src/audio_application.c" -mcpu=cortex-m4 -std=gnu11 -g3 -DUSE_HAL_DRIVER -DSTM32L4R9xx -DUSE_USB_FS -DARM_MATH_CM4 -c -I../../../Inc -I../../../../../../../Drivers/CMSIS/Device/ST/STM32L4xx/Include -I../../../../../../../Drivers/STM32L4xx_HAL_Driver/Inc -I../../../../../../../Middlewares/ST/STM32_USB_Device_Library/Class/AUDIO/Inc -I../../../../../../../Middlewares/ST/STM32_USB_Device_Library/Core/Inc -I../../../../../../../Drivers/CMSIS/Include -I../../../../../../../Drivers/CMSIS/DSP/Include -I../../../../../../../Drivers/BSP/STWIN -I../../../../../../../Drivers/BSP/Components/Common -O0 -ffunction-sections -Wall -fstack-usage -fcyclomatic-complexity -MMD -MP -MF"Application/User/audio_application.d" -MT"Application/User/audio_application.o" --specs=nano.specs -mfpu=fpv4-sp-d16 -mfloat-abi=softfp -mthumb -o "Application/User/audio_application.o"
arm-none-eabi-gcc -o "OnBoardMics.elf" @"objects.list"  -l:libarm_cortexM4l_math.a -mcpu=cortex-m4 -T"../STM32L4R9ZITx_FLASH.ld" --specs=nosys.specs -Wl,-Map="OnBoardMics.map" -Wl,--gc-sections -static -L../../../../../../../Drivers/CMSIS/DSP/Lib/GCC --specs=nano.specs -mfpu=fpv4-sp-d16 -mfloat-abi=softfp -mthumb -Wl,--start-group -lc -lm -Wl,--end-group
Finished building target: OnBoardMics.elf
 
arm-none-eabi-size   OnBoardMics.elf 
arm-none-eabi-objdump -h -S  OnBoardMics.elf  > "OnBoardMics.list"
arm-none-eabi-objcopy  -O binary  OnBoardMics.elf  "OnBoardMics.bin"
   text	   data	    bss	    dec	    hex	filename
 131440	    280	  22936	 154656	  25c20	OnBoardMics.elf
Finished building: default.size.stdout
 
Finished building: OnBoardMics.bin
 
Finished building: OnBoardMics.list
 
08:51:10 **** Incremental Build of configuration Debug for project OnBoardMics ****
make -j16 all 
arm-none-eabi-gcc "C:/Users/angel/STM32CubeIDE/STWINK2/x-cube-memsmic1-main (1)/x-cube-memsmic1-main/Projects/STM32L4R9ZI-STWIN/Demonstration/Microphones_Streaming/Src/audio_application.c" -mcpu=cortex-m4 -std=gnu11 -g3 -DUSE_HAL_DRIVER -DSTM32L4R9xx -DUSE_USB_FS -DARM_MATH_CM4 -c -I../../../Inc -I../../../../../../../Drivers/CMSIS/Device/ST/STM32L4xx/Include -I../../../../../../../Drivers/STM32L4xx_HAL_Driver/Inc -I../../../../../../../Middlewares/ST/STM32_USB_Device_Library/Class/AUDIO/Inc -I../../../../../../../Middlewares/ST/STM32_USB_Device_Library/Core/Inc -I../../../../../../../Drivers/CMSIS/Include -I../../../../../../../Drivers/CMSIS/DSP/Include -I../../../../../../../Drivers/BSP/STWIN -I../../../../../../../Drivers/BSP/Components/Common -O0 -ffunction-sections -Wall -fstack-usage -fcyclomatic-complexity -MMD -MP -MF"Application/User/audio_application.d" -MT"Application/User/audio_application.o" --specs=nano.specs -mfpu=fpv4-sp-d16 -mfloat-abi=softfp -mthumb -o "Application/User/audio_application.o"
C:/Users/angel/STM32CubeIDE/STWINK2/x-cube-memsmic1-main (1)/x-cube-memsmic1-main/Projects/STM32L4R9ZI-STWIN/Demonstration/Microphones_Streaming/Src/audio_application.c: In function 'AudioProcess':
C:/Users/angel/STM32CubeIDE/STWINK2/x-cube-memsmic1-main (1)/x-cube-memsmic1-main/Projects/STM32L4R9ZI-STWIN/Demonstration/Microphones_Streaming/Src/audio_application.c:128:44: warning: passing argument 3 of 'USBD_LL_Transmit' from incompatible pointer type [-Wincompatible-pointer-types]
  128 |           USBD_LL_Transmit(&fftOut, 0x80U, fftOutput, 64);
      |                                            ^~~~~~~~~
      |                                            |
      |                                            float32_t * {aka float *}
In file included from ../../../Inc/cube_hal.h:33,
                 from ../../../Inc/audio_application.h:27,
                 from C:/Users/angel/STM32CubeIDE/STWINK2/x-cube-memsmic1-main (1)/x-cube-memsmic1-main/Projects/STM32L4R9ZI-STWIN/Demonstration/Microphones_Streaming/Src/audio_application.c:23:
../../../../../../../Middlewares/ST/STM32_USB_Device_Library/Core/Inc/usbd_core.h:137:46: note: expected 'uint8_t *' {aka 'unsigned char *'} but argument is of type 'float32_t *' {aka 'float *'}
  137 |                                     uint8_t *pbuf, uint32_t size);
      |                                     ~~~~~~~~~^~~~
arm-none-eabi-gcc -o "OnBoardMics.elf" @"objects.list"  -l:libarm_cortexM4l_math.a -mcpu=cortex-m4 -T"../STM32L4R9ZITx_FLASH.ld" --specs=nosys.specs -Wl,-Map="OnBoardMics.map" -Wl,--gc-sections -static -L../../../../../../../Drivers/CMSIS/DSP/Lib/GCC --specs=nano.specs -mfpu=fpv4-sp-d16 -mfloat-abi=softfp -mthumb -Wl,--start-group -lc -lm -Wl,--end-group
Finished building target: OnBoardMics.elf
 
arm-none-eabi-size   OnBoardMics.elf 
arm-none-eabi-objdump -h -S  OnBoardMics.elf  > "OnBoardMics.list"
arm-none-eabi-objcopy  -O binary  OnBoardMics.elf  "OnBoardMics.bin"
   text	   data	    bss	    dec	    hex	filename
 131440	    280	  22936	 154656	  25c20	OnBoardMics.elf
Finished building: default.size.stdout
 
Finished building: OnBoardMics.bin
 
Finished building: OnBoardMics.list
 
08:51:42 **** Incremental Build of configuration Debug for project OnBoardMics ****
make -j16 all 
arm-none-eabi-gcc "C:/Users/angel/STM32CubeIDE/STWINK2/x-cube-memsmic1-main (1)/x-cube-memsmic1-main/Projects/STM32L4R9ZI-STWIN/Demonstration/Microphones_Streaming/Src/audio_application.c" -mcpu=cortex-m4 -std=gnu11 -g3 -DUSE_HAL_DRIVER -DSTM32L4R9xx -DUSE_USB_FS -DARM_MATH_CM4 -c -I../../../Inc -I../../../../../../../Drivers/CMSIS/Device/ST/STM32L4xx/Include -I../../../../../../../Drivers/STM32L4xx_HAL_Driver/Inc -I../../../../../../../Middlewares/ST/STM32_USB_Device_Library/Class/AUDIO/Inc -I../../../../../../../Middlewares/ST/STM32_USB_Device_Library/Core/Inc -I../../../../../../../Drivers/CMSIS/Include -I../../../../../../../Drivers/CMSIS/DSP/Include -I../../../../../../../Drivers/BSP/STWIN -I../../../../../../../Drivers/BSP/Components/Common -O0 -ffunction-sections -Wall -fstack-usage -fcyclomatic-complexity -MMD -MP -MF"Application/User/audio_application.d" -MT"Application/User/audio_application.o" --specs=nano.specs -mfpu=fpv4-sp-d16 -mfloat-abi=softfp -mthumb -o "Application/User/audio_application.o"
arm-none-eabi-gcc -o "OnBoardMics.elf" @"objects.list"  -l:libarm_cortexM4l_math.a -mcpu=cortex-m4 -T"../STM32L4R9ZITx_FLASH.ld" --specs=nosys.specs -Wl,-Map="OnBoardMics.map" -Wl,--gc-sections -static -L../../../../../../../Drivers/CMSIS/DSP/Lib/GCC --specs=nano.specs -mfpu=fpv4-sp-d16 -mfloat-abi=softfp -mthumb -Wl,--start-group -lc -lm -Wl,--end-group
Finished building target: OnBoardMics.elf
 
arm-none-eabi-size   OnBoardMics.elf 
arm-none-eabi-objdump -h -S  OnBoardMics.elf  > "OnBoardMics.list"
arm-none-eabi-objcopy  -O binary  OnBoardMics.elf  "OnBoardMics.bin"
   text	   data	    bss	    dec	    hex	filename
 131440	    280	  22936	 154656	  25c20	OnBoardMics.elf
Finished building: default.size.stdout
 
Finished building: OnBoardMics.bin
 
Finished building: OnBoardMics.list
 
08:54:33 **** Incremental Build of configuration Debug for project OnBoardMics ****
make -j16 all 
arm-none-eabi-size   OnBoardMics.elf 
   text	   data	    bss	    dec	    hex	filename
 131440	    280	  22936	 154656	  25c20	OnBoardMics.elf
Finished building: default.size.stdout
 
09:30:30 **** Incremental Build of configuration Debug for project OnBoardMics ****
make -j16 all 
arm-none-eabi-size   OnBoardMics.elf 
   text	   data	    bss	    dec	    hex	filename
 131440	    280	  22936	 154656	  25c20	OnBoardMics.elf
Finished building: default.size.stdout
 
