08:28:48 **** Build of configuration Debug for project OnBoardMics ****
make -j16 all 
arm-none-eabi-gcc "C:/Users/angel/STM32CubeIDE/STWINK2/x-cube-memsmic1-main (1)/x-cube-memsmic1-main/Middlewares/ST/STM32_USB_Device_Library/Core/Src/usbd_core.c" -mcpu=cortex-m4 -std=gnu11 -g3 -DUSE_HAL_DRIVER -DSTM32L4R9xx -DUSE_USB_FS -DARM_MATH_CM4 -c -I../../../Inc -I../../../../../../../Drivers/CMSIS/Device/ST/STM32L4xx/Include -I../../../../../../../Drivers/STM32L4xx_HAL_Driver/Inc -I../../../../../../../Middlewares/ST/STM32_USB_Device_Library/Class/AUDIO/Inc -I../../../../../../../Middlewares/ST/STM32_USB_Device_Library/Core/Inc -I../../../../../../../Drivers/CMSIS/Include -I../../../../../../../Drivers/CMSIS/DSP/Include -I../../../../../../../Drivers/BSP/STWIN -I../../../../../../../Drivers/BSP/Components/Common -O0 -ffunction-sections -Wall -fstack-usage -fcyclomatic-complexity -MMD -MP -MF"Middlewares/STM32_USBD_Library/Core/usbd_core.d" -MT"Middlewares/STM32_USBD_Library/Core/usbd_core.o" --specs=nano.specs -mfpu=fpv4-sp-d16 -mfloat-abi=softfp -mthumb -o "Middlewares/STM32_USBD_Library/Core/usbd_core.o"
arm-none-eabi-gcc "C:/Users/angel/STM32CubeIDE/STWINK2/x-cube-memsmic1-main (1)/x-cube-memsmic1-main/Middlewares/ST/STM32_USB_Device_Library/Core/Src/usbd_ctlreq.c" -mcpu=cortex-m4 -std=gnu11 -g3 -DUSE_HAL_DRIVER -DSTM32L4R9xx -DUSE_USB_FS -DARM_MATH_CM4 -c -I../../../Inc -I../../../../../../../Drivers/CMSIS/Device/ST/STM32L4xx/Include -I../../../../../../../Drivers/STM32L4xx_HAL_Driver/Inc -I../../../../../../../Middlewares/ST/STM32_USB_Device_Library/Class/AUDIO/Inc -I../../../../../../../Middlewares/ST/STM32_USB_Device_Library/Core/Inc -I../../../../../../../Drivers/CMSIS/Include -I../../../../../../../Drivers/CMSIS/DSP/Include -I../../../../../../../Drivers/BSP/STWIN -I../../../../../../../Drivers/BSP/Components/Common -O0 -ffunction-sections -Wall -fstack-usage -fcyclomatic-complexity -MMD -MP -MF"Middlewares/STM32_USBD_Library/Core/usbd_ctlreq.d" -MT"Middlewares/STM32_USBD_Library/Core/usbd_ctlreq.o" --specs=nano.specs -mfpu=fpv4-sp-d16 -mfloat-abi=softfp -mthumb -o "Middlewares/STM32_USBD_Library/Core/usbd_ctlreq.o"
arm-none-eabi-gcc "C:/Users/angel/STM32CubeIDE/STWINK2/x-cube-memsmic1-main (1)/x-cube-memsmic1-main/Middlewares/ST/STM32_USB_Device_Library/Core/Src/usbd_ioreq.c" -mcpu=cortex-m4 -std=gnu11 -g3 -DUSE_HAL_DRIVER -DSTM32L4R9xx -DUSE_USB_FS -DARM_MATH_CM4 -c -I../../../Inc -I../../../../../../../Drivers/CMSIS/Device/ST/STM32L4xx/Include -I../../../../../../../Drivers/STM32L4xx_HAL_Driver/Inc -I../../../../../../../Middlewares/ST/STM32_USB_Device_Library/Class/AUDIO/Inc -I../../../../../../../Middlewares/ST/STM32_USB_Device_Library/Core/Inc -I../../../../../../../Drivers/CMSIS/Include -I../../../../../../../Drivers/CMSIS/DSP/Include -I../../../../../../../Drivers/BSP/STWIN -I../../../../../../../Drivers/BSP/Components/Common -O0 -ffunction-sections -Wall -fstack-usage -fcyclomatic-complexity -MMD -MP -MF"Middlewares/STM32_USBD_Library/Core/usbd_ioreq.d" -MT"Middlewares/STM32_USBD_Library/Core/usbd_ioreq.o" --specs=nano.specs -mfpu=fpv4-sp-d16 -mfloat-abi=softfp -mthumb -o "Middlewares/STM32_USBD_Library/Core/usbd_ioreq.o"
arm-none-eabi-gcc "C:/Users/angel/STM32CubeIDE/STWINK2/x-cube-memsmic1-main (1)/x-cube-memsmic1-main/Middlewares/ST/STM32_USB_Device_Library/Class/AUDIO/Src/usbd_audio_in.c" -mcpu=cortex-m4 -std=gnu11 -g3 -DUSE_HAL_DRIVER -DSTM32L4R9xx -DUSE_USB_FS -DARM_MATH_CM4 -c -I../../../Inc -I../../../../../../../Drivers/CMSIS/Device/ST/STM32L4xx/Include -I../../../../../../../Drivers/STM32L4xx_HAL_Driver/Inc -I../../../../../../../Middlewares/ST/STM32_USB_Device_Library/Class/AUDIO/Inc -I../../../../../../../Middlewares/ST/STM32_USB_Device_Library/Core/Inc -I../../../../../../../Drivers/CMSIS/Include -I../../../../../../../Drivers/CMSIS/DSP/Include -I../../../../../../../Drivers/BSP/STWIN -I../../../../../../../Drivers/BSP/Components/Common -O0 -ffunction-sections -Wall -fstack-usage -fcyclomatic-complexity -MMD -MP -MF"Middlewares/STM32_USBD_Library/Class/AUDIO_IN/usbd_audio_in.d" -MT"Middlewares/STM32_USBD_Library/Class/AUDIO_IN/usbd_audio_in.o" --specs=nano.specs -mfpu=fpv4-sp-d16 -mfloat-abi=softfp -mthumb -o "Middlewares/STM32_USBD_Library/Class/AUDIO_IN/usbd_audio_in.o"
arm-none-eabi-gcc "C:/Users/angel/STM32CubeIDE/STWINK2/x-cube-memsmic1-main (1)/x-cube-memsmic1-main/Drivers/STM32L4xx_HAL_Driver/Src/stm32l4xx_hal.c" -mcpu=cortex-m4 -std=gnu11 -g3 -DUSE_HAL_DRIVER -DSTM32L4R9xx -DUSE_USB_FS -DARM_MATH_CM4 -c -I../../../Inc -I../../../../../../../Drivers/CMSIS/Device/ST/STM32L4xx/Include -I../../../../../../../Drivers/STM32L4xx_HAL_Driver/Inc -I../../../../../../../Middlewares/ST/STM32_USB_Device_Library/Class/AUDIO/Inc -I../../../../../../../Middlewares/ST/STM32_USB_Device_Library/Core/Inc -I../../../../../../../Drivers/CMSIS/Include -I../../../../../../../Drivers/CMSIS/DSP/Include -I../../../../../../../Drivers/BSP/STWIN -I../../../../../../../Drivers/BSP/Components/Common -O0 -ffunction-sections -Wall -fstack-usage -fcyclomatic-complexity -MMD -MP -MF"Drivers/STM32L4xx_HAL_Driver/stm32l4xx_hal.d" -MT"Drivers/STM32L4xx_HAL_Driver/stm32l4xx_hal.o" --specs=nano.specs -mfpu=fpv4-sp-d16 -mfloat-abi=softfp -mthumb -o "Drivers/STM32L4xx_HAL_Driver/stm32l4xx_hal.o"
arm-none-eabi-gcc "C:/Users/angel/STM32CubeIDE/STWINK2/x-cube-memsmic1-main (1)/x-cube-memsmic1-main/Drivers/STM32L4xx_HAL_Driver/Src/stm32l4xx_hal_adc.c" -mcpu=cortex-m4 -std=gnu11 -g3 -DUSE_HAL_DRIVER -DSTM32L4R9xx -DUSE_USB_FS -DARM_MATH_CM4 -c -I../../../Inc -I../../../../../../../Drivers/CMSIS/Device/ST/STM32L4xx/Include -I../../../../../../../Drivers/STM32L4xx_HAL_Driver/Inc -I../../../../../../../Middlewares/ST/STM32_USB_Device_Library/Class/AUDIO/Inc -I../../../../../../../Middlewares/ST/STM32_USB_Device_Library/Core/Inc -I../../../../../../../Drivers/CMSIS/Include -I../../../../../../../Drivers/CMSIS/DSP/Include -I../../../../../../../Drivers/BSP/STWIN -I../../../../../../../Drivers/BSP/Components/Common -O0 -ffunction-sections -Wall -fstack-usage -fcyclomatic-complexity -MMD -MP -MF"Drivers/STM32L4xx_HAL_Driver/stm32l4xx_hal_adc.d" -MT"Drivers/STM32L4xx_HAL_Driver/stm32l4xx_hal_adc.o" --specs=nano.specs -mfpu=fpv4-sp-d16 -mfloat-abi=softfp -mthumb -o "Drivers/STM32L4xx_HAL_Driver/stm32l4xx_hal_adc.o"
arm-none-eabi-gcc "C:/Users/angel/STM32CubeIDE/STWINK2/x-cube-memsmic1-main (1)/x-cube-memsmic1-main/Drivers/STM32L4xx_HAL_Driver/Src/stm32l4xx_hal_adc_ex.c" -mcpu=cortex-m4 -std=gnu11 -g3 -DUSE_HAL_DRIVER -DSTM32L4R9xx -DUSE_USB_FS -DARM_MATH_CM4 -c -I../../../Inc -I../../../../../../../Drivers/CMSIS/Device/ST/STM32L4xx/Include -I../../../../../../../Drivers/STM32L4xx_HAL_Driver/Inc -I../../../../../../../Middlewares/ST/STM32_USB_Device_Library/Class/AUDIO/Inc -I../../../../../../../Middlewares/ST/STM32_USB_Device_Library/Core/Inc -I../../../../../../../Drivers/CMSIS/Include -I../../../../../../../Drivers/CMSIS/DSP/Include -I../../../../../../../Drivers/BSP/STWIN -I../../../../../../../Drivers/BSP/Components/Common -O0 -ffunction-sections -Wall -fstack-usage -fcyclomatic-complexity -MMD -MP -MF"Drivers/STM32L4xx_HAL_Driver/stm32l4xx_hal_adc_ex.d" -MT"Drivers/STM32L4xx_HAL_Driver/stm32l4xx_hal_adc_ex.o" --specs=nano.specs -mfpu=fpv4-sp-d16 -mfloat-abi=softfp -mthumb -o "Drivers/STM32L4xx_HAL_Driver/stm32l4xx_hal_adc_ex.o"
arm-none-eabi-gcc "C:/Users/angel/STM32CubeIDE/STWINK2/x-cube-memsmic1-main (1)/x-cube-memsmic1-main/Drivers/STM32L4xx_HAL_Driver/Src/stm32l4xx_hal_cortex.c" -mcpu=cortex-m4 -std=gnu11 -g3 -DUSE_HAL_DRIVER -DSTM32L4R9xx -DUSE_USB_FS -DARM_MATH_CM4 -c -I../../../Inc -I../../../../../../../Drivers/CMSIS/Device/ST/STM32L4xx/Include -I../../../../../../../Drivers/STM32L4xx_HAL_Driver/Inc -I../../../../../../../Middlewares/ST/STM32_USB_Device_Library/Class/AUDIO/Inc -I../../../../../../../Middlewares/ST/STM32_USB_Device_Library/Core/Inc -I../../../../../../../Drivers/CMSIS/Include -I../../../../../../../Drivers/CMSIS/DSP/Include -I../../../../../../../Drivers/BSP/STWIN -I../../../../../../../Drivers/BSP/Components/Common -O0 -ffunction-sections -Wall -fstack-usage -fcyclomatic-complexity -MMD -MP -MF"Drivers/STM32L4xx_HAL_Driver/stm32l4xx_hal_cortex.d" -MT"Drivers/STM32L4xx_HAL_Driver/stm32l4xx_hal_cortex.o" --specs=nano.specs -mfpu=fpv4-sp-d16 -mfloat-abi=softfp -mthumb -o "Drivers/STM32L4xx_HAL_Driver/stm32l4xx_hal_cortex.o"
arm-none-eabi-gcc "C:/Users/angel/STM32CubeIDE/STWINK2/x-cube-memsmic1-main (1)/x-cube-memsmic1-main/Drivers/STM32L4xx_HAL_Driver/Src/stm32l4xx_hal_dfsdm.c" -mcpu=cortex-m4 -std=gnu11 -g3 -DUSE_HAL_DRIVER -DSTM32L4R9xx -DUSE_USB_FS -DARM_MATH_CM4 -c -I../../../Inc -I../../../../../../../Drivers/CMSIS/Device/ST/STM32L4xx/Include -I../../../../../../../Drivers/STM32L4xx_HAL_Driver/Inc -I../../../../../../../Middlewares/ST/STM32_USB_Device_Library/Class/AUDIO/Inc -I../../../../../../../Middlewares/ST/STM32_USB_Device_Library/Core/Inc -I../../../../../../../Drivers/CMSIS/Include -I../../../../../../../Drivers/CMSIS/DSP/Include -I../../../../../../../Drivers/BSP/STWIN -I../../../../../../../Drivers/BSP/Components/Common -O0 -ffunction-sections -Wall -fstack-usage -fcyclomatic-complexity -MMD -MP -MF"Drivers/STM32L4xx_HAL_Driver/stm32l4xx_hal_dfsdm.d" -MT"Drivers/STM32L4xx_HAL_Driver/stm32l4xx_hal_dfsdm.o" --specs=nano.specs -mfpu=fpv4-sp-d16 -mfloat-abi=softfp -mthumb -o "Drivers/STM32L4xx_HAL_Driver/stm32l4xx_hal_dfsdm.o"
arm-none-eabi-gcc "C:/Users/angel/STM32CubeIDE/STWINK2/x-cube-memsmic1-main (1)/x-cube-memsmic1-main/Drivers/STM32L4xx_HAL_Driver/Src/stm32l4xx_hal_dma.c" -mcpu=cortex-m4 -std=gnu11 -g3 -DUSE_HAL_DRIVER -DSTM32L4R9xx -DUSE_USB_FS -DARM_MATH_CM4 -c -I../../../Inc -I../../../../../../../Drivers/CMSIS/Device/ST/STM32L4xx/Include -I../../../../../../../Drivers/STM32L4xx_HAL_Driver/Inc -I../../../../../../../Middlewares/ST/STM32_USB_Device_Library/Class/AUDIO/Inc -I../../../../../../../Middlewares/ST/STM32_USB_Device_Library/Core/Inc -I../../../../../../../Drivers/CMSIS/Include -I../../../../../../../Drivers/CMSIS/DSP/Include -I../../../../../../../Drivers/BSP/STWIN -I../../../../../../../Drivers/BSP/Components/Common -O0 -ffunction-sections -Wall -fstack-usage -fcyclomatic-complexity -MMD -MP -MF"Drivers/STM32L4xx_HAL_Driver/stm32l4xx_hal_dma.d" -MT"Drivers/STM32L4xx_HAL_Driver/stm32l4xx_hal_dma.o" --specs=nano.specs -mfpu=fpv4-sp-d16 -mfloat-abi=softfp -mthumb -o "Drivers/STM32L4xx_HAL_Driver/stm32l4xx_hal_dma.o"
arm-none-eabi-gcc "C:/Users/angel/STM32CubeIDE/STWINK2/x-cube-memsmic1-main (1)/x-cube-memsmic1-main/Drivers/STM32L4xx_HAL_Driver/Src/stm32l4xx_hal_flash.c" -mcpu=cortex-m4 -std=gnu11 -g3 -DUSE_HAL_DRIVER -DSTM32L4R9xx -DUSE_USB_FS -DARM_MATH_CM4 -c -I../../../Inc -I../../../../../../../Drivers/CMSIS/Device/ST/STM32L4xx/Include -I../../../../../../../Drivers/STM32L4xx_HAL_Driver/Inc -I../../../../../../../Middlewares/ST/STM32_USB_Device_Library/Class/AUDIO/Inc -I../../../../../../../Middlewares/ST/STM32_USB_Device_Library/Core/Inc -I../../../../../../../Drivers/CMSIS/Include -I../../../../../../../Drivers/CMSIS/DSP/Include -I../../../../../../../Drivers/BSP/STWIN -I../../../../../../../Drivers/BSP/Components/Common -O0 -ffunction-sections -Wall -fstack-usage -fcyclomatic-complexity -MMD -MP -MF"Drivers/STM32L4xx_HAL_Driver/stm32l4xx_hal_flash.d" -MT"Drivers/STM32L4xx_HAL_Driver/stm32l4xx_hal_flash.o" --specs=nano.specs -mfpu=fpv4-sp-d16 -mfloat-abi=softfp -mthumb -o "Drivers/STM32L4xx_HAL_Driver/stm32l4xx_hal_flash.o"
arm-none-eabi-gcc "C:/Users/angel/STM32CubeIDE/STWINK2/x-cube-memsmic1-main (1)/x-cube-memsmic1-main/Drivers/STM32L4xx_HAL_Driver/Src/stm32l4xx_hal_flash_ex.c" -mcpu=cortex-m4 -std=gnu11 -g3 -DUSE_HAL_DRIVER -DSTM32L4R9xx -DUSE_USB_FS -DARM_MATH_CM4 -c -I../../../Inc -I../../../../../../../Drivers/CMSIS/Device/ST/STM32L4xx/Include -I../../../../../../../Drivers/STM32L4xx_HAL_Driver/Inc -I../../../../../../../Middlewares/ST/STM32_USB_Device_Library/Class/AUDIO/Inc -I../../../../../../../Middlewares/ST/STM32_USB_Device_Library/Core/Inc -I../../../../../../../Drivers/CMSIS/Include -I../../../../../../../Drivers/CMSIS/DSP/Include -I../../../../../../../Drivers/BSP/STWIN -I../../../../../../../Drivers/BSP/Components/Common -O0 -ffunction-sections -Wall -fstack-usage -fcyclomatic-complexity -MMD -MP -MF"Drivers/STM32L4xx_HAL_Driver/stm32l4xx_hal_flash_ex.d" -MT"Drivers/STM32L4xx_HAL_Driver/stm32l4xx_hal_flash_ex.o" --specs=nano.specs -mfpu=fpv4-sp-d16 -mfloat-abi=softfp -mthumb -o "Drivers/STM32L4xx_HAL_Driver/stm32l4xx_hal_flash_ex.o"
arm-none-eabi-gcc "C:/Users/angel/STM32CubeIDE/STWINK2/x-cube-memsmic1-main (1)/x-cube-memsmic1-main/Drivers/STM32L4xx_HAL_Driver/Src/stm32l4xx_hal_gpio.c" -mcpu=cortex-m4 -std=gnu11 -g3 -DUSE_HAL_DRIVER -DSTM32L4R9xx -DUSE_USB_FS -DARM_MATH_CM4 -c -I../../../Inc -I../../../../../../../Drivers/CMSIS/Device/ST/STM32L4xx/Include -I../../../../../../../Drivers/STM32L4xx_HAL_Driver/Inc -I../../../../../../../Middlewares/ST/STM32_USB_Device_Library/Class/AUDIO/Inc -I../../../../../../../Middlewares/ST/STM32_USB_Device_Library/Core/Inc -I../../../../../../../Drivers/CMSIS/Include -I../../../../../../../Drivers/CMSIS/DSP/Include -I../../../../../../../Drivers/BSP/STWIN -I../../../../../../../Drivers/BSP/Components/Common -O0 -ffunction-sections -Wall -fstack-usage -fcyclomatic-complexity -MMD -MP -MF"Drivers/STM32L4xx_HAL_Driver/stm32l4xx_hal_gpio.d" -MT"Drivers/STM32L4xx_HAL_Driver/stm32l4xx_hal_gpio.o" --specs=nano.specs -mfpu=fpv4-sp-d16 -mfloat-abi=softfp -mthumb -o "Drivers/STM32L4xx_HAL_Driver/stm32l4xx_hal_gpio.o"
arm-none-eabi-gcc "C:/Users/angel/STM32CubeIDE/STWINK2/x-cube-memsmic1-main (1)/x-cube-memsmic1-main/Drivers/STM32L4xx_HAL_Driver/Src/stm32l4xx_hal_i2c.c" -mcpu=cortex-m4 -std=gnu11 -g3 -DUSE_HAL_DRIVER -DSTM32L4R9xx -DUSE_USB_FS -DARM_MATH_CM4 -c -I../../../Inc -I../../../../../../../Drivers/CMSIS/Device/ST/STM32L4xx/Include -I../../../../../../../Drivers/STM32L4xx_HAL_Driver/Inc -I../../../../../../../Middlewares/ST/STM32_USB_Device_Library/Class/AUDIO/Inc -I../../../../../../../Middlewares/ST/STM32_USB_Device_Library/Core/Inc -I../../../../../../../Drivers/CMSIS/Include -I../../../../../../../Drivers/CMSIS/DSP/Include -I../../../../../../../Drivers/BSP/STWIN -I../../../../../../../Drivers/BSP/Components/Common -O0 -ffunction-sections -Wall -fstack-usage -fcyclomatic-complexity -MMD -MP -MF"Drivers/STM32L4xx_HAL_Driver/stm32l4xx_hal_i2c.d" -MT"Drivers/STM32L4xx_HAL_Driver/stm32l4xx_hal_i2c.o" --specs=nano.specs -mfpu=fpv4-sp-d16 -mfloat-abi=softfp -mthumb -o "Drivers/STM32L4xx_HAL_Driver/stm32l4xx_hal_i2c.o"
arm-none-eabi-gcc "C:/Users/angel/STM32CubeIDE/STWINK2/x-cube-memsmic1-main (1)/x-cube-memsmic1-main/Drivers/STM32L4xx_HAL_Driver/Src/stm32l4xx_hal_i2c_ex.c" -mcpu=cortex-m4 -std=gnu11 -g3 -DUSE_HAL_DRIVER -DSTM32L4R9xx -DUSE_USB_FS -DARM_MATH_CM4 -c -I../../../Inc -I../../../../../../../Drivers/CMSIS/Device/ST/STM32L4xx/Include -I../../../../../../../Drivers/STM32L4xx_HAL_Driver/Inc -I../../../../../../../Middlewares/ST/STM32_USB_Device_Library/Class/AUDIO/Inc -I../../../../../../../Middlewares/ST/STM32_USB_Device_Library/Core/Inc -I../../../../../../../Drivers/CMSIS/Include -I../../../../../../../Drivers/CMSIS/DSP/Include -I../../../../../../../Drivers/BSP/STWIN -I../../../../../../../Drivers/BSP/Components/Common -O0 -ffunction-sections -Wall -fstack-usage -fcyclomatic-complexity -MMD -MP -MF"Drivers/STM32L4xx_HAL_Driver/stm32l4xx_hal_i2c_ex.d" -MT"Drivers/STM32L4xx_HAL_Driver/stm32l4xx_hal_i2c_ex.o" --specs=nano.specs -mfpu=fpv4-sp-d16 -mfloat-abi=softfp -mthumb -o "Drivers/STM32L4xx_HAL_Driver/stm32l4xx_hal_i2c_ex.o"
arm-none-eabi-gcc "C:/Users/angel/STM32CubeIDE/STWINK2/x-cube-memsmic1-main (1)/x-cube-memsmic1-main/Drivers/STM32L4xx_HAL_Driver/Src/stm32l4xx_hal_pcd.c" -mcpu=cortex-m4 -std=gnu11 -g3 -DUSE_HAL_DRIVER -DSTM32L4R9xx -DUSE_USB_FS -DARM_MATH_CM4 -c -I../../../Inc -I../../../../../../../Drivers/CMSIS/Device/ST/STM32L4xx/Include -I../../../../../../../Drivers/STM32L4xx_HAL_Driver/Inc -I../../../../../../../Middlewares/ST/STM32_USB_Device_Library/Class/AUDIO/Inc -I../../../../../../../Middlewares/ST/STM32_USB_Device_Library/Core/Inc -I../../../../../../../Drivers/CMSIS/Include -I../../../../../../../Drivers/CMSIS/DSP/Include -I../../../../../../../Drivers/BSP/STWIN -I../../../../../../../Drivers/BSP/Components/Common -O0 -ffunction-sections -Wall -fstack-usage -fcyclomatic-complexity -MMD -MP -MF"Drivers/STM32L4xx_HAL_Driver/stm32l4xx_hal_pcd.d" -MT"Drivers/STM32L4xx_HAL_Driver/stm32l4xx_hal_pcd.o" --specs=nano.specs -mfpu=fpv4-sp-d16 -mfloat-abi=softfp -mthumb -o "Drivers/STM32L4xx_HAL_Driver/stm32l4xx_hal_pcd.o"
arm-none-eabi-gcc "C:/Users/angel/STM32CubeIDE/STWINK2/x-cube-memsmic1-main (1)/x-cube-memsmic1-main/Drivers/STM32L4xx_HAL_Driver/Src/stm32l4xx_hal_pcd_ex.c" -mcpu=cortex-m4 -std=gnu11 -g3 -DUSE_HAL_DRIVER -DSTM32L4R9xx -DUSE_USB_FS -DARM_MATH_CM4 -c -I../../../Inc -I../../../../../../../Drivers/CMSIS/Device/ST/STM32L4xx/Include -I../../../../../../../Drivers/STM32L4xx_HAL_Driver/Inc -I../../../../../../../Middlewares/ST/STM32_USB_Device_Library/Class/AUDIO/Inc -I../../../../../../../Middlewares/ST/STM32_USB_Device_Library/Core/Inc -I../../../../../../../Drivers/CMSIS/Include -I../../../../../../../Drivers/CMSIS/DSP/Include -I../../../../../../../Drivers/BSP/STWIN -I../../../../../../../Drivers/BSP/Components/Common -O0 -ffunction-sections -Wall -fstack-usage -fcyclomatic-complexity -MMD -MP -MF"Drivers/STM32L4xx_HAL_Driver/stm32l4xx_hal_pcd_ex.d" -MT"Drivers/STM32L4xx_HAL_Driver/stm32l4xx_hal_pcd_ex.o" --specs=nano.specs -mfpu=fpv4-sp-d16 -mfloat-abi=softfp -mthumb -o "Drivers/STM32L4xx_HAL_Driver/stm32l4xx_hal_pcd_ex.o"
arm-none-eabi-gcc "C:/Users/angel/STM32CubeIDE/STWINK2/x-cube-memsmic1-main (1)/x-cube-memsmic1-main/Drivers/STM32L4xx_HAL_Driver/Src/stm32l4xx_hal_pwr.c" -mcpu=cortex-m4 -std=gnu11 -g3 -DUSE_HAL_DRIVER -DSTM32L4R9xx -DUSE_USB_FS -DARM_MATH_CM4 -c -I../../../Inc -I../../../../../../../Drivers/CMSIS/Device/ST/STM32L4xx/Include -I../../../../../../../Drivers/STM32L4xx_HAL_Driver/Inc -I../../../../../../../Middlewares/ST/STM32_USB_Device_Library/Class/AUDIO/Inc -I../../../../../../../Middlewares/ST/STM32_USB_Device_Library/Core/Inc -I../../../../../../../Drivers/CMSIS/Include -I../../../../../../../Drivers/CMSIS/DSP/Include -I../../../../../../../Drivers/BSP/STWIN -I../../../../../../../Drivers/BSP/Components/Common -O0 -ffunction-sections -Wall -fstack-usage -fcyclomatic-complexity -MMD -MP -MF"Drivers/STM32L4xx_HAL_Driver/stm32l4xx_hal_pwr.d" -MT"Drivers/STM32L4xx_HAL_Driver/stm32l4xx_hal_pwr.o" --specs=nano.specs -mfpu=fpv4-sp-d16 -mfloat-abi=softfp -mthumb -o "Drivers/STM32L4xx_HAL_Driver/stm32l4xx_hal_pwr.o"
arm-none-eabi-gcc "C:/Users/angel/STM32CubeIDE/STWINK2/x-cube-memsmic1-main (1)/x-cube-memsmic1-main/Drivers/STM32L4xx_HAL_Driver/Src/stm32l4xx_hal_pwr_ex.c" -mcpu=cortex-m4 -std=gnu11 -g3 -DUSE_HAL_DRIVER -DSTM32L4R9xx -DUSE_USB_FS -DARM_MATH_CM4 -c -I../../../Inc -I../../../../../../../Drivers/CMSIS/Device/ST/STM32L4xx/Include -I../../../../../../../Drivers/STM32L4xx_HAL_Driver/Inc -I../../../../../../../Middlewares/ST/STM32_USB_Device_Library/Class/AUDIO/Inc -I../../../../../../../Middlewares/ST/STM32_USB_Device_Library/Core/Inc -I../../../../../../../Drivers/CMSIS/Include -I../../../../../../../Drivers/CMSIS/DSP/Include -I../../../../../../../Drivers/BSP/STWIN -I../../../../../../../Drivers/BSP/Components/Common -O0 -ffunction-sections -Wall -fstack-usage -fcyclomatic-complexity -MMD -MP -MF"Drivers/STM32L4xx_HAL_Driver/stm32l4xx_hal_pwr_ex.d" -MT"Drivers/STM32L4xx_HAL_Driver/stm32l4xx_hal_pwr_ex.o" --specs=nano.specs -mfpu=fpv4-sp-d16 -mfloat-abi=softfp -mthumb -o "Drivers/STM32L4xx_HAL_Driver/stm32l4xx_hal_pwr_ex.o"
arm-none-eabi-gcc "C:/Users/angel/STM32CubeIDE/STWINK2/x-cube-memsmic1-main (1)/x-cube-memsmic1-main/Drivers/STM32L4xx_HAL_Driver/Src/stm32l4xx_hal_rcc.c" -mcpu=cortex-m4 -std=gnu11 -g3 -DUSE_HAL_DRIVER -DSTM32L4R9xx -DUSE_USB_FS -DARM_MATH_CM4 -c -I../../../Inc -I../../../../../../../Drivers/CMSIS/Device/ST/STM32L4xx/Include -I../../../../../../../Drivers/STM32L4xx_HAL_Driver/Inc -I../../../../../../../Middlewares/ST/STM32_USB_Device_Library/Class/AUDIO/Inc -I../../../../../../../Middlewares/ST/STM32_USB_Device_Library/Core/Inc -I../../../../../../../Drivers/CMSIS/Include -I../../../../../../../Drivers/CMSIS/DSP/Include -I../../../../../../../Drivers/BSP/STWIN -I../../../../../../../Drivers/BSP/Components/Common -O0 -ffunction-sections -Wall -fstack-usage -fcyclomatic-complexity -MMD -MP -MF"Drivers/STM32L4xx_HAL_Driver/stm32l4xx_hal_rcc.d" -MT"Drivers/STM32L4xx_HAL_Driver/stm32l4xx_hal_rcc.o" --specs=nano.specs -mfpu=fpv4-sp-d16 -mfloat-abi=softfp -mthumb -o "Drivers/STM32L4xx_HAL_Driver/stm32l4xx_hal_rcc.o"
arm-none-eabi-gcc "C:/Users/angel/STM32CubeIDE/STWINK2/x-cube-memsmic1-main (1)/x-cube-memsmic1-main/Drivers/STM32L4xx_HAL_Driver/Src/stm32l4xx_hal_rcc_ex.c" -mcpu=cortex-m4 -std=gnu11 -g3 -DUSE_HAL_DRIVER -DSTM32L4R9xx -DUSE_USB_FS -DARM_MATH_CM4 -c -I../../../Inc -I../../../../../../../Drivers/CMSIS/Device/ST/STM32L4xx/Include -I../../../../../../../Drivers/STM32L4xx_HAL_Driver/Inc -I../../../../../../../Middlewares/ST/STM32_USB_Device_Library/Class/AUDIO/Inc -I../../../../../../../Middlewares/ST/STM32_USB_Device_Library/Core/Inc -I../../../../../../../Drivers/CMSIS/Include -I../../../../../../../Drivers/CMSIS/DSP/Include -I../../../../../../../Drivers/BSP/STWIN -I../../../../../../../Drivers/BSP/Components/Common -O0 -ffunction-sections -Wall -fstack-usage -fcyclomatic-complexity -MMD -MP -MF"Drivers/STM32L4xx_HAL_Driver/stm32l4xx_hal_rcc_ex.d" -MT"Drivers/STM32L4xx_HAL_Driver/stm32l4xx_hal_rcc_ex.o" --specs=nano.specs -mfpu=fpv4-sp-d16 -mfloat-abi=softfp -mthumb -o "Drivers/STM32L4xx_HAL_Driver/stm32l4xx_hal_rcc_ex.o"
arm-none-eabi-gcc "C:/Users/angel/STM32CubeIDE/STWINK2/x-cube-memsmic1-main (1)/x-cube-memsmic1-main/Drivers/STM32L4xx_HAL_Driver/Src/stm32l4xx_hal_sai.c" -mcpu=cortex-m4 -std=gnu11 -g3 -DUSE_HAL_DRIVER -DSTM32L4R9xx -DUSE_USB_FS -DARM_MATH_CM4 -c -I../../../Inc -I../../../../../../../Drivers/CMSIS/Device/ST/STM32L4xx/Include -I../../../../../../../Drivers/STM32L4xx_HAL_Driver/Inc -I../../../../../../../Middlewares/ST/STM32_USB_Device_Library/Class/AUDIO/Inc -I../../../../../../../Middlewares/ST/STM32_USB_Device_Library/Core/Inc -I../../../../../../../Drivers/CMSIS/Include -I../../../../../../../Drivers/CMSIS/DSP/Include -I../../../../../../../Drivers/BSP/STWIN -I../../../../../../../Drivers/BSP/Components/Common -O0 -ffunction-sections -Wall -fstack-usage -fcyclomatic-complexity -MMD -MP -MF"Drivers/STM32L4xx_HAL_Driver/stm32l4xx_hal_sai.d" -MT"Drivers/STM32L4xx_HAL_Driver/stm32l4xx_hal_sai.o" --specs=nano.specs -mfpu=fpv4-sp-d16 -mfloat-abi=softfp -mthumb -o "Drivers/STM32L4xx_HAL_Driver/stm32l4xx_hal_sai.o"
arm-none-eabi-gcc "C:/Users/angel/STM32CubeIDE/STWINK2/x-cube-memsmic1-main (1)/x-cube-memsmic1-main/Drivers/STM32L4xx_HAL_Driver/Src/stm32l4xx_hal_spi.c" -mcpu=cortex-m4 -std=gnu11 -g3 -DUSE_HAL_DRIVER -DSTM32L4R9xx -DUSE_USB_FS -DARM_MATH_CM4 -c -I../../../Inc -I../../../../../../../Drivers/CMSIS/Device/ST/STM32L4xx/Include -I../../../../../../../Drivers/STM32L4xx_HAL_Driver/Inc -I../../../../../../../Middlewares/ST/STM32_USB_Device_Library/Class/AUDIO/Inc -I../../../../../../../Middlewares/ST/STM32_USB_Device_Library/Core/Inc -I../../../../../../../Drivers/CMSIS/Include -I../../../../../../../Drivers/CMSIS/DSP/Include -I../../../../../../../Drivers/BSP/STWIN -I../../../../../../../Drivers/BSP/Components/Common -O0 -ffunction-sections -Wall -fstack-usage -fcyclomatic-complexity -MMD -MP -MF"Drivers/STM32L4xx_HAL_Driver/stm32l4xx_hal_spi.d" -MT"Drivers/STM32L4xx_HAL_Driver/stm32l4xx_hal_spi.o" --specs=nano.specs -mfpu=fpv4-sp-d16 -mfloat-abi=softfp -mthumb -o "Drivers/STM32L4xx_HAL_Driver/stm32l4xx_hal_spi.o"
arm-none-eabi-gcc "C:/Users/angel/STM32CubeIDE/STWINK2/x-cube-memsmic1-main (1)/x-cube-memsmic1-main/Drivers/STM32L4xx_HAL_Driver/Src/stm32l4xx_hal_spi_ex.c" -mcpu=cortex-m4 -std=gnu11 -g3 -DUSE_HAL_DRIVER -DSTM32L4R9xx -DUSE_USB_FS -DARM_MATH_CM4 -c -I../../../Inc -I../../../../../../../Drivers/CMSIS/Device/ST/STM32L4xx/Include -I../../../../../../../Drivers/STM32L4xx_HAL_Driver/Inc -I../../../../../../../Middlewares/ST/STM32_USB_Device_Library/Class/AUDIO/Inc -I../../../../../../../Middlewares/ST/STM32_USB_Device_Library/Core/Inc -I../../../../../../../Drivers/CMSIS/Include -I../../../../../../../Drivers/CMSIS/DSP/Include -I../../../../../../../Drivers/BSP/STWIN -I../../../../../../../Drivers/BSP/Components/Common -O0 -ffunction-sections -Wall -fstack-usage -fcyclomatic-complexity -MMD -MP -MF"Drivers/STM32L4xx_HAL_Driver/stm32l4xx_hal_spi_ex.d" -MT"Drivers/STM32L4xx_HAL_Driver/stm32l4xx_hal_spi_ex.o" --specs=nano.specs -mfpu=fpv4-sp-d16 -mfloat-abi=softfp -mthumb -o "Drivers/STM32L4xx_HAL_Driver/stm32l4xx_hal_spi_ex.o"
arm-none-eabi-gcc "C:/Users/angel/STM32CubeIDE/STWINK2/x-cube-memsmic1-main (1)/x-cube-memsmic1-main/Drivers/STM32L4xx_HAL_Driver/Src/stm32l4xx_hal_tim.c" -mcpu=cortex-m4 -std=gnu11 -g3 -DUSE_HAL_DRIVER -DSTM32L4R9xx -DUSE_USB_FS -DARM_MATH_CM4 -c -I../../../Inc -I../../../../../../../Drivers/CMSIS/Device/ST/STM32L4xx/Include -I../../../../../../../Drivers/STM32L4xx_HAL_Driver/Inc -I../../../../../../../Middlewares/ST/STM32_USB_Device_Library/Class/AUDIO/Inc -I../../../../../../../Middlewares/ST/STM32_USB_Device_Library/Core/Inc -I../../../../../../../Drivers/CMSIS/Include -I../../../../../../../Drivers/CMSIS/DSP/Include -I../../../../../../../Drivers/BSP/STWIN -I../../../../../../../Drivers/BSP/Components/Common -O0 -ffunction-sections -Wall -fstack-usage -fcyclomatic-complexity -MMD -MP -MF"Drivers/STM32L4xx_HAL_Driver/stm32l4xx_hal_tim.d" -MT"Drivers/STM32L4xx_HAL_Driver/stm32l4xx_hal_tim.o" --specs=nano.specs -mfpu=fpv4-sp-d16 -mfloat-abi=softfp -mthumb -o "Drivers/STM32L4xx_HAL_Driver/stm32l4xx_hal_tim.o"
arm-none-eabi-gcc "C:/Users/angel/STM32CubeIDE/STWINK2/x-cube-memsmic1-main (1)/x-cube-memsmic1-main/Drivers/STM32L4xx_HAL_Driver/Src/stm32l4xx_hal_tim_ex.c" -mcpu=cortex-m4 -std=gnu11 -g3 -DUSE_HAL_DRIVER -DSTM32L4R9xx -DUSE_USB_FS -DARM_MATH_CM4 -c -I../../../Inc -I../../../../../../../Drivers/CMSIS/Device/ST/STM32L4xx/Include -I../../../../../../../Drivers/STM32L4xx_HAL_Driver/Inc -I../../../../../../../Middlewares/ST/STM32_USB_Device_Library/Class/AUDIO/Inc -I../../../../../../../Middlewares/ST/STM32_USB_Device_Library/Core/Inc -I../../../../../../../Drivers/CMSIS/Include -I../../../../../../../Drivers/CMSIS/DSP/Include -I../../../../../../../Drivers/BSP/STWIN -I../../../../../../../Drivers/BSP/Components/Common -O0 -ffunction-sections -Wall -fstack-usage -fcyclomatic-complexity -MMD -MP -MF"Drivers/STM32L4xx_HAL_Driver/stm32l4xx_hal_tim_ex.d" -MT"Drivers/STM32L4xx_HAL_Driver/stm32l4xx_hal_tim_ex.o" --specs=nano.specs -mfpu=fpv4-sp-d16 -mfloat-abi=softfp -mthumb -o "Drivers/STM32L4xx_HAL_Driver/stm32l4xx_hal_tim_ex.o"
arm-none-eabi-gcc "C:/Users/angel/STM32CubeIDE/STWINK2/x-cube-memsmic1-main (1)/x-cube-memsmic1-main/Drivers/STM32L4xx_HAL_Driver/Src/stm32l4xx_ll_usb.c" -mcpu=cortex-m4 -std=gnu11 -g3 -DUSE_HAL_DRIVER -DSTM32L4R9xx -DUSE_USB_FS -DARM_MATH_CM4 -c -I../../../Inc -I../../../../../../../Drivers/CMSIS/Device/ST/STM32L4xx/Include -I../../../../../../../Drivers/STM32L4xx_HAL_Driver/Inc -I../../../../../../../Middlewares/ST/STM32_USB_Device_Library/Class/AUDIO/Inc -I../../../../../../../Middlewares/ST/STM32_USB_Device_Library/Core/Inc -I../../../../../../../Drivers/CMSIS/Include -I../../../../../../../Drivers/CMSIS/DSP/Include -I../../../../../../../Drivers/BSP/STWIN -I../../../../../../../Drivers/BSP/Components/Common -O0 -ffunction-sections -Wall -fstack-usage -fcyclomatic-complexity -MMD -MP -MF"Drivers/STM32L4xx_HAL_Driver/stm32l4xx_ll_usb.d" -MT"Drivers/STM32L4xx_HAL_Driver/stm32l4xx_ll_usb.o" --specs=nano.specs -mfpu=fpv4-sp-d16 -mfloat-abi=softfp -mthumb -o "Drivers/STM32L4xx_HAL_Driver/stm32l4xx_ll_usb.o"
arm-none-eabi-gcc "C:/Users/angel/STM32CubeIDE/STWINK2/x-cube-memsmic1-main (1)/x-cube-memsmic1-main/Drivers/CMSIS/Device/ST/STM32L4xx/Source/Templates/system_stm32l4xx.c" -mcpu=cortex-m4 -std=gnu11 -g3 -DUSE_HAL_DRIVER -DSTM32L4R9xx -DUSE_USB_FS -DARM_MATH_CM4 -c -I../../../Inc -I../../../../../../../Drivers/CMSIS/Device/ST/STM32L4xx/Include -I../../../../../../../Drivers/STM32L4xx_HAL_Driver/Inc -I../../../../../../../Middlewares/ST/STM32_USB_Device_Library/Class/AUDIO/Inc -I../../../../../../../Middlewares/ST/STM32_USB_Device_Library/Core/Inc -I../../../../../../../Drivers/CMSIS/Include -I../../../../../../../Drivers/CMSIS/DSP/Include -I../../../../../../../Drivers/BSP/STWIN -I../../../../../../../Drivers/BSP/Components/Common -O0 -ffunction-sections -Wall -fstack-usage -fcyclomatic-complexity -MMD -MP -MF"Drivers/CMSIS/system_stm32l4xx.d" -MT"Drivers/CMSIS/system_stm32l4xx.o" --specs=nano.specs -mfpu=fpv4-sp-d16 -mfloat-abi=softfp -mthumb -o "Drivers/CMSIS/system_stm32l4xx.o"
arm-none-eabi-gcc "C:/Users/angel/STM32CubeIDE/STWINK2/x-cube-memsmic1-main (1)/x-cube-memsmic1-main/Drivers/BSP/STWIN/STWIN.c" -mcpu=cortex-m4 -std=gnu11 -g3 -DUSE_HAL_DRIVER -DSTM32L4R9xx -DUSE_USB_FS -DARM_MATH_CM4 -c -I../../../Inc -I../../../../../../../Drivers/CMSIS/Device/ST/STM32L4xx/Include -I../../../../../../../Drivers/STM32L4xx_HAL_Driver/Inc -I../../../../../../../Middlewares/ST/STM32_USB_Device_Library/Class/AUDIO/Inc -I../../../../../../../Middlewares/ST/STM32_USB_Device_Library/Core/Inc -I../../../../../../../Drivers/CMSIS/Include -I../../../../../../../Drivers/CMSIS/DSP/Include -I../../../../../../../Drivers/BSP/STWIN -I../../../../../../../Drivers/BSP/Components/Common -O0 -ffunction-sections -Wall -fstack-usage -fcyclomatic-complexity -MMD -MP -MF"Drivers/BSP/STWIN/STWIN.d" -MT"Drivers/BSP/STWIN/STWIN.o" --specs=nano.specs -mfpu=fpv4-sp-d16 -mfloat-abi=softfp -mthumb -o "Drivers/BSP/STWIN/STWIN.o"
arm-none-eabi-gcc "C:/Users/angel/STM32CubeIDE/STWINK2/x-cube-memsmic1-main (1)/x-cube-memsmic1-main/Drivers/BSP/STWIN/STWIN_audio.c" -mcpu=cortex-m4 -std=gnu11 -g3 -DUSE_HAL_DRIVER -DSTM32L4R9xx -DUSE_USB_FS -DARM_MATH_CM4 -c -I../../../Inc -I../../../../../../../Drivers/CMSIS/Device/ST/STM32L4xx/Include -I../../../../../../../Drivers/STM32L4xx_HAL_Driver/Inc -I../../../../../../../Middlewares/ST/STM32_USB_Device_Library/Class/AUDIO/Inc -I../../../../../../../Middlewares/ST/STM32_USB_Device_Library/Core/Inc -I../../../../../../../Drivers/CMSIS/Include -I../../../../../../../Drivers/CMSIS/DSP/Include -I../../../../../../../Drivers/BSP/STWIN -I../../../../../../../Drivers/BSP/Components/Common -O0 -ffunction-sections -Wall -fstack-usage -fcyclomatic-complexity -MMD -MP -MF"Drivers/BSP/STWIN/STWIN_audio.d" -MT"Drivers/BSP/STWIN/STWIN_audio.o" --specs=nano.specs -mfpu=fpv4-sp-d16 -mfloat-abi=softfp -mthumb -o "Drivers/BSP/STWIN/STWIN_audio.o"
arm-none-eabi-gcc "C:/Users/angel/STM32CubeIDE/STWINK2/x-cube-memsmic1-main (1)/x-cube-memsmic1-main/Drivers/BSP/STWIN/STWIN_bus.c" -mcpu=cortex-m4 -std=gnu11 -g3 -DUSE_HAL_DRIVER -DSTM32L4R9xx -DUSE_USB_FS -DARM_MATH_CM4 -c -I../../../Inc -I../../../../../../../Drivers/CMSIS/Device/ST/STM32L4xx/Include -I../../../../../../../Drivers/STM32L4xx_HAL_Driver/Inc -I../../../../../../../Middlewares/ST/STM32_USB_Device_Library/Class/AUDIO/Inc -I../../../../../../../Middlewares/ST/STM32_USB_Device_Library/Core/Inc -I../../../../../../../Drivers/CMSIS/Include -I../../../../../../../Drivers/CMSIS/DSP/Include -I../../../../../../../Drivers/BSP/STWIN -I../../../../../../../Drivers/BSP/Components/Common -O0 -ffunction-sections -Wall -fstack-usage -fcyclomatic-complexity -MMD -MP -MF"Drivers/BSP/STWIN/STWIN_bus.d" -MT"Drivers/BSP/STWIN/STWIN_bus.o" --specs=nano.specs -mfpu=fpv4-sp-d16 -mfloat-abi=softfp -mthumb -o "Drivers/BSP/STWIN/STWIN_bus.o"
arm-none-eabi-gcc "C:/Users/angel/STM32CubeIDE/STWINK2/x-cube-memsmic1-main (1)/x-cube-memsmic1-main/Projects/STM32L4R9ZI-STWIN/Demonstration/Microphones_Streaming/Src/audio_application.c" -mcpu=cortex-m4 -std=gnu11 -g3 -DUSE_HAL_DRIVER -DSTM32L4R9xx -DUSE_USB_FS -DARM_MATH_CM4 -c -I../../../Inc -I../../../../../../../Drivers/CMSIS/Device/ST/STM32L4xx/Include -I../../../../../../../Drivers/STM32L4xx_HAL_Driver/Inc -I../../../../../../../Middlewares/ST/STM32_USB_Device_Library/Class/AUDIO/Inc -I../../../../../../../Middlewares/ST/STM32_USB_Device_Library/Core/Inc -I../../../../../../../Drivers/CMSIS/Include -I../../../../../../../Drivers/CMSIS/DSP/Include -I../../../../../../../Drivers/BSP/STWIN -I../../../../../../../Drivers/BSP/Components/Common -O0 -ffunction-sections -Wall -fstack-usage -fcyclomatic-complexity -MMD -MP -MF"Application/User/audio_application.d" -MT"Application/User/audio_application.o" --specs=nano.specs -mfpu=fpv4-sp-d16 -mfloat-abi=softfp -mthumb -o "Application/User/audio_application.o"
arm-none-eabi-gcc "C:/Users/angel/STM32CubeIDE/STWINK2/x-cube-memsmic1-main (1)/x-cube-memsmic1-main/Projects/STM32L4R9ZI-STWIN/Demonstration/Microphones_Streaming/Src/cube_hal_l4.c" -mcpu=cortex-m4 -std=gnu11 -g3 -DUSE_HAL_DRIVER -DSTM32L4R9xx -DUSE_USB_FS -DARM_MATH_CM4 -c -I../../../Inc -I../../../../../../../Drivers/CMSIS/Device/ST/STM32L4xx/Include -I../../../../../../../Drivers/STM32L4xx_HAL_Driver/Inc -I../../../../../../../Middlewares/ST/STM32_USB_Device_Library/Class/AUDIO/Inc -I../../../../../../../Middlewares/ST/STM32_USB_Device_Library/Core/Inc -I../../../../../../../Drivers/CMSIS/Include -I../../../../../../../Drivers/CMSIS/DSP/Include -I../../../../../../../Drivers/BSP/STWIN -I../../../../../../../Drivers/BSP/Components/Common -O0 -ffunction-sections -Wall -fstack-usage -fcyclomatic-complexity -MMD -MP -MF"Application/User/cube_hal_l4.d" -MT"Application/User/cube_hal_l4.o" --specs=nano.specs -mfpu=fpv4-sp-d16 -mfloat-abi=softfp -mthumb -o "Application/User/cube_hal_l4.o"
arm-none-eabi-gcc "C:/Users/angel/STM32CubeIDE/STWINK2/x-cube-memsmic1-main (1)/x-cube-memsmic1-main/Projects/STM32L4R9ZI-STWIN/Demonstration/Microphones_Streaming/Src/main.c" -mcpu=cortex-m4 -std=gnu11 -g3 -DUSE_HAL_DRIVER -DSTM32L4R9xx -DUSE_USB_FS -DARM_MATH_CM4 -c -I../../../Inc -I../../../../../../../Drivers/CMSIS/Device/ST/STM32L4xx/Include -I../../../../../../../Drivers/STM32L4xx_HAL_Driver/Inc -I../../../../../../../Middlewares/ST/STM32_USB_Device_Library/Class/AUDIO/Inc -I../../../../../../../Middlewares/ST/STM32_USB_Device_Library/Core/Inc -I../../../../../../../Drivers/CMSIS/Include -I../../../../../../../Drivers/CMSIS/DSP/Include -I../../../../../../../Drivers/BSP/STWIN -I../../../../../../../Drivers/BSP/Components/Common -O0 -ffunction-sections -Wall -fstack-usage -fcyclomatic-complexity -MMD -MP -MF"Application/User/main.d" -MT"Application/User/main.o" --specs=nano.specs -mfpu=fpv4-sp-d16 -mfloat-abi=softfp -mthumb -o "Application/User/main.o"
arm-none-eabi-gcc "C:/Users/angel/STM32CubeIDE/STWINK2/x-cube-memsmic1-main (1)/x-cube-memsmic1-main/Projects/STM32L4R9ZI-STWIN/Demonstration/Microphones_Streaming/Src/stm32xx_it.c" -mcpu=cortex-m4 -std=gnu11 -g3 -DUSE_HAL_DRIVER -DSTM32L4R9xx -DUSE_USB_FS -DARM_MATH_CM4 -c -I../../../Inc -I../../../../../../../Drivers/CMSIS/Device/ST/STM32L4xx/Include -I../../../../../../../Drivers/STM32L4xx_HAL_Driver/Inc -I../../../../../../../Middlewares/ST/STM32_USB_Device_Library/Class/AUDIO/Inc -I../../../../../../../Middlewares/ST/STM32_USB_Device_Library/Core/Inc -I../../../../../../../Drivers/CMSIS/Include -I../../../../../../../Drivers/CMSIS/DSP/Include -I../../../../../../../Drivers/BSP/STWIN -I../../../../../../../Drivers/BSP/Components/Common -O0 -ffunction-sections -Wall -fstack-usage -fcyclomatic-complexity -MMD -MP -MF"Application/User/stm32xx_it.d" -MT"Application/User/stm32xx_it.o" --specs=nano.specs -mfpu=fpv4-sp-d16 -mfloat-abi=softfp -mthumb -o "Application/User/stm32xx_it.o"
arm-none-eabi-gcc "C:/Users/angel/STM32CubeIDE/STWINK2/x-cube-memsmic1-main (1)/x-cube-memsmic1-main/Projects/STM32L4R9ZI-STWIN/Demonstration/Microphones_Streaming/Src/usbd_audio_if.c" -mcpu=cortex-m4 -std=gnu11 -g3 -DUSE_HAL_DRIVER -DSTM32L4R9xx -DUSE_USB_FS -DARM_MATH_CM4 -c -I../../../Inc -I../../../../../../../Drivers/CMSIS/Device/ST/STM32L4xx/Include -I../../../../../../../Drivers/STM32L4xx_HAL_Driver/Inc -I../../../../../../../Middlewares/ST/STM32_USB_Device_Library/Class/AUDIO/Inc -I../../../../../../../Middlewares/ST/STM32_USB_Device_Library/Core/Inc -I../../../../../../../Drivers/CMSIS/Include -I../../../../../../../Drivers/CMSIS/DSP/Include -I../../../../../../../Drivers/BSP/STWIN -I../../../../../../../Drivers/BSP/Components/Common -O0 -ffunction-sections -Wall -fstack-usage -fcyclomatic-complexity -MMD -MP -MF"Application/User/usbd_audio_if.d" -MT"Application/User/usbd_audio_if.o" --specs=nano.specs -mfpu=fpv4-sp-d16 -mfloat-abi=softfp -mthumb -o "Application/User/usbd_audio_if.o"
arm-none-eabi-gcc "C:/Users/angel/STM32CubeIDE/STWINK2/x-cube-memsmic1-main (1)/x-cube-memsmic1-main/Projects/STM32L4R9ZI-STWIN/Demonstration/Microphones_Streaming/Src/usbd_conf_l4.c" -mcpu=cortex-m4 -std=gnu11 -g3 -DUSE_HAL_DRIVER -DSTM32L4R9xx -DUSE_USB_FS -DARM_MATH_CM4 -c -I../../../Inc -I../../../../../../../Drivers/CMSIS/Device/ST/STM32L4xx/Include -I../../../../../../../Drivers/STM32L4xx_HAL_Driver/Inc -I../../../../../../../Middlewares/ST/STM32_USB_Device_Library/Class/AUDIO/Inc -I../../../../../../../Middlewares/ST/STM32_USB_Device_Library/Core/Inc -I../../../../../../../Drivers/CMSIS/Include -I../../../../../../../Drivers/CMSIS/DSP/Include -I../../../../../../../Drivers/BSP/STWIN -I../../../../../../../Drivers/BSP/Components/Common -O0 -ffunction-sections -Wall -fstack-usage -fcyclomatic-complexity -MMD -MP -MF"Application/User/usbd_conf_l4.d" -MT"Application/User/usbd_conf_l4.o" --specs=nano.specs -mfpu=fpv4-sp-d16 -mfloat-abi=softfp -mthumb -o "Application/User/usbd_conf_l4.o"
arm-none-eabi-gcc "C:/Users/angel/STM32CubeIDE/STWINK2/x-cube-memsmic1-main (1)/x-cube-memsmic1-main/Projects/STM32L4R9ZI-STWIN/Demonstration/Microphones_Streaming/Src/usbd_desc.c" -mcpu=cortex-m4 -std=gnu11 -g3 -DUSE_HAL_DRIVER -DSTM32L4R9xx -DUSE_USB_FS -DARM_MATH_CM4 -c -I../../../Inc -I../../../../../../../Drivers/CMSIS/Device/ST/STM32L4xx/Include -I../../../../../../../Drivers/STM32L4xx_HAL_Driver/Inc -I../../../../../../../Middlewares/ST/STM32_USB_Device_Library/Class/AUDIO/Inc -I../../../../../../../Middlewares/ST/STM32_USB_Device_Library/Core/Inc -I../../../../../../../Drivers/CMSIS/Include -I../../../../../../../Drivers/CMSIS/DSP/Include -I../../../../../../../Drivers/BSP/STWIN -I../../../../../../../Drivers/BSP/Components/Common -O0 -ffunction-sections -Wall -fstack-usage -fcyclomatic-complexity -MMD -MP -MF"Application/User/usbd_desc.d" -MT"Application/User/usbd_desc.o" --specs=nano.specs -mfpu=fpv4-sp-d16 -mfloat-abi=softfp -mthumb -o "Application/User/usbd_desc.o"
arm-none-eabi-gcc -mcpu=cortex-m4 -g3 -c -x assembler-with-cpp -MMD -MP -MF"Application/SW4STM32/startup_stm32l4r9xx.d" -MT"Application/SW4STM32/startup_stm32l4r9xx.o" --specs=nano.specs -mfpu=fpv4-sp-d16 -mfloat-abi=softfp -mthumb -o "Application/SW4STM32/startup_stm32l4r9xx.o" "C:/Users/angel/STM32CubeIDE/STWINK2/x-cube-memsmic1-main (1)/x-cube-memsmic1-main/Projects/STM32L4R9ZI-STWIN/Demonstration/Microphones_Streaming/STM32CubeIDE/startup_stm32l4r9xx.s"
arm-none-eabi-gcc "C:/Users/angel/STM32CubeIDE/STWINK2/x-cube-memsmic1-main (1)/x-cube-memsmic1-main/Projects/STM32L4R9ZI-STWIN/Demonstration/Microphones_Streaming/STM32CubeIDE/syscalls.c" -mcpu=cortex-m4 -std=gnu11 -g3 -DUSE_HAL_DRIVER -DSTM32L4R9xx -DUSE_USB_FS -DARM_MATH_CM4 -c -I../../../Inc -I../../../../../../../Drivers/CMSIS/Device/ST/STM32L4xx/Include -I../../../../../../../Drivers/STM32L4xx_HAL_Driver/Inc -I../../../../../../../Middlewares/ST/STM32_USB_Device_Library/Class/AUDIO/Inc -I../../../../../../../Middlewares/ST/STM32_USB_Device_Library/Core/Inc -I../../../../../../../Drivers/CMSIS/Include -I../../../../../../../Drivers/CMSIS/DSP/Include -I../../../../../../../Drivers/BSP/STWIN -I../../../../../../../Drivers/BSP/Components/Common -O0 -ffunction-sections -Wall -fstack-usage -fcyclomatic-complexity -MMD -MP -MF"Application/SW4STM32/syscalls.d" -MT"Application/SW4STM32/syscalls.o" --specs=nano.specs -mfpu=fpv4-sp-d16 -mfloat-abi=softfp -mthumb -o "Application/SW4STM32/syscalls.o"
arm-none-eabi-gcc -o "OnBoardMics.elf" @"objects.list"  -l:libarm_cortexM4l_math.a -mcpu=cortex-m4 -T"../STM32L4R9ZITx_FLASH.ld" --specs=nosys.specs -Wl,-Map="OnBoardMics.map" -Wl,--gc-sections -static -L../../../../../../../Drivers/CMSIS/DSP/Lib/GCC --specs=nano.specs -mfpu=fpv4-sp-d16 -mfloat-abi=softfp -mthumb -Wl,--start-group -lc -lm -Wl,--end-group
Finished building target: OnBoardMics.elf
 
arm-none-eabi-size   OnBoardMics.elf 
arm-none-eabi-objdump -h -S  OnBoardMics.elf  > "OnBoardMics.list"
arm-none-eabi-objcopy  -O binary  OnBoardMics.elf  "OnBoardMics.bin"
   text	   data	    bss	    dec	    hex	filename
  45136	    304	  21248	  66688	  10480	OnBoardMics.elf
Finished building: default.size.stdout
 
Finished building: OnBoardMics.bin
 
Finished building: OnBoardMics.list
 
08:29:48 **** Incremental Build of configuration Debug for project OnBoardMics ****
make -j16 all 
arm-none-eabi-size   OnBoardMics.elf 
   text	   data	    bss	    dec	    hex	filename
  45136	    304	  21248	  66688	  10480	OnBoardMics.elf
Finished building: default.size.stdout
 
08:56:43 **** Incremental Build of configuration Debug for project OnBoardMics ****
make -j16 all 
arm-none-eabi-gcc "C:/Users/angel/STM32CubeIDE/STWINK2/x-cube-memsmic1-main (1)/x-cube-memsmic1-main/Projects/STM32L4R9ZI-STWIN/Demonstration/Microphones_Streaming/Src/main.c" -mcpu=cortex-m4 -std=gnu11 -g3 -DUSE_HAL_DRIVER -DSTM32L4R9xx -DUSE_USB_FS -DARM_MATH_CM4 -c -I../../../Inc -I../../../../../../../Drivers/CMSIS/Device/ST/STM32L4xx/Include -I../../../../../../../Drivers/STM32L4xx_HAL_Driver/Inc -I../../../../../../../Middlewares/ST/STM32_USB_Device_Library/Class/AUDIO/Inc -I../../../../../../../Middlewares/ST/STM32_USB_Device_Library/Core/Inc -I../../../../../../../Drivers/CMSIS/Include -I../../../../../../../Drivers/CMSIS/DSP/Include -I../../../../../../../Drivers/BSP/STWIN -I../../../../../../../Drivers/BSP/Components/Common -O0 -ffunction-sections -Wall -fstack-usage -fcyclomatic-complexity -MMD -MP -MF"Application/User/main.d" -MT"Application/User/main.o" --specs=nano.specs -mfpu=fpv4-sp-d16 -mfloat-abi=softfp -mthumb -o "Application/User/main.o"
C:/Users/angel/STM32CubeIDE/STWINK2/x-cube-memsmic1-main (1)/x-cube-memsmic1-main/Projects/STM32L4R9ZI-STWIN/Demonstration/Microphones_Streaming/Src/main.c:30:1: error: unknown type name 'PDC_HandleTypeDef'; did you mean 'PCD_HandleTypeDef'?
   30 | PDC_HandleTypeDef hpcd;
      | ^~~~~~~~~~~~~~~~~
      | PCD_HandleTypeDef
C:/Users/angel/STM32CubeIDE/STWINK2/x-cube-memsmic1-main (1)/x-cube-memsmic1-main/Projects/STM32L4R9ZI-STWIN/Demonstration/Microphones_Streaming/Src/main.c:30:19: error: conflicting types for 'hpcd'
   30 | PDC_HandleTypeDef hpcd;
      |                   ^~~~
In file included from ../../../../../../../Middlewares/ST/STM32_USB_Device_Library/Core/Inc/usbd_core.h:28,
                 from ../../../Inc/cube_hal.h:33,
                 from C:/Users/angel/STM32CubeIDE/STWINK2/x-cube-memsmic1-main (1)/x-cube-memsmic1-main/Projects/STM32L4R9ZI-STWIN/Demonstration/Microphones_Streaming/Src/main.c:24:
../../../Inc/usbd_conf.h:33:26: note: previous declaration of 'hpcd' was here
   33 | extern PCD_HandleTypeDef hpcd;
      |                          ^~~~
make: *** [Application/User/subdir.mk:41: Application/User/main.o] Error 1
"make -j16 all" terminated with exit code 2. Build might be incomplete.
08:56:59 **** Incremental Build of configuration Debug for project OnBoardMics ****
make -j16 all 
arm-none-eabi-gcc "C:/Users/angel/STM32CubeIDE/STWINK2/x-cube-memsmic1-main (1)/x-cube-memsmic1-main/Projects/STM32L4R9ZI-STWIN/Demonstration/Microphones_Streaming/Src/main.c" -mcpu=cortex-m4 -std=gnu11 -g3 -DUSE_HAL_DRIVER -DSTM32L4R9xx -DUSE_USB_FS -DARM_MATH_CM4 -c -I../../../Inc -I../../../../../../../Drivers/CMSIS/Device/ST/STM32L4xx/Include -I../../../../../../../Drivers/STM32L4xx_HAL_Driver/Inc -I../../../../../../../Middlewares/ST/STM32_USB_Device_Library/Class/AUDIO/Inc -I../../../../../../../Middlewares/ST/STM32_USB_Device_Library/Core/Inc -I../../../../../../../Drivers/CMSIS/Include -I../../../../../../../Drivers/CMSIS/DSP/Include -I../../../../../../../Drivers/BSP/STWIN -I../../../../../../../Drivers/BSP/Components/Common -O0 -ffunction-sections -Wall -fstack-usage -fcyclomatic-complexity -MMD -MP -MF"Application/User/main.d" -MT"Application/User/main.o" --specs=nano.specs -mfpu=fpv4-sp-d16 -mfloat-abi=softfp -mthumb -o "Application/User/main.o"
arm-none-eabi-gcc -o "OnBoardMics.elf" @"objects.list"  -l:libarm_cortexM4l_math.a -mcpu=cortex-m4 -T"../STM32L4R9ZITx_FLASH.ld" --specs=nosys.specs -Wl,-Map="OnBoardMics.map" -Wl,--gc-sections -static -L../../../../../../../Drivers/CMSIS/DSP/Lib/GCC --specs=nano.specs -mfpu=fpv4-sp-d16 -mfloat-abi=softfp -mthumb -Wl,--start-group -lc -lm -Wl,--end-group
Finished building target: OnBoardMics.elf
 
arm-none-eabi-size   OnBoardMics.elf 
arm-none-eabi-objdump -h -S  OnBoardMics.elf  > "OnBoardMics.list"
arm-none-eabi-objcopy  -O binary  OnBoardMics.elf  "OnBoardMics.bin"
   text	   data	    bss	    dec	    hex	filename
  45136	    304	  21248	  66688	  10480	OnBoardMics.elf
Finished building: default.size.stdout
 
Finished building: OnBoardMics.bin
 
Finished building: OnBoardMics.list
 
08:57:22 **** Incremental Build of configuration Debug for project OnBoardMics ****
make -j16 all 
arm-none-eabi-gcc "C:/Users/angel/STM32CubeIDE/STWINK2/x-cube-memsmic1-main (1)/x-cube-memsmic1-main/Projects/STM32L4R9ZI-STWIN/Demonstration/Microphones_Streaming/Src/main.c" -mcpu=cortex-m4 -std=gnu11 -g3 -DUSE_HAL_DRIVER -DSTM32L4R9xx -DUSE_USB_FS -DARM_MATH_CM4 -c -I../../../Inc -I../../../../../../../Drivers/CMSIS/Device/ST/STM32L4xx/Include -I../../../../../../../Drivers/STM32L4xx_HAL_Driver/Inc -I../../../../../../../Middlewares/ST/STM32_USB_Device_Library/Class/AUDIO/Inc -I../../../../../../../Middlewares/ST/STM32_USB_Device_Library/Core/Inc -I../../../../../../../Drivers/CMSIS/Include -I../../../../../../../Drivers/CMSIS/DSP/Include -I../../../../../../../Drivers/BSP/STWIN -I../../../../../../../Drivers/BSP/Components/Common -O0 -ffunction-sections -Wall -fstack-usage -fcyclomatic-complexity -MMD -MP -MF"Application/User/main.d" -MT"Application/User/main.o" --specs=nano.specs -mfpu=fpv4-sp-d16 -mfloat-abi=softfp -mthumb -o "Application/User/main.o"
arm-none-eabi-gcc -o "OnBoardMics.elf" @"objects.list"  -l:libarm_cortexM4l_math.a -mcpu=cortex-m4 -T"../STM32L4R9ZITx_FLASH.ld" --specs=nosys.specs -Wl,-Map="OnBoardMics.map" -Wl,--gc-sections -static -L../../../../../../../Drivers/CMSIS/DSP/Lib/GCC --specs=nano.specs -mfpu=fpv4-sp-d16 -mfloat-abi=softfp -mthumb -Wl,--start-group -lc -lm -Wl,--end-group
c:\st\stm32cubeide_1.12.1\stm32cubeide\plugins\com.st.stm32cube.ide.mcu.externaltools.gnu-tools-for-stm32.10.3-2021.10.win32_1.0.200.202301161003\tools\arm-none-eabi\bin\ld.exe: ./Application/User/usbd_conf_l4.o:C:/Users/angel/STM32CubeIDE/STWINK2/x-cube-memsmic1-main (1)/x-cube-memsmic1-main/Projects/STM32L4R9ZI-STWIN/Demonstration/Microphones_Streaming/Src/usbd_conf_l4.c:26: multiple definition of `hpcd'; ./Application/User/main.o:C:/Users/angel/STM32CubeIDE/STWINK2/x-cube-memsmic1-main (1)/x-cube-memsmic1-main/Projects/STM32L4R9ZI-STWIN/Demonstration/Microphones_Streaming/Src/main.c:30: first defined here
collect2.exe: error: ld returned 1 exit status
make: *** [makefile:71: OnBoardMics.elf] Error 1
"make -j16 all" terminated with exit code 2. Build might be incomplete.
09:05:34 **** Incremental Build of configuration Debug for project OnBoardMics ****
make -j16 all 
arm-none-eabi-gcc -o "OnBoardMics.elf" @"objects.list"  -l:libarm_cortexM4l_math.a -mcpu=cortex-m4 -T"../STM32L4R9ZITx_FLASH.ld" --specs=nosys.specs -Wl,-Map="OnBoardMics.map" -Wl,--gc-sections -static -L../../../../../../../Drivers/CMSIS/DSP/Lib/GCC --specs=nano.specs -mfpu=fpv4-sp-d16 -mfloat-abi=softfp -mthumb -Wl,--start-group -lc -lm -Wl,--end-group
c:\st\stm32cubeide_1.12.1\stm32cubeide\plugins\com.st.stm32cube.ide.mcu.externaltools.gnu-tools-for-stm32.10.3-2021.10.win32_1.0.200.202301161003\tools\arm-none-eabi\bin\ld.exe: ./Application/User/usbd_conf_l4.o:C:/Users/angel/STM32CubeIDE/STWINK2/x-cube-memsmic1-main (1)/x-cube-memsmic1-main/Projects/STM32L4R9ZI-STWIN/Demonstration/Microphones_Streaming/Src/usbd_conf_l4.c:26: multiple definition of `hpcd'; ./Application/User/main.o:C:/Users/angel/STM32CubeIDE/STWINK2/x-cube-memsmic1-main (1)/x-cube-memsmic1-main/Projects/STM32L4R9ZI-STWIN/Demonstration/Microphones_Streaming/Src/main.c:30: first defined here
collect2.exe: error: ld returned 1 exit status
make: *** [makefile:71: OnBoardMics.elf] Error 1
"make -j16 all" terminated with exit code 2. Build might be incomplete.
09:05:44 **** Incremental Build of configuration Debug for project OnBoardMics ****
make -j16 all 
arm-none-eabi-gcc "C:/Users/angel/STM32CubeIDE/STWINK2/x-cube-memsmic1-main (1)/x-cube-memsmic1-main/Projects/STM32L4R9ZI-STWIN/Demonstration/Microphones_Streaming/Src/main.c" -mcpu=cortex-m4 -std=gnu11 -g3 -DUSE_HAL_DRIVER -DSTM32L4R9xx -DUSE_USB_FS -DARM_MATH_CM4 -c -I../../../Inc -I../../../../../../../Drivers/CMSIS/Device/ST/STM32L4xx/Include -I../../../../../../../Drivers/STM32L4xx_HAL_Driver/Inc -I../../../../../../../Middlewares/ST/STM32_USB_Device_Library/Class/AUDIO/Inc -I../../../../../../../Middlewares/ST/STM32_USB_Device_Library/Core/Inc -I../../../../../../../Drivers/CMSIS/Include -I../../../../../../../Drivers/CMSIS/DSP/Include -I../../../../../../../Drivers/BSP/STWIN -I../../../../../../../Drivers/BSP/Components/Common -O0 -ffunction-sections -Wall -fstack-usage -fcyclomatic-complexity -MMD -MP -MF"Application/User/main.d" -MT"Application/User/main.o" --specs=nano.specs -mfpu=fpv4-sp-d16 -mfloat-abi=softfp -mthumb -o "Application/User/main.o"
arm-none-eabi-gcc -o "OnBoardMics.elf" @"objects.list"  -l:libarm_cortexM4l_math.a -mcpu=cortex-m4 -T"../STM32L4R9ZITx_FLASH.ld" --specs=nosys.specs -Wl,-Map="OnBoardMics.map" -Wl,--gc-sections -static -L../../../../../../../Drivers/CMSIS/DSP/Lib/GCC --specs=nano.specs -mfpu=fpv4-sp-d16 -mfloat-abi=softfp -mthumb -Wl,--start-group -lc -lm -Wl,--end-group
Finished building target: OnBoardMics.elf
 
arm-none-eabi-size   OnBoardMics.elf 
arm-none-eabi-objdump -h -S  OnBoardMics.elf  > "OnBoardMics.list"
arm-none-eabi-objcopy  -O binary  OnBoardMics.elf  "OnBoardMics.bin"
   text	   data	    bss	    dec	    hex	filename
  45136	    304	  21248	  66688	  10480	OnBoardMics.elf
Finished building: default.size.stdout
 
Finished building: OnBoardMics.bin
 
Finished building: OnBoardMics.list
 
09:08:07 **** Incremental Build of configuration Debug for project OnBoardMics ****
make -j16 all 
arm-none-eabi-gcc "C:/Users/angel/STM32CubeIDE/STWINK2/x-cube-memsmic1-main (1)/x-cube-memsmic1-main/Projects/STM32L4R9ZI-STWIN/Demonstration/Microphones_Streaming/Src/main.c" -mcpu=cortex-m4 -std=gnu11 -g3 -DUSE_HAL_DRIVER -DSTM32L4R9xx -DUSE_USB_FS -DARM_MATH_CM4 -c -I../../../Inc -I../../../../../../../Drivers/CMSIS/Device/ST/STM32L4xx/Include -I../../../../../../../Drivers/STM32L4xx_HAL_Driver/Inc -I../../../../../../../Middlewares/ST/STM32_USB_Device_Library/Class/AUDIO/Inc -I../../../../../../../Middlewares/ST/STM32_USB_Device_Library/Core/Inc -I../../../../../../../Drivers/CMSIS/Include -I../../../../../../../Drivers/CMSIS/DSP/Include -I../../../../../../../Drivers/BSP/STWIN -I../../../../../../../Drivers/BSP/Components/Common -O0 -ffunction-sections -Wall -fstack-usage -fcyclomatic-complexity -MMD -MP -MF"Application/User/main.d" -MT"Application/User/main.o" --specs=nano.specs -mfpu=fpv4-sp-d16 -mfloat-abi=softfp -mthumb -o "Application/User/main.o"
arm-none-eabi-gcc -o "OnBoardMics.elf" @"objects.list"  -l:libarm_cortexM4l_math.a -mcpu=cortex-m4 -T"../STM32L4R9ZITx_FLASH.ld" --specs=nosys.specs -Wl,-Map="OnBoardMics.map" -Wl,--gc-sections -static -L../../../../../../../Drivers/CMSIS/DSP/Lib/GCC --specs=nano.specs -mfpu=fpv4-sp-d16 -mfloat-abi=softfp -mthumb -Wl,--start-group -lc -lm -Wl,--end-group
Finished building target: OnBoardMics.elf
 
arm-none-eabi-size   OnBoardMics.elf 
arm-none-eabi-objdump -h -S  OnBoardMics.elf  > "OnBoardMics.list"
arm-none-eabi-objcopy  -O binary  OnBoardMics.elf  "OnBoardMics.bin"
   text	   data	    bss	    dec	    hex	filename
  45136	    304	  21248	  66688	  10480	OnBoardMics.elf
Finished building: default.size.stdout
 
Finished building: OnBoardMics.bin
 
Finished building: OnBoardMics.list
 
09:10:40 **** Incremental Build of configuration Debug for project OnBoardMics ****
make -j16 all 
arm-none-eabi-gcc "C:/Users/angel/STM32CubeIDE/STWINK2/x-cube-memsmic1-main (1)/x-cube-memsmic1-main/Projects/STM32L4R9ZI-STWIN/Demonstration/Microphones_Streaming/Src/main.c" -mcpu=cortex-m4 -std=gnu11 -g3 -DUSE_HAL_DRIVER -DSTM32L4R9xx -DUSE_USB_FS -DARM_MATH_CM4 -c -I../../../Inc -I../../../../../../../Drivers/CMSIS/Device/ST/STM32L4xx/Include -I../../../../../../../Drivers/STM32L4xx_HAL_Driver/Inc -I../../../../../../../Middlewares/ST/STM32_USB_Device_Library/Class/AUDIO/Inc -I../../../../../../../Middlewares/ST/STM32_USB_Device_Library/Core/Inc -I../../../../../../../Drivers/CMSIS/Include -I../../../../../../../Drivers/CMSIS/DSP/Include -I../../../../../../../Drivers/BSP/STWIN -I../../../../../../../Drivers/BSP/Components/Common -O0 -ffunction-sections -Wall -fstack-usage -fcyclomatic-complexity -MMD -MP -MF"Application/User/main.d" -MT"Application/User/main.o" --specs=nano.specs -mfpu=fpv4-sp-d16 -mfloat-abi=softfp -mthumb -o "Application/User/main.o"
C:/Users/angel/STM32CubeIDE/STWINK2/x-cube-memsmic1-main (1)/x-cube-memsmic1-main/Projects/STM32L4R9ZI-STWIN/Demonstration/Microphones_Streaming/Src/main.c: In function 'main':
C:/Users/angel/STM32CubeIDE/STWINK2/x-cube-memsmic1-main (1)/x-cube-memsmic1-main/Projects/STM32L4R9ZI-STWIN/Demonstration/Microphones_Streaming/Src/main.c:79:16: warning: passing argument 1 of 'USBD_LL_Init' from incompatible pointer type [-Wincompatible-pointer-types]
   79 |   USBD_LL_Init(&hpcd);
      |                ^~~~~
      |                |
      |                PCD_HandleTypeDef *
In file included from ../../../Inc/cube_hal.h:33,
                 from C:/Users/angel/STM32CubeIDE/STWINK2/x-cube-memsmic1-main (1)/x-cube-memsmic1-main/Projects/STM32L4R9ZI-STWIN/Demonstration/Microphones_Streaming/Src/main.c:24:
../../../../../../../Middlewares/ST/STM32_USB_Device_Library/Core/Inc/usbd_core.h:122:53: note: expected 'USBD_HandleTypeDef *' {aka 'struct _USBD_HandleTypeDef *'} but argument is of type 'PCD_HandleTypeDef *'
  122 | USBD_StatusTypeDef USBD_LL_Init(USBD_HandleTypeDef *pdev);
      |                                 ~~~~~~~~~~~~~~~~~~~~^~~~
arm-none-eabi-gcc -o "OnBoardMics.elf" @"objects.list"  -l:libarm_cortexM4l_math.a -mcpu=cortex-m4 -T"../STM32L4R9ZITx_FLASH.ld" --specs=nosys.specs -Wl,-Map="OnBoardMics.map" -Wl,--gc-sections -static -L../../../../../../../Drivers/CMSIS/DSP/Lib/GCC --specs=nano.specs -mfpu=fpv4-sp-d16 -mfloat-abi=softfp -mthumb -Wl,--start-group -lc -lm -Wl,--end-group
Finished building target: OnBoardMics.elf
 
arm-none-eabi-size   OnBoardMics.elf 
arm-none-eabi-objdump -h -S  OnBoardMics.elf  > "OnBoardMics.list"
arm-none-eabi-objcopy  -O binary  OnBoardMics.elf  "OnBoardMics.bin"
   text	   data	    bss	    dec	    hex	filename
  45144	    304	  21248	  66696	  10488	OnBoardMics.elf
Finished building: default.size.stdout
 
Finished building: OnBoardMics.bin
 
Finished building: OnBoardMics.list
 
09:11:50 **** Incremental Build of configuration Debug for project OnBoardMics ****
make -j16 all 
arm-none-eabi-gcc "C:/Users/angel/STM32CubeIDE/STWINK2/x-cube-memsmic1-main (1)/x-cube-memsmic1-main/Projects/STM32L4R9ZI-STWIN/Demonstration/Microphones_Streaming/Src/main.c" -mcpu=cortex-m4 -std=gnu11 -g3 -DUSE_HAL_DRIVER -DSTM32L4R9xx -DUSE_USB_FS -DARM_MATH_CM4 -c -I../../../Inc -I../../../../../../../Drivers/CMSIS/Device/ST/STM32L4xx/Include -I../../../../../../../Drivers/STM32L4xx_HAL_Driver/Inc -I../../../../../../../Middlewares/ST/STM32_USB_Device_Library/Class/AUDIO/Inc -I../../../../../../../Middlewares/ST/STM32_USB_Device_Library/Core/Inc -I../../../../../../../Drivers/CMSIS/Include -I../../../../../../../Drivers/CMSIS/DSP/Include -I../../../../../../../Drivers/BSP/STWIN -I../../../../../../../Drivers/BSP/Components/Common -O0 -ffunction-sections -Wall -fstack-usage -fcyclomatic-complexity -MMD -MP -MF"Application/User/main.d" -MT"Application/User/main.o" --specs=nano.specs -mfpu=fpv4-sp-d16 -mfloat-abi=softfp -mthumb -o "Application/User/main.o"
C:/Users/angel/STM32CubeIDE/STWINK2/x-cube-memsmic1-main (1)/x-cube-memsmic1-main/Projects/STM32L4R9ZI-STWIN/Demonstration/Microphones_Streaming/Src/main.c: In function 'main':
C:/Users/angel/STM32CubeIDE/STWINK2/x-cube-memsmic1-main (1)/x-cube-memsmic1-main/Projects/STM32L4R9ZI-STWIN/Demonstration/Microphones_Streaming/Src/main.c:78:16: warning: passing argument 1 of 'USBD_LL_Init' from incompatible pointer type [-Wincompatible-pointer-types]
   78 |   USBD_LL_Init(&hpcd);
      |                ^~~~~
      |                |
      |                PCD_HandleTypeDef *
In file included from ../../../Inc/cube_hal.h:33,
                 from C:/Users/angel/STM32CubeIDE/STWINK2/x-cube-memsmic1-main (1)/x-cube-memsmic1-main/Projects/STM32L4R9ZI-STWIN/Demonstration/Microphones_Streaming/Src/main.c:24:
../../../../../../../Middlewares/ST/STM32_USB_Device_Library/Core/Inc/usbd_core.h:122:53: note: expected 'USBD_HandleTypeDef *' {aka 'struct _USBD_HandleTypeDef *'} but argument is of type 'PCD_HandleTypeDef *'
  122 | USBD_StatusTypeDef USBD_LL_Init(USBD_HandleTypeDef *pdev);
      |                                 ~~~~~~~~~~~~~~~~~~~~^~~~
arm-none-eabi-gcc -o "OnBoardMics.elf" @"objects.list"  -l:libarm_cortexM4l_math.a -mcpu=cortex-m4 -T"../STM32L4R9ZITx_FLASH.ld" --specs=nosys.specs -Wl,-Map="OnBoardMics.map" -Wl,--gc-sections -static -L../../../../../../../Drivers/CMSIS/DSP/Lib/GCC --specs=nano.specs -mfpu=fpv4-sp-d16 -mfloat-abi=softfp -mthumb -Wl,--start-group -lc -lm -Wl,--end-group
Finished building target: OnBoardMics.elf
 
arm-none-eabi-size   OnBoardMics.elf 
arm-none-eabi-objdump -h -S  OnBoardMics.elf  > "OnBoardMics.list"
arm-none-eabi-objcopy  -O binary  OnBoardMics.elf  "OnBoardMics.bin"
   text	   data	    bss	    dec	    hex	filename
  45144	    304	  21248	  66696	  10488	OnBoardMics.elf
Finished building: default.size.stdout
 
Finished building: OnBoardMics.bin
 
Finished building: OnBoardMics.list
 
09:21:33 **** Incremental Build of configuration Debug for project OnBoardMics ****
make -j16 all 
arm-none-eabi-gcc "C:/Users/angel/STM32CubeIDE/STWINK2/x-cube-memsmic1-main (1)/x-cube-memsmic1-main/Projects/STM32L4R9ZI-STWIN/Demonstration/Microphones_Streaming/Src/main.c" -mcpu=cortex-m4 -std=gnu11 -g3 -DUSE_HAL_DRIVER -DSTM32L4R9xx -DUSE_USB_FS -DARM_MATH_CM4 -c -I../../../Inc -I../../../../../../../Drivers/CMSIS/Device/ST/STM32L4xx/Include -I../../../../../../../Drivers/STM32L4xx_HAL_Driver/Inc -I../../../../../../../Middlewares/ST/STM32_USB_Device_Library/Class/AUDIO/Inc -I../../../../../../../Middlewares/ST/STM32_USB_Device_Library/Core/Inc -I../../../../../../../Drivers/CMSIS/Include -I../../../../../../../Drivers/CMSIS/DSP/Include -I../../../../../../../Drivers/BSP/STWIN -I../../../../../../../Drivers/BSP/Components/Common -O0 -ffunction-sections -Wall -fstack-usage -fcyclomatic-complexity -MMD -MP -MF"Application/User/main.d" -MT"Application/User/main.o" --specs=nano.specs -mfpu=fpv4-sp-d16 -mfloat-abi=softfp -mthumb -o "Application/User/main.o"
arm-none-eabi-gcc -o "OnBoardMics.elf" @"objects.list"  -l:libarm_cortexM4l_math.a -mcpu=cortex-m4 -T"../STM32L4R9ZITx_FLASH.ld" --specs=nosys.specs -Wl,-Map="OnBoardMics.map" -Wl,--gc-sections -static -L../../../../../../../Drivers/CMSIS/DSP/Lib/GCC --specs=nano.specs -mfpu=fpv4-sp-d16 -mfloat-abi=softfp -mthumb -Wl,--start-group -lc -lm -Wl,--end-group
Finished building target: OnBoardMics.elf
 
arm-none-eabi-size   OnBoardMics.elf 
arm-none-eabi-objdump -h -S  OnBoardMics.elf  > "OnBoardMics.list"
arm-none-eabi-objcopy  -O binary  OnBoardMics.elf  "OnBoardMics.bin"
   text	   data	    bss	    dec	    hex	filename
  45136	    304	  21248	  66688	  10480	OnBoardMics.elf
Finished building: default.size.stdout
 
Finished building: OnBoardMics.bin
 
Finished building: OnBoardMics.list
 
09:21:39 **** Incremental Build of configuration Debug for project OnBoardMics ****
make -j16 all 
arm-none-eabi-size   OnBoardMics.elf 
   text	   data	    bss	    dec	    hex	filename
  45136	    304	  21248	  66688	  10480	OnBoardMics.elf
Finished building: default.size.stdout
 
10:17:02 **** Incremental Build of configuration Debug for project OnBoardMics ****
make -j16 all 
arm-none-eabi-gcc "C:/Users/angel/STM32CubeIDE/STWINK2/x-cube-memsmic1-main (1)/x-cube-memsmic1-main/Projects/STM32L4R9ZI-STWIN/Demonstration/Microphones_Streaming/Src/audio_application.c" -mcpu=cortex-m4 -std=gnu11 -g3 -DUSE_HAL_DRIVER -DSTM32L4R9xx -DUSE_USB_FS -DARM_MATH_CM4 -c -I../../../Inc -I../../../../../../../Drivers/CMSIS/Device/ST/STM32L4xx/Include -I../../../../../../../Drivers/STM32L4xx_HAL_Driver/Inc -I../../../../../../../Middlewares/ST/STM32_USB_Device_Library/Class/AUDIO/Inc -I../../../../../../../Middlewares/ST/STM32_USB_Device_Library/Core/Inc -I../../../../../../../Drivers/CMSIS/Include -I../../../../../../../Drivers/CMSIS/DSP/Include -I../../../../../../../Drivers/BSP/STWIN -I../../../../../../../Drivers/BSP/Components/Common -O0 -ffunction-sections -Wall -fstack-usage -fcyclomatic-complexity -MMD -MP -MF"Application/User/audio_application.d" -MT"Application/User/audio_application.o" --specs=nano.specs -mfpu=fpv4-sp-d16 -mfloat-abi=softfp -mthumb -o "Application/User/audio_application.o"
arm-none-eabi-gcc "C:/Users/angel/STM32CubeIDE/STWINK2/x-cube-memsmic1-main (1)/x-cube-memsmic1-main/Projects/STM32L4R9ZI-STWIN/Demonstration/Microphones_Streaming/Src/main.c" -mcpu=cortex-m4 -std=gnu11 -g3 -DUSE_HAL_DRIVER -DSTM32L4R9xx -DUSE_USB_FS -DARM_MATH_CM4 -c -I../../../Inc -I../../../../../../../Drivers/CMSIS/Device/ST/STM32L4xx/Include -I../../../../../../../Drivers/STM32L4xx_HAL_Driver/Inc -I../../../../../../../Middlewares/ST/STM32_USB_Device_Library/Class/AUDIO/Inc -I../../../../../../../Middlewares/ST/STM32_USB_Device_Library/Core/Inc -I../../../../../../../Drivers/CMSIS/Include -I../../../../../../../Drivers/CMSIS/DSP/Include -I../../../../../../../Drivers/BSP/STWIN -I../../../../../../../Drivers/BSP/Components/Common -O0 -ffunction-sections -Wall -fstack-usage -fcyclomatic-complexity -MMD -MP -MF"Application/User/main.d" -MT"Application/User/main.o" --specs=nano.specs -mfpu=fpv4-sp-d16 -mfloat-abi=softfp -mthumb -o "Application/User/main.o"
arm-none-eabi-gcc -o "OnBoardMics.elf" @"objects.list"  -l:libarm_cortexM4l_math.a -mcpu=cortex-m4 -T"../STM32L4R9ZITx_FLASH.ld" --specs=nosys.specs -Wl,-Map="OnBoardMics.map" -Wl,--gc-sections -static -L../../../../../../../Drivers/CMSIS/DSP/Lib/GCC --specs=nano.specs -mfpu=fpv4-sp-d16 -mfloat-abi=softfp -mthumb -Wl,--start-group -lc -lm -Wl,--end-group
Finished building target: OnBoardMics.elf
 
arm-none-eabi-size   OnBoardMics.elf 
arm-none-eabi-objdump -h -S  OnBoardMics.elf  > "OnBoardMics.list"
arm-none-eabi-objcopy  -O binary  OnBoardMics.elf  "OnBoardMics.bin"
   text	   data	    bss	    dec	    hex	filename
 130648	    304	  21760	 152712	  25488	OnBoardMics.elf
Finished building: default.size.stdout
 
Finished building: OnBoardMics.bin
 
Finished building: OnBoardMics.list
 
10:22:20 **** Incremental Build of configuration Debug for project OnBoardMics ****
make -j16 all 
arm-none-eabi-gcc "C:/Users/angel/STM32CubeIDE/STWINK2/x-cube-memsmic1-main (1)/x-cube-memsmic1-main/Projects/STM32L4R9ZI-STWIN/Demonstration/Microphones_Streaming/Src/audio_application.c" -mcpu=cortex-m4 -std=gnu11 -g3 -DUSE_HAL_DRIVER -DSTM32L4R9xx -DUSE_USB_FS -DARM_MATH_CM4 -c -I../../../Inc -I../../../../../../../Drivers/CMSIS/Device/ST/STM32L4xx/Include -I../../../../../../../Drivers/STM32L4xx_HAL_Driver/Inc -I../../../../../../../Middlewares/ST/STM32_USB_Device_Library/Class/AUDIO/Inc -I../../../../../../../Middlewares/ST/STM32_USB_Device_Library/Core/Inc -I../../../../../../../Drivers/CMSIS/Include -I../../../../../../../Drivers/CMSIS/DSP/Include -I../../../../../../../Drivers/BSP/STWIN -I../../../../../../../Drivers/BSP/Components/Common -O0 -ffunction-sections -Wall -fstack-usage -fcyclomatic-complexity -MMD -MP -MF"Application/User/audio_application.d" -MT"Application/User/audio_application.o" --specs=nano.specs -mfpu=fpv4-sp-d16 -mfloat-abi=softfp -mthumb -o "Application/User/audio_application.o"
arm-none-eabi-gcc -o "OnBoardMics.elf" @"objects.list"  -l:libarm_cortexM4l_math.a -mcpu=cortex-m4 -T"../STM32L4R9ZITx_FLASH.ld" --specs=nosys.specs -Wl,-Map="OnBoardMics.map" -Wl,--gc-sections -static -L../../../../../../../Drivers/CMSIS/DSP/Lib/GCC --specs=nano.specs -mfpu=fpv4-sp-d16 -mfloat-abi=softfp -mthumb -Wl,--start-group -lc -lm -Wl,--end-group
Finished building target: OnBoardMics.elf
 
arm-none-eabi-size   OnBoardMics.elf 
arm-none-eabi-objdump -h -S  OnBoardMics.elf  > "OnBoardMics.list"
arm-none-eabi-objcopy  -O binary  OnBoardMics.elf  "OnBoardMics.bin"
   text	   data	    bss	    dec	    hex	filename
 130648	    304	  21760	 152712	  25488	OnBoardMics.elf
Finished building: default.size.stdout
 
Finished building: OnBoardMics.bin
 
Finished building: OnBoardMics.list
 
10:22:29 **** Incremental Build of configuration Debug for project OnBoardMics ****
make -j16 all 
arm-none-eabi-size   OnBoardMics.elf 
   text	   data	    bss	    dec	    hex	filename
 130648	    304	  21760	 152712	  25488	OnBoardMics.elf
Finished building: default.size.stdout
 
10:26:23 **** Incremental Build of configuration Debug for project OnBoardMics ****
make -j16 all 
arm-none-eabi-size   OnBoardMics.elf 
   text	   data	    bss	    dec	    hex	filename
 130648	    304	  21760	 152712	  25488	OnBoardMics.elf
Finished building: default.size.stdout
 
10:40:09 **** Incremental Build of configuration Debug for project OnBoardMics ****
make -j16 all 
arm-none-eabi-gcc "C:/Users/angel/STM32CubeIDE/STWINK2/x-cube-memsmic1-main (1)/x-cube-memsmic1-main/Projects/STM32L4R9ZI-STWIN/Demonstration/Microphones_Streaming/Src/audio_application.c" -mcpu=cortex-m4 -std=gnu11 -g3 -DUSE_HAL_DRIVER -DSTM32L4R9xx -DUSE_USB_FS -DARM_MATH_CM4 -c -I../../../Inc -I../../../../../../../Drivers/CMSIS/Device/ST/STM32L4xx/Include -I../../../../../../../Drivers/STM32L4xx_HAL_Driver/Inc -I../../../../../../../Middlewares/ST/STM32_USB_Device_Library/Class/AUDIO/Inc -I../../../../../../../Middlewares/ST/STM32_USB_Device_Library/Core/Inc -I../../../../../../../Drivers/CMSIS/Include -I../../../../../../../Drivers/CMSIS/DSP/Include -I../../../../../../../Drivers/BSP/STWIN -I../../../../../../../Drivers/BSP/Components/Common -O0 -ffunction-sections -Wall -fstack-usage -fcyclomatic-complexity -MMD -MP -MF"Application/User/audio_application.d" -MT"Application/User/audio_application.o" --specs=nano.specs -mfpu=fpv4-sp-d16 -mfloat-abi=softfp -mthumb -o "Application/User/audio_application.o"
C:/Users/angel/STM32CubeIDE/STWINK2/x-cube-memsmic1-main (1)/x-cube-memsmic1-main/Projects/STM32L4R9ZI-STWIN/Demonstration/Microphones_Streaming/Src/audio_application.c:30:35: error: expected ';' before 'BSP_AUDIO_Init_t'
   30 | float32_t fftMagnitude[FFT_SIZE/2]
      |                                   ^
      |                                   ;
......
   51 | BSP_AUDIO_Init_t MicParams;
      | ~~~~~~~~~~~~~~~~                   
C:/Users/angel/STM32CubeIDE/STWINK2/x-cube-memsmic1-main (1)/x-cube-memsmic1-main/Projects/STM32L4R9ZI-STWIN/Demonstration/Microphones_Streaming/Src/audio_application.c: In function 'AudioProcess':
C:/Users/angel/STM32CubeIDE/STWINK2/x-cube-memsmic1-main (1)/x-cube-memsmic1-main/Projects/STM32L4R9ZI-STWIN/Demonstration/Microphones_Streaming/Src/audio_application.c:118:33: error: 'fftMagnitude' undeclared (first use in this function)
  118 |    arm_cmplx_mag_f32(fftOutput, fftMagnitude, FFT_SIZE / 2);
      |                                 ^~~~~~~~~~~~
C:/Users/angel/STM32CubeIDE/STWINK2/x-cube-memsmic1-main (1)/x-cube-memsmic1-main/Projects/STM32L4R9ZI-STWIN/Demonstration/Microphones_Streaming/Src/audio_application.c:118:33: note: each undeclared identifier is reported only once for each function it appears in
make: *** [Application/User/subdir.mk:37: Application/User/audio_application.o] Error 1
"make -j16 all" terminated with exit code 2. Build might be incomplete.
10:40:37 **** Incremental Build of configuration Debug for project OnBoardMics ****
make -j16 all 
arm-none-eabi-gcc "C:/Users/angel/STM32CubeIDE/STWINK2/x-cube-memsmic1-main (1)/x-cube-memsmic1-main/Projects/STM32L4R9ZI-STWIN/Demonstration/Microphones_Streaming/Src/audio_application.c" -mcpu=cortex-m4 -std=gnu11 -g3 -DUSE_HAL_DRIVER -DSTM32L4R9xx -DUSE_USB_FS -DARM_MATH_CM4 -c -I../../../Inc -I../../../../../../../Drivers/CMSIS/Device/ST/STM32L4xx/Include -I../../../../../../../Drivers/STM32L4xx_HAL_Driver/Inc -I../../../../../../../Middlewares/ST/STM32_USB_Device_Library/Class/AUDIO/Inc -I../../../../../../../Middlewares/ST/STM32_USB_Device_Library/Core/Inc -I../../../../../../../Drivers/CMSIS/Include -I../../../../../../../Drivers/CMSIS/DSP/Include -I../../../../../../../Drivers/BSP/STWIN -I../../../../../../../Drivers/BSP/Components/Common -O0 -ffunction-sections -Wall -fstack-usage -fcyclomatic-complexity -MMD -MP -MF"Application/User/audio_application.d" -MT"Application/User/audio_application.o" --specs=nano.specs -mfpu=fpv4-sp-d16 -mfloat-abi=softfp -mthumb -o "Application/User/audio_application.o"
arm-none-eabi-gcc -o "OnBoardMics.elf" @"objects.list"  -l:libarm_cortexM4l_math.a -mcpu=cortex-m4 -T"../STM32L4R9ZITx_FLASH.ld" --specs=nosys.specs -Wl,-Map="OnBoardMics.map" -Wl,--gc-sections -static -L../../../../../../../Drivers/CMSIS/DSP/Lib/GCC --specs=nano.specs -mfpu=fpv4-sp-d16 -mfloat-abi=softfp -mthumb -Wl,--start-group -lc -lm -Wl,--end-group
Finished building target: OnBoardMics.elf
 
arm-none-eabi-size   OnBoardMics.elf 
arm-none-eabi-objdump -h -S  OnBoardMics.elf  > "OnBoardMics.list"
arm-none-eabi-objcopy  -O binary  OnBoardMics.elf  "OnBoardMics.bin"
   text	   data	    bss	    dec	    hex	filename
 131376	    304	  21888	 153568	  257e0	OnBoardMics.elf
Finished building: default.size.stdout
 
Finished building: OnBoardMics.bin
 
Finished building: OnBoardMics.list
 
10:40:43 **** Incremental Build of configuration Debug for project OnBoardMics ****
make -j16 all 
arm-none-eabi-size   OnBoardMics.elf 
   text	   data	    bss	    dec	    hex	filename
 131376	    304	  21888	 153568	  257e0	OnBoardMics.elf
Finished building: default.size.stdout
 
10:47:36 **** Incremental Build of configuration Debug for project OnBoardMics ****
make -j16 all 
arm-none-eabi-size   OnBoardMics.elf 
   text	   data	    bss	    dec	    hex	filename
 131376	    304	  21888	 153568	  257e0	OnBoardMics.elf
Finished building: default.size.stdout
 
11:07:34 **** Incremental Build of configuration Debug for project OnBoardMics ****
make -j16 all 
arm-none-eabi-gcc "C:/Users/angel/STM32CubeIDE/STWINK2/x-cube-memsmic1-main (1)/x-cube-memsmic1-main/Projects/STM32L4R9ZI-STWIN/Demonstration/Microphones_Streaming/Src/audio_application.c" -mcpu=cortex-m4 -std=gnu11 -g3 -DUSE_HAL_DRIVER -DSTM32L4R9xx -DUSE_USB_FS -DARM_MATH_CM4 -c -I../../../Inc -I../../../../../../../Drivers/CMSIS/Device/ST/STM32L4xx/Include -I../../../../../../../Drivers/STM32L4xx_HAL_Driver/Inc -I../../../../../../../Middlewares/ST/STM32_USB_Device_Library/Class/AUDIO/Inc -I../../../../../../../Middlewares/ST/STM32_USB_Device_Library/Core/Inc -I../../../../../../../Drivers/CMSIS/Include -I../../../../../../../Drivers/CMSIS/DSP/Include -I../../../../../../../Drivers/BSP/STWIN -I../../../../../../../Drivers/BSP/Components/Common -O0 -ffunction-sections -Wall -fstack-usage -fcyclomatic-complexity -MMD -MP -MF"Application/User/audio_application.d" -MT"Application/User/audio_application.o" --specs=nano.specs -mfpu=fpv4-sp-d16 -mfloat-abi=softfp -mthumb -o "Application/User/audio_application.o"
arm-none-eabi-gcc -o "OnBoardMics.elf" @"objects.list"  -l:libarm_cortexM4l_math.a -mcpu=cortex-m4 -T"../STM32L4R9ZITx_FLASH.ld" --specs=nosys.specs -Wl,-Map="OnBoardMics.map" -Wl,--gc-sections -static -L../../../../../../../Drivers/CMSIS/DSP/Lib/GCC --specs=nano.specs -mfpu=fpv4-sp-d16 -mfloat-abi=softfp -mthumb -Wl,--start-group -lc -lm -Wl,--end-group
Finished building target: OnBoardMics.elf
 
arm-none-eabi-size   OnBoardMics.elf 
arm-none-eabi-objdump -h -S  OnBoardMics.elf  > "OnBoardMics.list"
arm-none-eabi-objcopy  -O binary  OnBoardMics.elf  "OnBoardMics.bin"
   text	   data	    bss	    dec	    hex	filename
 136464	    304	  21888	 158656	  26bc0	OnBoardMics.elf
Finished building: default.size.stdout
 
Finished building: OnBoardMics.bin
 
Finished building: OnBoardMics.list
 
11:07:42 **** Incremental Build of configuration Debug for project OnBoardMics ****
make -j16 all 
arm-none-eabi-size   OnBoardMics.elf 
   text	   data	    bss	    dec	    hex	filename
 136464	    304	  21888	 158656	  26bc0	OnBoardMics.elf
Finished building: default.size.stdout
 
11:11:51 **** Incremental Build of configuration Debug for project OnBoardMics ****
make -j16 all 
arm-none-eabi-gcc "C:/Users/angel/STM32CubeIDE/STWINK2/x-cube-memsmic1-main (1)/x-cube-memsmic1-main/Projects/STM32L4R9ZI-STWIN/Demonstration/Microphones_Streaming/Src/audio_application.c" -mcpu=cortex-m4 -std=gnu11 -g3 -DUSE_HAL_DRIVER -DSTM32L4R9xx -DUSE_USB_FS -DARM_MATH_CM4 -c -I../../../Inc -I../../../../../../../Drivers/CMSIS/Device/ST/STM32L4xx/Include -I../../../../../../../Drivers/STM32L4xx_HAL_Driver/Inc -I../../../../../../../Middlewares/ST/STM32_USB_Device_Library/Class/AUDIO/Inc -I../../../../../../../Middlewares/ST/STM32_USB_Device_Library/Core/Inc -I../../../../../../../Drivers/CMSIS/Include -I../../../../../../../Drivers/CMSIS/DSP/Include -I../../../../../../../Drivers/BSP/STWIN -I../../../../../../../Drivers/BSP/Components/Common -O0 -ffunction-sections -Wall -fstack-usage -fcyclomatic-complexity -MMD -MP -MF"Application/User/audio_application.d" -MT"Application/User/audio_application.o" --specs=nano.specs -mfpu=fpv4-sp-d16 -mfloat-abi=softfp -mthumb -o "Application/User/audio_application.o"
arm-none-eabi-gcc "C:/Users/angel/STM32CubeIDE/STWINK2/x-cube-memsmic1-main (1)/x-cube-memsmic1-main/Projects/STM32L4R9ZI-STWIN/Demonstration/Microphones_Streaming/Src/main.c" -mcpu=cortex-m4 -std=gnu11 -g3 -DUSE_HAL_DRIVER -DSTM32L4R9xx -DUSE_USB_FS -DARM_MATH_CM4 -c -I../../../Inc -I../../../../../../../Drivers/CMSIS/Device/ST/STM32L4xx/Include -I../../../../../../../Drivers/STM32L4xx_HAL_Driver/Inc -I../../../../../../../Middlewares/ST/STM32_USB_Device_Library/Class/AUDIO/Inc -I../../../../../../../Middlewares/ST/STM32_USB_Device_Library/Core/Inc -I../../../../../../../Drivers/CMSIS/Include -I../../../../../../../Drivers/CMSIS/DSP/Include -I../../../../../../../Drivers/BSP/STWIN -I../../../../../../../Drivers/BSP/Components/Common -O0 -ffunction-sections -Wall -fstack-usage -fcyclomatic-complexity -MMD -MP -MF"Application/User/main.d" -MT"Application/User/main.o" --specs=nano.specs -mfpu=fpv4-sp-d16 -mfloat-abi=softfp -mthumb -o "Application/User/main.o"
C:/Users/angel/STM32CubeIDE/STWINK2/x-cube-memsmic1-main (1)/x-cube-memsmic1-main/Projects/STM32L4R9ZI-STWIN/Demonstration/Microphones_Streaming/Src/main.c: In function 'main':
C:/Users/angel/STM32CubeIDE/STWINK2/x-cube-memsmic1-main (1)/x-cube-memsmic1-main/Projects/STM32L4R9ZI-STWIN/Demonstration/Microphones_Streaming/Src/main.c:122:35: error: 'PCM_Buffer' undeclared (first use in this function); did you mean 'ITM_RxBuffer'?
  122 |   WriteDataToFile("pcm_data.txt", PCM_Buffer, BUFFER_SIZE);
      |                                   ^~~~~~~~~~
      |                                   ITM_RxBuffer
C:/Users/angel/STM32CubeIDE/STWINK2/x-cube-memsmic1-main (1)/x-cube-memsmic1-main/Projects/STM32L4R9ZI-STWIN/Demonstration/Microphones_Streaming/Src/main.c:122:35: note: each undeclared identifier is reported only once for each function it appears in
C:/Users/angel/STM32CubeIDE/STWINK2/x-cube-memsmic1-main (1)/x-cube-memsmic1-main/Projects/STM32L4R9ZI-STWIN/Demonstration/Microphones_Streaming/Src/main.c:122:47: error: 'BUFFER_SIZE' undeclared (first use in this function)
  122 |   WriteDataToFile("pcm_data.txt", PCM_Buffer, BUFFER_SIZE);
      |                                               ^~~~~~~~~~~
make: *** [Application/User/subdir.mk:41: Application/User/main.o] Error 1
make: *** Waiting for unfinished jobs....
"make -j16 all" terminated with exit code 2. Build might be incomplete.
11:14:50 **** Incremental Build of configuration Debug for project OnBoardMics ****
make -j16 all 
arm-none-eabi-gcc "C:/Users/angel/STM32CubeIDE/STWINK2/x-cube-memsmic1-main (1)/x-cube-memsmic1-main/Projects/STM32L4R9ZI-STWIN/Demonstration/Microphones_Streaming/Src/main.c" -mcpu=cortex-m4 -std=gnu11 -g3 -DUSE_HAL_DRIVER -DSTM32L4R9xx -DUSE_USB_FS -DARM_MATH_CM4 -c -I../../../Inc -I../../../../../../../Drivers/CMSIS/Device/ST/STM32L4xx/Include -I../../../../../../../Drivers/STM32L4xx_HAL_Driver/Inc -I../../../../../../../Middlewares/ST/STM32_USB_Device_Library/Class/AUDIO/Inc -I../../../../../../../Middlewares/ST/STM32_USB_Device_Library/Core/Inc -I../../../../../../../Drivers/CMSIS/Include -I../../../../../../../Drivers/CMSIS/DSP/Include -I../../../../../../../Drivers/BSP/STWIN -I../../../../../../../Drivers/BSP/Components/Common -O0 -ffunction-sections -Wall -fstack-usage -fcyclomatic-complexity -MMD -MP -MF"Application/User/main.d" -MT"Application/User/main.o" --specs=nano.specs -mfpu=fpv4-sp-d16 -mfloat-abi=softfp -mthumb -o "Application/User/main.o"
arm-none-eabi-gcc -o "OnBoardMics.elf" @"objects.list"  -l:libarm_cortexM4l_math.a -mcpu=cortex-m4 -T"../STM32L4R9ZITx_FLASH.ld" --specs=nosys.specs -Wl,-Map="OnBoardMics.map" -Wl,--gc-sections -static -L../../../../../../../Drivers/CMSIS/DSP/Lib/GCC --specs=nano.specs -mfpu=fpv4-sp-d16 -mfloat-abi=softfp -mthumb -Wl,--start-group -lc -lm -Wl,--end-group
Finished building target: OnBoardMics.elf
 
arm-none-eabi-size   OnBoardMics.elf 
arm-none-eabi-objdump -h -S  OnBoardMics.elf  > "OnBoardMics.list"
arm-none-eabi-objcopy  -O binary  OnBoardMics.elf  "OnBoardMics.bin"
   text	   data	    bss	    dec	    hex	filename
 131376	    304	  21888	 153568	  257e0	OnBoardMics.elf
Finished building: default.size.stdout
 
Finished building: OnBoardMics.bin
 
Finished building: OnBoardMics.list
 
11:15:16 **** Incremental Build of configuration Debug for project OnBoardMics ****
make -j16 all 
arm-none-eabi-size   OnBoardMics.elf 
   text	   data	    bss	    dec	    hex	filename
 131376	    304	  21888	 153568	  257e0	OnBoardMics.elf
Finished building: default.size.stdout
 
11:16:57 **** Incremental Build of configuration Debug for project OnBoardMics ****
make -j16 all 
arm-none-eabi-size   OnBoardMics.elf 
   text	   data	    bss	    dec	    hex	filename
 131376	    304	  21888	 153568	  257e0	OnBoardMics.elf
Finished building: default.size.stdout
 
13:09:16 **** Incremental Build of configuration Debug for project OnBoardMics ****
make -j16 all 
arm-none-eabi-size   OnBoardMics.elf 
   text	   data	    bss	    dec	    hex	filename
 131376	    304	  21888	 153568	  257e0	OnBoardMics.elf
Finished building: default.size.stdout
 
13:13:11 **** Incremental Build of configuration Debug for project OnBoardMics ****
make -j16 all 
arm-none-eabi-size   OnBoardMics.elf 
   text	   data	    bss	    dec	    hex	filename
 131376	    304	  21888	 153568	  257e0	OnBoardMics.elf
Finished building: default.size.stdout
 
